  68
 Etot=         -84.2518776030
 C          7.9187901520        0.2902817328       -1.2821789450
 C          7.9115736470        0.4805814320        0.2301771875
 C          7.0369139499        1.6495215175        0.6876693431
 C          5.5396322348        1.4761533202        0.4248874732
 C          4.9077417969        0.3687677621        1.2678833612
 C          3.3889217898        0.2566866124        1.0718644258
 C          2.8951540708       -0.8381643081        0.0975756744
 C          3.5764469212       -0.7451683848       -1.2738486579
 C          3.2007870495       -2.2193404492        0.6836025807
 C          1.3982217972       -0.6229758700       -0.0853127112
 C          0.4476972254       -1.5471846330        0.3058373185
 C         -0.9117810025       -1.2937902611        0.1447427995
 C         -1.3705756804       -0.0776628845       -0.3652895456
 C         -2.8534463235        0.2129954523       -0.3785711003
 C         -3.2106025621        1.5013363827        0.3739750888
 C         -4.6991837349        1.6647760719        0.4892024047
 C         -5.1584807709        3.0567307709        0.8336072183
 O         -4.6846972362        3.9576075229       -0.1516840759
 C         -5.5521135960        0.6732874384        0.2773011468
 C         -5.1280603870       -0.7324879303       -0.0207104748
 C         -3.6471918423       -0.9120520662        0.2987831081
 C         -3.0600392008       -2.2912775225       -0.0323622365
 C         -3.8046323983       -3.4136300026        0.6925302852
 C         -3.0094130013       -2.5878322949       -1.5348968078
 O         -1.7351269876       -2.3217525342        0.5023393657
 C         -0.4130725125        0.8172671896       -0.8519062725
 C         -0.7793264139        2.0806873749       -1.5786537407
 C          0.9361566688        0.5368953539       -0.6983087958
 H          8.6189888802       -0.4945018836       -1.5605392284
 H          6.9351053965        0.0090697135       -1.6489142655
 H          8.2197364877        1.2100864455       -1.7794588459
 H          7.5813651400       -0.4410389321        0.7123231706
 H          8.9348882703        0.6710970952        0.5638192217
 H          7.1884633343        1.7994541378        1.7599910686
 H          7.3778776920        2.5548508205        0.1785105723
 H          5.3750556847        1.2830155792       -0.6339549505
 H          5.0427187332        2.4203172700        0.6648225157
 H          5.1124600852        0.5876618882        2.3189127279
 H          5.3865100778       -0.5824363616        1.0418109274
 H          2.9169829994        0.0516900843        2.0358907510
 H          3.0116216667        1.2240211930        0.7369185769
 H          3.4869148232        0.2503531205       -1.6981261235
 H          4.6312014018       -0.9956399909       -1.1939979264
 H          3.1113837151       -1.4496384526       -1.9610610491
 H          4.2747608788       -2.3587178360        0.7815242407
 H          2.7569067500       -2.3326892416        1.6694576855
 H          2.8234274089       -3.0029788356        0.0308596521
 H          0.7075919413       -2.4994987591        0.7349084654
 H         -3.2015969259        0.3202414063       -1.4137069331
 H         -2.7613777309        1.4801834942        1.3727586432
 H         -2.8287138931        2.3820742024       -0.1370848014
 H         -4.7542932869        3.3363265070        1.8204002323
 H         -6.2552796227        3.0862989474        0.8882215477
 H         -4.9998851520        4.8419641402        0.0578105643
 H         -6.6188204724        0.8457793058        0.3302353144
 H         -5.7344233226       -1.4196735726        0.5737180909
 H         -5.3251999954       -0.9511928338       -1.0748327166
 H         -3.5239554692       -0.7941561625        1.3832643852
 H         -4.7783988057       -3.5810630946        0.2430632625
 H         -3.9287109620       -3.1672516542        1.7438607368
 H         -3.2210385204       -4.3278684452        0.6224799948
 H         -2.5831678054       -3.5764786129       -1.6900737477
 H         -2.3839568507       -1.8634517743       -2.0500847867
 H         -4.0070893179       -2.5671884322       -1.9633424691
 H         -0.0130662725        2.3121881621       -2.3166553146
 H         -1.7322974472        1.9882913170       -2.0922434568
 H         -0.8358582291        2.9241549433       -0.8909548061
 H          1.6423473756        1.2611508514       -1.0764660499
  68
 Etot=         -84.2518776210
 C          7.9189051554        0.2903830079       -1.2821795158
 C          7.9116568247        0.4805765086        0.2302376805
 C          7.0370703902        1.6495545744        0.6878066070
 C          5.5397522844        1.4762604552        0.4251208818
 C          4.9076976310        0.3688791979        1.2681602897
 C          3.3889404012        0.2565324162        1.0717562384
 C          2.8952121047       -0.8383856247        0.0975428049
 C          3.5763669584       -0.7453118919       -1.2740383751
 C          3.2011110571       -2.2195088986        0.6836656015
 C          1.3982281629       -0.6230766484       -0.0854480346
 C          0.4475642014       -1.5471901002        0.3058031828
 C         -0.9118862812       -1.2937525168        0.1447438893
 C         -1.3706695710       -0.0776165822       -0.3652871972
 C         -2.8534835242        0.2130091131       -0.3785491390
 C         -3.2106762450        1.5013307979        0.3739520606
 C         -4.6992618513        1.6648466153        0.4892660924
 C         -5.1585366771        3.0567537212        0.8335532743
 O         -4.6847043055        3.9577125628       -0.1516437669
 C         -5.5521748318        0.6733300013        0.2773491235
 C         -5.1281220400       -0.7324853704       -0.0206460179
 C         -3.6472212878       -0.9120568571        0.2987724691
 C         -3.0600692001       -2.2912901162       -0.0324377824
 C         -3.8046477019       -3.4136430308        0.6924588726
 C         -3.0093822115       -2.5878363868       -1.5349254614
 O         -1.7351843431       -2.3217126192        0.5023284709
 C         -0.4131205134        0.8173011630       -0.8518772108
 C         -0.7793016884        2.0807044527       -1.5786265555
 C          0.9360964157        0.5369023597       -0.6983053518
 H          8.6191758118       -0.4942591351       -1.5606712498
 H          6.9352445643        0.0089794801       -1.6488140641
 H          8.2197239568        1.2102339553       -1.7795440519
 H          7.5812726896       -0.4410590495        0.7121427629
 H          8.9349170328        0.6707075932        0.5640650080
 H          7.1888796591        1.7998495651        1.7599835264
 H          7.3777848923        2.5548216812        0.1784008984
 H          5.3753022898        1.2827943700       -0.6337278995
 H          5.0428128695        2.4203684189        0.6647949042
 H          5.1124278778        0.5877363736        2.3191834701
 H          5.3865255427       -0.5821965205        1.0416499976
 H          2.9168302473        0.0519450407        2.0358482932
 H          3.0118227478        1.2237997349        0.7363895161
 H          3.4867144179        0.2504224187       -1.6980154462
 H          4.6312104334       -0.9954761842       -1.1943154897
 H          3.1112319750       -1.4496787996       -1.9613423426
 H          4.2750025172       -2.3591963040        0.7814489186
 H          2.7570093078       -2.3327727004        1.6694547211
 H          2.8236395177       -3.0031796989        0.0312598710
 H          0.7074465100       -2.4994221515        0.7350511169
 H         -3.2017344907        0.3202729015       -1.4136548398
 H         -2.7614471589        1.4802473991        1.3727179947
 H         -2.8287924318        2.3819098409       -0.1372461747
 H         -4.7544145715        3.3362934875        1.8204183409
 H         -6.2553452616        3.0863654413        0.8881638236
 H         -4.9999099213        4.8420643016        0.0578296785
 H         -6.6189123378        0.8457931688        0.3301967750
 H         -5.7344680908       -1.4195468701        0.5738601368
 H         -5.3253345613       -0.9513413953       -1.0747282413
 H         -3.5239236127       -0.7942177571        1.3832165143
 H         -4.7783979246       -3.5811754588        0.2429866850
 H         -3.9287921394       -3.1671262411        1.7437714638
 H         -3.2210870561       -4.3279328647        0.6225830799
 H         -2.5830327623       -3.5764256652       -1.6901752191
 H         -2.3839587536       -1.8634049865       -2.0500960979
 H         -4.0071063483       -2.5672843297       -1.9632725980
 H         -0.0130526392        2.3121452906       -2.3165857057
 H         -1.7323742049        1.9882778089       -2.0921191639
 H         -0.8358422161        2.9243190567       -0.8910875345
 H          1.6422646222        1.2612010227       -1.0762542152
