  53
 Etot=         -68.4446426004
 C          3.6870270707       -2.0183514904       -1.8778050721
 C          3.8034712081       -0.5557748951       -1.4670420095
 C          4.7614243516       -0.3771347407       -0.2896733010
 C          4.7875407958        1.0531661450        0.2597172251
 C          3.7843829790        1.2890701837        1.3996876995
 C          2.3659004307        1.0479781084        0.9741665643
 C          1.7012603300        1.9862534312        0.1939585880
 C          0.4081067028        1.7526010966       -0.2462101634
 C         -0.2617002208        0.5738051530        0.0910104243
 C         -1.6799485061        0.3308771831       -0.3440539901
 C         -2.6282821714        1.4491947491       -0.0142308463
 C         -3.9214676284        1.2439646358       -0.2260573741
 C         -4.3263492903       -0.0599871116       -0.8561093519
 C         -3.6219179777       -1.2720070544       -0.2102727592
 C         -2.2496701098       -0.9089988690        0.3667531772
 C         -1.2159050817       -2.0465934953        0.3797212005
 O         -0.0877286136       -1.6033106247        1.1424183523
 C          0.4286376487       -0.3845053493        0.8315266845
 C          1.7208044135       -0.1331346599        1.2884675560
 C         -1.7461157556       -3.2681818989        1.1313223722
 C         -0.7350685221       -2.4521645946       -1.0175244727
 C         -4.9974848890        2.2317110034        0.0926875199
 O         -0.2390459175        2.6597562560       -1.0366190771
 H          3.0282293173       -2.1242513169       -2.7368510124
 H          4.6621911087       -2.4238433304       -2.1404718452
 H          3.2792021276       -2.6073952799       -1.0592963899
 H          4.1644520411        0.0330793279       -2.3142776390
 H          2.8160431511       -0.1815739726       -1.1968856161
 H          5.7657159653       -0.6561389548       -0.6188155409
 H          4.4781239974       -1.0641953937        0.5095119100
 H          5.7850108180        1.2740290641        0.6470367123
 H          4.5869286245        1.7547985684       -0.5524015464
 H          4.0328648229        0.6264092510        2.2304682111
 H          3.8914269392        2.3204831569        1.7454764727
 H          2.1987840387        2.9073476840       -0.0818823403
 H         -1.7007153521        0.1699444305       -1.4312528744
 H         -2.2464831852        2.3519341673        0.4313482453
 H         -5.4075442347       -0.1941588739       -0.8047172226
 H         -4.0523225271       -0.0216273839       -1.9155489852
 H         -3.5240538491       -2.0556257527       -0.9629067576
 H         -4.2493165318       -1.6657476221        0.5903522279
 H         -2.3827417354       -0.6238310750        1.4185279321
 H          2.2078967521       -0.8958380023        1.8748755859
 H         -2.1244613727       -2.9718344669        2.1061148259
 H         -2.5413457533       -3.7472955308        0.5691867852
 H         -0.9365974577       -3.9781126637        1.2795502646
 H         -1.5714658057       -2.7361662495       -1.6492504906
 H         -0.1956948100       -1.6341897848       -1.4883458188
 H         -0.0578565401       -3.2990689021       -0.9326496213
 H         -4.5749430468        3.1438690602        0.5057162319
 H         -5.5609879101        2.4818834545       -0.8063176331
 H         -5.6961458338        1.8097747302        0.8155315684
 H          0.3424891414        3.4130797332       -1.1931001871
  53
 Etot=         -68.4446425838
 C          3.6872051124       -2.0183841927       -1.8778882769
 C          3.8033893620       -0.5558154706       -1.4671117646
 C          4.7613494477       -0.3772127002       -0.2896588104
 C          4.7879291602        1.0531141513        0.2599531480
 C          3.7845263329        1.2890319756        1.3998165640
 C          2.3659731205        1.0478945452        0.9740509294
 C          1.7013161009        1.9862506218        0.1938187769
 C          0.4079428337        1.7527622430       -0.2460242767
 C         -0.2618902140        0.5738703231        0.0909943962
 C         -1.6799941762        0.3308812873       -0.3441073614
 C         -2.6284969194        1.4491359875       -0.0142391634
 C         -3.9216628622        1.2439717745       -0.2261735359
 C         -4.3262476101       -0.0602147671       -0.8561210685
 C         -3.6218435467       -1.2721331746       -0.2099428897
 C         -2.2495707213       -0.9088698690        0.3667707568
 C         -1.2157768246       -2.0466895689        0.3797645391
 O         -0.0876025247       -1.6032042140        1.1424345271
 C          0.4285547492       -0.3844801188        0.8313983081
 C          1.7208137828       -0.1331281509        1.2884434287
 C         -1.7460302693       -3.2682271450        1.1313484598
 C         -0.7352099385       -2.4521809885       -1.0175043373
 C         -4.9975636930        2.2317646812        0.0926340937
 O         -0.2389627593        2.6598672083       -1.0365163480
 H          3.0284130737       -2.1240328263       -2.7369262759
 H          4.6625347665       -2.4236896665       -2.1404434651
 H          3.2792529122       -2.6072067092       -1.0592965129
 H          4.1640065771        0.0331130573       -2.3143811328
 H          2.8158526150       -0.1819567396       -1.1966054667
 H          5.7655938068       -0.6564130398       -0.6185947443
 H          4.4776836400       -1.0645119045        0.5092378683
 H          5.7856200502        1.2745494604        0.6464208879
 H          4.5864125106        1.7545707825       -0.5520678494
 H          4.0326281357        0.6264545177        2.2307034748
 H          3.8915332876        2.3204158090        1.7456494986
 H          2.1989624109        2.9073478546       -0.0820171984
 H         -1.7012970272        0.1696816155       -1.4310893707
 H         -2.2464854183        2.3518680183        0.4312145718
 H         -5.4074550495       -0.1943210105       -0.8051117089
 H         -4.0517636826       -0.0214756000       -1.9154259319
 H         -3.5239537757       -2.0552192108       -0.9630850965
 H         -4.2490904534       -1.6664515794        0.5906951924
 H         -2.3830235221       -0.6233443827        1.4183460397
 H          2.2080927247       -0.8957009726        1.8746831359
 H         -2.1247385651       -2.9716541762        2.1058599276
 H         -2.5411358932       -3.7473711876        0.5689010253
 H         -0.9365880065       -3.9781575829        1.2801092438
 H         -1.5714295148       -2.7359378964       -1.6495420478
 H         -0.1956563903       -1.6339148983       -1.4878327199
 H         -0.0583662235       -3.2993609524       -0.9330273733
 H         -4.5748089649        3.1441325682        0.5051046825
 H         -5.5614493629        2.4815326420       -0.8061957019
 H         -5.6957265895        1.8099719727        0.8160885256
 H          0.3427881322        3.4130488323       -1.1929471739
  53
 Etot=         -68.4446428026
 C          3.6872411952       -2.0183772346       -1.8779309697
 C          3.8034081662       -0.5557930693       -1.4670951857
 C          4.7613336568       -0.3772532614       -0.2896285240
 C          4.7876409174        1.0531142795        0.2597859112
 C          3.7845025372        1.2890090327        1.3998436892
 C          2.3659600358        1.0479222450        0.9740950802
 C          1.7013213555        1.9862575081        0.1938511021
 C          0.4080262353        1.7527130514       -0.2461202432
 C         -0.2618341250        0.5738534304        0.0909551222
 C         -1.6799592898        0.3308483054       -0.3441096130
 C         -2.6284289377        1.4491603796       -0.0142849188
 C         -3.9216108705        1.2439760726       -0.2261301722
 C         -4.3262644485       -0.0601796419       -0.8561108115
 C         -3.6217972365       -1.2721310943       -0.2101337577
 C         -2.2496091807       -0.9088933594        0.3668193678
 C         -1.2158157220       -2.0466691741        0.3798071353
 O         -0.0875837233       -1.6032254487        1.1424086360
 C          0.4285701144       -0.3844786687        0.8313985293
 C          1.7208198875       -0.1331292426        1.2884218076
 C         -1.7460920365       -3.2681701047        1.1314341358
 C         -0.7351694679       -2.4520598807       -1.0174739012
 C         -4.9975502840        2.2317386091        0.0926827809
 O         -0.2389395086        2.6599054803       -1.0364889690
 H          3.0285441018       -2.1241339427       -2.7370306281
 H          4.6625522337       -2.4236777700       -2.1404445826
 H          3.2793109104       -2.6073359080       -1.0594319924
 H          4.1640569289        0.0332211027       -2.3142986318
 H          2.8158700547       -0.1819483005       -1.1966444130
 H          5.7656090921       -0.6564816030       -0.6185036761
 H          4.4776032442       -1.0644244716        0.5093460843
 H          5.7852780798        1.2744272898        0.6463920489
 H          4.5862696904        1.7545827464       -0.5522895575
 H          4.0326695071        0.6263700095        2.2306887776
 H          3.8915263925        2.3203986403        1.7456683292
 H          2.1989363526        2.9073538552       -0.0819626862
 H         -1.7011660855        0.1697277613       -1.4311469728
 H         -2.2464024277        2.3518794918        0.4311735020
 H         -5.4074639478       -0.1943649970       -0.8051123944
 H         -4.0517476888       -0.0215986651       -1.9154056050
 H         -3.5239018468       -2.0553804783       -0.9631281692
 H         -4.2491005813       -1.6662922456        0.5904657586
 H         -2.3829408866       -0.6235214907        1.4184682600
 H          2.2080608786       -0.8957002319        1.8747368831
 H         -2.1249198122       -2.9716618801        2.1059410249
 H         -2.5410560233       -3.7474228816        0.5689268728
 H         -0.9366011538       -3.9780281933        1.2802117758
 H         -1.5714781797       -2.7356038856       -1.6495060891
 H         -0.1954709931       -1.6339398963       -1.4878311178
 H         -0.0584058654       -3.2993264555       -0.9330088845
 H         -4.5747960786        3.1441986817        0.5049122477
 H         -5.5616445694        2.4813196751       -0.8060738883
 H         -5.6955951760        1.8100805359        0.8163146139
 H          0.3427887254        3.4131165268       -1.1928587229
