  58
 Etot=         -82.2358214091
 C         -4.9317174562        1.1658629388       -1.0053732372
 C         -4.5032937519       -0.2354431978       -1.4393179558
 C         -5.1769520906       -1.2768129752       -0.5473774713
 C         -4.7634545807       -1.0434065772        0.9046896475
 C         -5.1921999623        0.3570297796        1.3413474137
 C         -4.5163504277        1.3953430591        0.4468842570
 C         -2.9977477220        1.2664636798        0.5710504510
 C         -2.5669105995       -0.1341645966        0.1362411432
 C         -2.9865386071       -0.3668921399       -1.3194976039
 C         -3.2474319950       -1.1769889823        1.0301195327
 N         -1.1185831779       -0.2294652020        0.2628737315
 C         -0.3728297819       -1.3158675890       -0.0261713696
 O         -0.8094810646       -2.3764100257       -0.4405640209
 C          1.0685412626       -1.0914969896        0.2047006970
 N          1.5469695353        0.0590756184        0.6440880565
 N          2.8727882253       -0.0516376432        0.7426373602
 C          3.2958109873       -1.2861383641        0.3565584229
 C          4.5639032426       -1.8595096097        0.2905759802
 C          4.6367075930       -3.1620843605       -0.1442525622
 C          3.4921511790       -3.8882741993       -0.5059243328
 C          2.2372046580       -3.3335532728       -0.4409128679
 C          2.1349701351       -2.0124149434       -0.0034217777
 C          3.6686216805        1.0795400180        1.1245116782
 C          4.3099326345        1.7690896906       -0.0876251088
 C          3.3068808201        2.1267238400       -1.1875309427
 C          2.1343459408        2.9944640404       -0.7332737153
 C          2.5738448954        4.3455877268       -0.1879290538
 F          1.4710322112        5.1257668707        0.0721474581
 H         -6.0146619559        1.2706924898       -1.1015377856
 H         -4.4646965419        1.9149719487       -1.6491350072
 H         -4.7978676518       -0.4008429920       -2.4816684798
 H         -4.8780851498       -2.2792224373       -0.8595957217
 H         -6.2628272820       -1.2026467837       -0.6423775766
 H         -5.2449899684       -1.7893539198        1.5468030398
 H         -6.2776047447        0.4545756523        1.2667387953
 H         -4.9122378430        0.5245908876        2.3839072051
 H         -4.8184170174        2.4013573355        0.7599369209
 H         -2.6935994038        1.4402796826        1.6064539376
 H         -2.5084606697        2.0147266018       -0.0577185707
 H         -2.6648630893       -1.3625825314       -1.6257983626
 H         -2.4899871334        0.3646285579       -1.9620276067
 H         -2.9369053404       -1.0250477847        2.0670279549
 H         -2.9256146837       -2.1718113202        0.7213272592
 H         -0.6171159952        0.5764999711        0.6037882434
 H          5.4491261438       -1.3084149452        0.5703387192
 H          5.6012716306       -3.6438741243       -0.2105931343
 H          3.6114195461       -4.9079291655       -0.8407367360
 H          1.3471882228       -3.8776018753       -0.7121578917
 H          4.4512844455        0.7473387625        1.8134845788
 H          3.0080275386        1.7691304554        1.6527079344
 H          4.8265745750        2.6643177963        0.2606637434
 H          5.0583114001        1.1006944690       -0.5188816103
 H          2.8988048933        1.2045761293       -1.6061708049
 H          3.8461589826        2.6381971903       -1.9880712832
 H          1.4803803549        3.1733148892       -1.5895357644
 H          1.5488931540        2.4667644828        0.0205740285
 H          3.1160938931        4.2593282370        0.7588937394
 H          3.1808429572        4.8947151205       -0.9160722243
  58
 Etot=         -82.2358215405
 C         -4.9316808656        1.1658946009       -1.0054095150
 C         -4.5033105677       -0.2354023175       -1.4393214058
 C         -5.1769847305       -1.2768138716       -0.5473449722
 C         -4.7634900517       -1.0433667516        0.9047364093
 C         -5.1921175755        0.3570267388        1.3413035810
 C         -4.5161860050        1.3953058730        0.4469891001
 C         -2.9977884566        1.2665105594        0.5710998961
 C         -2.5668133867       -0.1342492354        0.1362621954
 C         -2.9865810739       -0.3668932389       -1.3195267463
 C         -3.2473878536       -1.1770325940        1.0301453092
 N         -1.1186303357       -0.2295126763        0.2629788035
 C         -0.3727719874       -1.3158168379       -0.0263597317
 O         -0.8094233520       -2.3763782827       -0.4406720171
 C          1.0685125446       -1.0914843510        0.2047427526
 N          1.5469840513        0.0590807702        0.6440974137
 N          2.8727996695       -0.0516873691        0.7426383454
 C          3.2957652177       -1.2861646210        0.3565057348
 C          4.5638402617       -1.8594575233        0.2903246126
 C          4.6366666456       -3.1621262291       -0.1442817068
 C          3.4921533657       -3.8881864477       -0.5062454745
 C          2.2372008786       -3.3333449345       -0.4413586056
 C          2.1349741441       -2.0123745405       -0.0035209871
 C          3.6686120157        1.0795263436        1.1245224872
 C          4.3099621152        1.7691016421       -0.0875806485
 C          3.3068459225        2.1267415036       -1.1875526162
 C          2.1343331255        2.9944732022       -0.7332784761
 C          2.5737986287        4.3456257019       -0.1879352062
 F          1.4710230786        5.1257087782        0.0723351709
 H         -6.0146472223        1.2708322470       -1.1014315180
 H         -4.4645659137        1.9148475021       -1.6490582791
 H         -4.7977919610       -0.4008989104       -2.4816137197
 H         -4.8780778050       -2.2791040867       -0.8596347347
 H         -6.2628255083       -1.2027235179       -0.6423195041
 H         -5.2450173816       -1.7893391438        1.5466973128
 H         -6.2774020103        0.4546274487        1.2664853054
 H         -4.9122687401        0.5245560345        2.3840284909
 H         -4.8186342925        2.4012320753        0.7600057911
 H         -2.6937340148        1.4401255843        1.6065148775
 H         -2.5083604896        2.0146335573       -0.0577205907
 H         -2.6648540190       -1.3625402879       -1.6257229520
 H         -2.4899549930        0.3645804546       -1.9620047777
 H         -2.9370179602       -1.0250368767        2.0669434225
 H         -2.9255422623       -2.1718904568        0.7214153850
 H         -0.6170825595        0.5766500088        0.6035051719
 H          5.4490468497       -1.3084743954        0.5702454108
 H          5.6011727020       -3.6440762330       -0.2101651001
 H          3.6113220204       -4.9080864141       -0.8402911682
 H          1.3470925766       -3.8775935617       -0.7118530351
 H          4.4513277010        0.7473427310        1.8134390477
 H          3.0080565459        1.7691980709        1.6527030136
 H          4.8264228864        2.6643901352        0.2607615780
 H          5.0583887820        1.1009103831       -0.5188476513
 H          2.8988396385        1.2045368527       -1.6060849422
 H          3.8461781627        2.6381642328       -1.9880452934
 H          1.4804353253        3.1733760279       -1.5895846034
 H          1.5488895695        2.4667452339        0.0205706318
 H          3.1162189720        4.2593176875        0.7587907668
 H          3.1807370284        4.8947530990       -0.9162006893
