    -82.238025619148    -82.238025619148         0.13733E-03
    -82.238025609104    -82.238025609104         0.14137E-03
    -82.238024757244    -82.238024757244         0.12322E-03
    -82.238025173613    -82.238025173613         0.15321E-03
    -82.238024825983    -82.238024825983         0.11094E-03
    -82.238025625444    -82.238025625444         0.16329E-03
    -82.237803687139    -82.237803687139         0.18724E-03
    -82.237803483954    -82.237803483954         0.18869E-03
    -82.237803713384    -82.237803713384         0.18646E-03
    -82.237803311577    -82.237803311577         0.14364E-03
    -82.237803724116    -82.237803724116         0.15314E-03
    -82.237802528494    -82.237802528494         0.12735E-03
    -82.237155196814    -82.237155196814         0.17619E-03
    -82.237153741400    -82.237153741400         0.14858E-03
    -82.237151787517    -82.237151787517         0.19527E-03
    -82.237154996246    -82.237154996246         0.11599E-03
    -82.237153290724    -82.237153290724         0.11977E-03
    -82.237153988450    -82.237153988450         0.97859E-04
    -82.237154097846    -82.237154097846         0.11607E-03
    -82.237152116616    -82.237152116616         0.12064E-03
    -82.237154199855    -82.237154199855         0.14261E-03
    -82.237144899477    -82.237144899477         0.12930E-03
    -82.237044010132    -82.237044010132         0.15185E-03
    -82.237044276966    -82.237044276966         0.16216E-03
    -82.237043925060    -82.237043925060         0.13607E-03
    -82.237043531479    -82.237043531479         0.15196E-03
    -82.237043651759    -82.237043651759         0.19439E-03
    -82.237012762882    -82.237012762882         0.12146E-03
    -82.237012771229    -82.237012771229         0.17284E-03
    -82.237012276742    -82.237012276742         0.95116E-04
    -82.237042014766    -82.237042014766         0.11090E-03
    -82.237011274734    -82.237011274734         0.14102E-03
    -82.237012824857    -82.237012824857         0.93735E-04
    -82.237004578826    -82.237004578826         0.14600E-03
    -82.236996643707    -82.236996643707         0.12684E-03
    -82.236742493746    -82.236742493746         0.17191E-03
    -82.236743141524    -82.236743141524         0.11302E-03
    -82.236742194887    -82.236742194887         0.13377E-03
    -82.236742908285    -82.236742908285         0.80025E-04
    -82.236739053415    -82.236739053415         0.18542E-03
    -82.236994643433    -82.236994643433         0.15873E-03
    -82.236731210342    -82.236731210342         0.63809E-04
    -82.236729580389    -82.236729580389         0.18214E-03
    -82.236741711419    -82.236741711419         0.68533E-04
    -82.236731529335    -82.236731529335         0.79786E-04
    -82.236730172047    -82.236730172047         0.15071E-03
    -82.236741515998    -82.236741515998         0.18186E-03
    -82.236731229586    -82.236731229586         0.15161E-03
    -82.236731288234    -82.236731288234         0.88261E-04
    -82.236742057530    -82.236742057530         0.13161E-03
    -82.237044223700    -82.237044223700         0.14508E-03
    -82.236738788621    -82.236738788621         0.33069E-04
    -82.236735928325    -82.236735928325         0.63122E-04
    -82.236619671107    -82.236619671107         0.88768E-04
    -82.236618047824    -82.236618047824         0.16506E-03
    -82.236619713705    -82.236619713705         0.10561E-03
    -82.236728765986    -82.236728765986         0.78742E-04
    -82.236617111625    -82.236617111625         0.19467E-03
    -82.236619407331    -82.236619407331         0.11305E-03
    -82.236494997467    -82.236494997467         0.10959E-03
    -82.236495004482    -82.236495004482         0.15725E-03
    -82.236494333502    -82.236494333502         0.10229E-03
    -82.236615417630    -82.236615417630         0.16728E-03
    -82.236495381612    -82.236495381612         0.16866E-03
    -82.236493251464    -82.236493251464         0.13792E-03
    -82.236481666845    -82.236481666845         0.16237E-03
    -82.236494107252    -82.236494107252         0.15168E-03
    -82.236482057290    -82.236482057290         0.19769E-03
    -82.236483605791    -82.236483605791         0.98061E-04
    -82.236483494170    -82.236483494170         0.78056E-04
    -82.236482885459    -82.236482885459         0.11345E-03
    -82.236482629020    -82.236482629020         0.13226E-03
    -82.236480568128    -82.236480568128         0.67633E-04
    -82.236430861667    -82.236430861667         0.10266E-03
    -82.236471086352    -82.236471086352         0.12373E-03
    -82.236430137917    -82.236430137917         0.14749E-03
    -82.236430196314    -82.236430196314         0.14375E-03
    -82.236428125434    -82.236428125434         0.19012E-03
    -82.236425959316    -82.236425959316         0.14980E-03
    -82.236430229892    -82.236430229892         0.12313E-03
    -82.236429076515    -82.236429076515         0.10787E-03
    -82.236456274521    -82.236456274521         0.12036E-03
    -82.236342320114    -82.236342320114         0.15460E-03
    -82.236428779952    -82.236428779952         0.16640E-03
    -82.236324324104    -82.236324324104         0.13858E-03
    -82.236341477954    -82.236341477954         0.14165E-03
    -82.236323067059    -82.236323067059         0.17993E-03
    -82.236341707419    -82.236341707419         0.11100E-03
    -82.236324311386    -82.236324311386         0.17283E-03
    -82.236324611394    -82.236324611394         0.17291E-03
    -82.236323826484    -82.236323826484         0.96502E-04
    -82.236323677499    -82.236323677499         0.97349E-04
    -82.236322274735    -82.236322274735         0.19561E-03
    -82.236323588493    -82.236323588493         0.12467E-03
    -82.236322971495    -82.236322971495         0.19083E-03
    -82.236340483340    -82.236340483340         0.57850E-04
    -82.236323308222    -82.236323308222         0.80940E-04
    -82.236334000487    -82.236334000487         0.19020E-03
    -82.236310737303    -82.236310737303         0.15295E-03
    -82.236323311571    -82.236323311571         0.15970E-03
    -82.236323782674    -82.236323782674         0.16527E-03
    -82.236309163246    -82.236309163246         0.17622E-03
    -82.236310465038    -82.236310465038         0.13844E-03
    -82.236327314319    -82.236327314319         0.42939E-04
    -82.236340172804    -82.236340172804         0.74220E-04
    -82.236323026394    -82.236323026394         0.13325E-03
    -82.236340635045    -82.236340635045         0.17510E-03
    -82.236306263746    -82.236306263746         0.13270E-03
    -82.236310960913    -82.236310960913         0.97851E-04
    -82.236306043997    -82.236306043997         0.68210E-04
    -82.236308604067    -82.236308604067         0.58187E-04
    -82.236323737007    -82.236323737007         0.89695E-04
    -82.236301555882    -82.236301555882         0.41179E-04
    -82.236313320265    -82.236313320265         0.68191E-04
    -82.236303754923    -82.236303754923         0.19030E-03
    -82.236296828875    -82.236296828875         0.80345E-04
    -82.236304039520    -82.236304039520         0.14609E-03
    -82.236257169007    -82.236257169007         0.16277E-03
    -82.236339116473    -82.236339116473         0.36476E-04
    -82.236257132724    -82.236257132724         0.13922E-03
    -82.236254919799    -82.236254919799         0.16316E-03
    -82.236256723411    -82.236256723411         0.84501E-04
    -82.236256585150    -82.236256585150         0.17335E-03
    -82.236256689046    -82.236256689046         0.17549E-03
    -82.236254613135    -82.236254613135         0.14985E-03
    -82.236254949495    -82.236254949495         0.18110E-03
    -82.236252658606    -82.236252658606         0.18650E-03
    -82.236254925178    -82.236254925178         0.19062E-03
    -82.236249722970    -82.236249722970         0.11378E-03
    -82.236256299986    -82.236256299986         0.12476E-03
    -82.236249045388    -82.236249045388         0.15975E-03
    -82.236255095720    -82.236255095720         0.87483E-04
    -82.236248903392    -82.236248903392         0.18738E-03
    -82.236299806627    -82.236299806627         0.67991E-04
    -82.236250105276    -82.236250105276         0.18381E-03
    -82.236247339858    -82.236247339858         0.17467E-03
    -82.236248535638    -82.236248535638         0.18460E-03
    -82.236248225344    -82.236248225344         0.77279E-04
    -82.236252547770    -82.236252547770         0.63023E-04
    -82.236323374362    -82.236323374362         0.10210E-03
    -82.236240345010    -82.236240345010         0.10991E-03
    -82.236322954801    -82.236322954801         0.19282E-03
    -82.236248788481    -82.236248788481         0.11817E-03
    -82.236323277381    -82.236323277381         0.14521E-03
    -82.236245239046    -82.236245239046         0.18142E-03
    -82.236064351493    -82.236064351493         0.14690E-03
    -82.236064662541    -82.236064662541         0.14071E-03
    -82.236049027591    -82.236049027591         0.19053E-03
    -82.236322792938    -82.236322792938         0.65790E-04
    -82.236064111808    -82.236064111808         0.11955E-03
    -82.236049071626    -82.236049071626         0.10592E-03
    -82.236047514808    -82.236047514808         0.15665E-03
    -82.236047518796    -82.236047518796         0.12256E-03
    -82.236048539787    -82.236048539787         0.17146E-03
    -82.236062219611    -82.236062219611         0.12347E-03
    -82.236064467239    -82.236064467239         0.19944E-03
    -82.236324221238    -82.236324221238         0.17945E-03
    -82.236095161766    -82.236095161766         0.88762E-04
    -82.236094106404    -82.236094106404         0.60610E-04
    -82.236063972859    -82.236063972859         0.15373E-03
    -82.236066838104    -82.236066838104         0.86008E-04
    -82.236113009197    -82.236113009197         0.59270E-04
    -82.236319007243    -82.236319007243         0.82431E-04
    -82.235911160158    -82.235911160158         0.10384E-03
    -82.235910802285    -82.235910802285         0.14642E-03
    -82.236063143219    -82.236063143219         0.86562E-04
    -82.235910448899    -82.235910448899         0.10728E-03
    -82.235910843200    -82.235910843200         0.11145E-03
    -82.235909448967    -82.235909448967         0.22176E-04
    -82.235908425877    -82.235908425877         0.19963E-03
    -82.235905254677    -82.235905254677         0.13363E-03
    -82.235911005693    -82.235911005693         0.13550E-03
    -82.236322917185    -82.236322917185         0.14468E-03
    -82.235820819717    -82.235820819717         0.17313E-03
    -82.235820868374    -82.235820868374         0.11727E-03
    -82.235820433139    -82.235820433139         0.94911E-04
    -82.235819527254    -82.235819527254         0.14637E-03
    -82.235819479905    -82.235819479905         0.10106E-03
    -82.235810411834    -82.235810411834         0.77852E-04
    -82.235820954842    -82.235820954842         0.15508E-03
    -82.235806235277    -82.235806235277         0.19875E-03
    -82.235807344043    -82.235807344043         0.17478E-03
    -82.235841405398    -82.235841405398         0.15234E-03
    -82.235806980510    -82.235806980510         0.18689E-03
    -82.235784796746    -82.235784796746         0.10516E-03
    -82.235808096205    -82.235808096205         0.13511E-03
    -82.235782965075    -82.235782965075         0.11482E-03
    -82.235784910542    -82.235784910542         0.17550E-03
    -82.235805092037    -82.235805092037         0.24993E-04
    -82.235786081442    -82.235786081442         0.12125E-03
    -82.235846792176    -82.235846792176         0.17479E-03
    -82.235802195872    -82.235802195872         0.33608E-04
    -82.235783602866    -82.235783602866         0.19603E-03
    -82.235791799214    -82.235791799214         0.45974E-04
    -82.235803459799    -82.235803459799         0.19878E-03
    -82.235793065095    -82.235793065095         0.75617E-04
    -82.235783993843    -82.235783993843         0.15422E-03
    -82.235751613830    -82.235751613830         0.10440E-03
    -82.235809306870    -82.235809306870         0.12838E-03
    -82.235751654071    -82.235751654071         0.91317E-04
    -82.235739748037    -82.235739748037         0.12586E-03
    -82.235740174415    -82.235740174415         0.10646E-03
    -82.235744638844    -82.235744638844         0.12150E-03
    -82.235794351328    -82.235794351328         0.57760E-04
    -82.235745350373    -82.235745350373         0.19487E-03
    -82.235746407216    -82.235746407216         0.15697E-03
    -82.235748961323    -82.235748961323         0.15608E-03
    -82.235738068517    -82.235738068517         0.14583E-03
    -82.235738087204    -82.235738087204         0.12139E-03
    -82.235746685893    -82.235746685893         0.59387E-04
    -82.235738672457    -82.235738672457         0.14210E-03
    -82.235805854390    -82.235805854390         0.94597E-04
    -82.235747758932    -82.235747758932         0.36308E-04
    -82.235737032326    -82.235737032326         0.99486E-04
    -82.235742106816    -82.235742106816         0.19070E-03
    -82.235748640280    -82.235748640280         0.19880E-03
    -82.235735062556    -82.235735062556         0.18291E-03
    -82.235736098694    -82.235736098694         0.13309E-03
    -82.235721286204    -82.235721286204         0.76543E-04
    -82.235706548642    -82.235706548642         0.13745E-03
    -82.235750174226    -82.235750174226         0.15507E-03
    -82.235706071228    -82.235706071228         0.13637E-03
    -82.235703891638    -82.235703891638         0.13137E-03
    -82.235682511609    -82.235682511609         0.10858E-03
    -82.235704656897    -82.235704656897         0.13388E-03
    -82.235679424494    -82.235679424494         0.16015E-03
    -82.235683440937    -82.235683440937         0.12617E-03
    -82.235681010670    -82.235681010670         0.11952E-03
    -82.235676560108    -82.235676560108         0.12527E-03
    -82.235700630373    -82.235700630373         0.10217E-03
    -82.235677281545    -82.235677281545         0.18912E-03
    -82.235682732193    -82.235682732193         0.17753E-03
    -82.235683695348    -82.235683695348         0.11628E-03
    -82.235676310295    -82.235676310295         0.91819E-04
    -82.235681249770    -82.235681249770         0.19452E-03
    -82.235696764843    -82.235696764843         0.11581E-03
    -82.235684018868    -82.235684018868         0.93088E-04
    -82.235676906960    -82.235676906960         0.88757E-04
    -82.235676927548    -82.235676927548         0.18669E-03
    -82.235682785952    -82.235682785952         0.19471E-03
    -82.235702623121    -82.235702623121         0.77148E-04
    -82.235704127376    -82.235704127376         0.15513E-03
    -82.235684639445    -82.235684639445         0.13417E-03
    -82.235669272109    -82.235669272109         0.19744E-03
    -82.235700299064    -82.235700299064         0.12037E-03
    -82.235654424132    -82.235654424132         0.87099E-04
    -82.235653683205    -82.235653683205         0.16673E-03
    -82.235651229114    -82.235651229114         0.17702E-03
    -82.235649744286    -82.235649744286         0.84064E-04
    -82.235652621486    -82.235652621486         0.54634E-04
    -82.235661898226    -82.235661898226         0.11525E-03
    -82.235696805380    -82.235696805380         0.38757E-04
    -82.235654364603    -82.235654364603         0.10924E-03
    -82.235652543936    -82.235652543936         0.10770E-03
    -82.235652273409    -82.235652273409         0.19269E-03
    -82.235590960003    -82.235590960003         0.16946E-03
    -82.235649114638    -82.235649114638         0.17082E-03
    -82.235591264546    -82.235591264546         0.12729E-03
    -82.235593813314    -82.235593813314         0.11017E-03
    -82.235588784588    -82.235588784588         0.68881E-04
    -82.235649990501    -82.235649990501         0.12708E-03
    -82.235564299775    -82.235564299775         0.10535E-03
    -82.235564057895    -82.235564057895         0.13509E-03
    -82.235560577611    -82.235560577611         0.16090E-03
    -82.235644104762    -82.235644104762         0.79825E-04
    -82.235563317727    -82.235563317727         0.17901E-03
    -82.235551067967    -82.235551067967         0.13902E-03
    -82.235581526716    -82.235581526716         0.78024E-04
    -82.235551447828    -82.235551447828         0.18662E-03
    -82.235550021627    -82.235550021627         0.15387E-03
    -82.235580908617    -82.235580908617         0.80774E-04
    -82.235552401657    -82.235552401657         0.11382E-03
    -82.235552486869    -82.235552486869         0.17809E-03
    -82.235547049627    -82.235547049627         0.96818E-04
    -82.235547057278    -82.235547057278         0.51901E-04
    -82.235547034793    -82.235547034793         0.97110E-04
    -82.235546442720    -82.235546442720         0.17698E-03
    -82.235563465504    -82.235563465504         0.15506E-03
    -82.235561258133    -82.235561258133         0.18931E-03
    -82.235547378999    -82.235547378999         0.51984E-04
    -82.235546480806    -82.235546480806         0.82588E-04
    -82.235530050288    -82.235530050288         0.16235E-03
    -82.235530394182    -82.235530394182         0.83232E-04
    -82.235562587849    -82.235562587849         0.14431E-03
    -82.235529369999    -82.235529369999         0.13001E-03
    -82.235528045390    -82.235528045390         0.86647E-04
    -82.235529763328    -82.235529763328         0.18540E-03
    -82.235530460083    -82.235530460083         0.19722E-03
    -82.235516946323    -82.235516946323         0.11871E-03
    -82.235515295364    -82.235515295364         0.13458E-03
    -82.235516988999    -82.235516988999         0.13378E-03
    -82.235516934439    -82.235516934439         0.13600E-03
    -82.235513181362    -82.235513181362         0.14526E-03
    -82.235516183715    -82.235516183715         0.13166E-03
    -82.235527300797    -82.235527300797         0.82634E-04
    -82.235549728871    -82.235549728871         0.14677E-03
    -82.235507970043    -82.235507970043         0.65209E-04
    -82.235515395704    -82.235515395704         0.16960E-03
    -82.235538884293    -82.235538884293         0.35134E-04
    -82.235459539286    -82.235459539286         0.18251E-03
    -82.235460397781    -82.235460397781         0.15718E-03
    -82.235460293067    -82.235460293067         0.78188E-04
    -82.235554304417    -82.235554304417         0.54806E-04
    -82.235457700263    -82.235457700263         0.19505E-03
    -82.235460420202    -82.235460420202         0.54287E-04
    -82.235460292540    -82.235460292540         0.12122E-03
    -82.235541336792    -82.235541336792         0.60418E-04
    -82.235408066370    -82.235408066370         0.16854E-03
    -82.235407751324    -82.235407751324         0.13864E-03
    -82.235407099435    -82.235407099435         0.15991E-03
    -82.235407599508    -82.235407599508         0.17614E-03
    -82.235569610126    -82.235569610126         0.85383E-04
    -82.235392483465    -82.235392483465         0.12255E-03
    -82.235407691270    -82.235407691270         0.12461E-03
    -82.235391958675    -82.235391958675         0.13967E-03
    -82.235392441654    -82.235392441654         0.14319E-03
    -82.235392495015    -82.235392495015         0.82404E-04
    -82.235392494796    -82.235392494796         0.11906E-03
    -82.235366168472    -82.235366168472         0.19672E-03
    -82.235365755178    -82.235365755178         0.19536E-03
    -82.235367170670    -82.235367170670         0.11677E-03
    -82.235366745527    -82.235366745527         0.11573E-03
    -82.235367473159    -82.235367473159         0.13615E-03
    -82.235511560591    -82.235511560591         0.14212E-03
    -82.235366097934    -82.235366097934         0.19209E-03
    -82.235367371806    -82.235367371806         0.17662E-03
    -82.235363981569    -82.235363981569         0.99113E-04
    -82.235364185458    -82.235364185458         0.13499E-03
    -82.235363737080    -82.235363737080         0.13945E-03
    -82.235363233742    -82.235363233742         0.13886E-03
    -82.235356357703    -82.235356357703         0.18207E-03
    -82.235353087842    -82.235353087842         0.11511E-03
    -82.235364400626    -82.235364400626         0.13207E-03
    -82.235359262056    -82.235359262056         0.15413E-03
    -82.235391092039    -82.235391092039         0.10232E-03
    -82.235356708918    -82.235356708918         0.87277E-04
    -82.235357336102    -82.235357336102         0.13911E-03
    -82.235360915975    -82.235360915975         0.12288E-03
    -82.235357419687    -82.235357419687         0.71889E-04
    -82.235359133603    -82.235359133603         0.10940E-03
    -82.235324541965    -82.235324541965         0.10599E-03
    -82.235323433551    -82.235323433551         0.67330E-04
    -82.235379124512    -82.235379124512         0.60831E-04
    -82.235324022411    -82.235324022411         0.13029E-03
    -82.235367164368    -82.235367164368         0.12622E-03
    -82.235358968987    -82.235358968987         0.30370E-04
    -82.235322814652    -82.235322814652         0.14367E-03
    -82.235316397164    -82.235316397164         0.17841E-03
    -82.235360968531    -82.235360968531         0.17893E-03
    -82.235346253851    -82.235346253851         0.72417E-04
    -82.235340404535    -82.235340404535         0.64997E-04
    -82.235308592932    -82.235308592932         0.91945E-04
    -82.235306414048    -82.235306414048         0.94242E-04
    -82.235307625262    -82.235307625262         0.99111E-04
    -82.235299851614    -82.235299851614         0.18003E-03
    -82.235308537065    -82.235308537065         0.15793E-03
    -82.235307771608    -82.235307771608         0.10539E-03
    -82.235296580162    -82.235296580162         0.10518E-03
    -82.235304486824    -82.235304486824         0.19960E-03
    -82.235321105784    -82.235321105784         0.46342E-04
    -82.235301173633    -82.235301173633         0.92004E-04
    -82.235347824821    -82.235347824821         0.37514E-04
    -82.235318266971    -82.235318266971         0.12366E-03
    -82.235324716953    -82.235324716953         0.80323E-04
    -82.235295834997    -82.235295834997         0.29715E-04
    -82.235273848699    -82.235273848699         0.87408E-04
    -82.235527896954    -82.235527896954         0.53949E-04
    -82.235273352118    -82.235273352118         0.16072E-03
    -82.235506672221    -82.235506672221         0.11479E-03
    -82.235271569865    -82.235271569865         0.12567E-03
    -82.235244180518    -82.235244180518         0.11047E-03
    -82.235466328733    -82.235466328733         0.66830E-04
    -82.235244208717    -82.235244208717         0.15076E-03
    -82.235243888403    -82.235243888403         0.13569E-03
    -82.235242639240    -82.235242639240         0.14625E-03
    -82.235299260541    -82.235299260541         0.10173E-03
    -82.235242902864    -82.235242902864         0.13886E-03
    -82.235242088197    -82.235242088197         0.17616E-03
    -82.235272660133    -82.235272660133         0.15364E-03
    -82.235256738090    -82.235256738090         0.99409E-04
    -82.235275159240    -82.235275159240         0.69763E-04
    -82.235234150882    -82.235234150882         0.93261E-04
    -82.235235083435    -82.235235083435         0.89504E-04
    -82.235234608263    -82.235234608263         0.13255E-03
    -82.235302137030    -82.235302137030         0.16960E-03
    -82.235232401939    -82.235232401939         0.16288E-03
    -82.235683388836    -82.235683388836         0.19762E-03
    -82.235232830285    -82.235232830285         0.13886E-03
    -82.235211884088    -82.235211884088         0.17324E-03
    -82.235211238194    -82.235211238194         0.18418E-03
    -82.235211364382    -82.235211364382         0.19023E-03
    -82.235211320035    -82.235211320035         0.11909E-03
    -82.235212496426    -82.235212496426         0.12186E-03
    -82.235212236485    -82.235212236485         0.11875E-03
    -82.235217000971    -82.235217000971         0.87133E-04
    -82.235240182247    -82.235240182247         0.31859E-04
    -82.235174877713    -82.235174877713         0.14224E-03
    -82.235176187207    -82.235176187207         0.12666E-03
    -82.235177092496    -82.235177092496         0.10326E-03
    -82.235174327719    -82.235174327719         0.95677E-04
    -82.235176445299    -82.235176445299         0.12046E-03
    -82.235174833963    -82.235174833963         0.11174E-03
    -82.235232964539    -82.235232964539         0.11421E-03
    -82.235147666644    -82.235147666644         0.13579E-03
    -82.235147340254    -82.235147340254         0.96592E-04
    -82.235146865854    -82.235146865854         0.12252E-03
    -82.235529194851    -82.235529194851         0.85864E-04
    -82.235146609491    -82.235146609491         0.15995E-03
    -82.235146568823    -82.235146568823         0.16618E-03
    -82.235147996029    -82.235147996029         0.88854E-04
    -82.235169856625    -82.235169856625         0.15974E-03
    -82.235107124034    -82.235107124034         0.19823E-03
    -82.235525579331    -82.235525579331         0.11460E-03
    -82.235105189110    -82.235105189110         0.19408E-03
    -82.235105663618    -82.235105663618         0.18577E-03
    -82.235157579566    -82.235157579566         0.99770E-04
    -82.235151689345    -82.235151689345         0.15265E-03
    -82.235106807179    -82.235106807179         0.63655E-04
    -82.235107125524    -82.235107125524         0.16297E-03
    -82.235098362113    -82.235098362113         0.43277E-04
    -82.235099848271    -82.235099848271         0.66983E-04
    -82.235058057069    -82.235058057069         0.16809E-03
    -82.235058444795    -82.235058444795         0.13486E-03
    -82.235058428654    -82.235058428654         0.12237E-03
    -82.235056000139    -82.235056000139         0.18501E-03
    -82.235058336009    -82.235058336009         0.14581E-03
    -82.235405499202    -82.235405499202         0.87060E-04
    -82.235058742923    -82.235058742923         0.96319E-04
    -82.235024361493    -82.235024361493         0.78238E-04
    -82.235023367115    -82.235023367115         0.12302E-03
    -82.235023897121    -82.235023897121         0.18696E-03
    -82.235022773019    -82.235022773019         0.15442E-03
    -82.235007054861    -82.235007054861         0.10262E-03
    -82.235007434047    -82.235007434047         0.12321E-03
    -82.235000180196    -82.235000180196         0.98674E-04
    -82.235000369740    -82.235000369740         0.14955E-03
    -82.235007005627    -82.235007005627         0.11717E-03
    -82.235018849627    -82.235018849627         0.16976E-03
    -82.235006747952    -82.235006747952         0.12546E-03
    -82.234994260367    -82.234994260367         0.19206E-03
    -82.235007403121    -82.235007403121         0.12150E-03
    -82.235013241675    -82.235013241675         0.71735E-04
    -82.235000132654    -82.235000132654         0.13541E-03
    -82.235001584537    -82.235001584537         0.65604E-04
    -82.235022299484    -82.235022299484         0.71534E-04
    -82.235002372854    -82.235002372854         0.17712E-03
    -82.235000337154    -82.235000337154         0.17036E-03
    -82.234999490257    -82.234999490257         0.17336E-03
    -82.234928303467    -82.234928303467         0.75952E-04
    -82.234928528634    -82.234928528634         0.16964E-03
    -82.234919498349    -82.234919498349         0.14172E-03
    -82.234926516071    -82.234926516071         0.15076E-03
    -82.234925970852    -82.234925970852         0.17959E-03
    -82.234917695595    -82.234917695595         0.19661E-03
    -82.235149603730    -82.235149603730         0.18185E-03
    -82.234928758520    -82.234928758520         0.11357E-03
    -82.234925518720    -82.234925518720         0.13805E-03
    -82.234919209526    -82.234919209526         0.17448E-03
    -82.234917879477    -82.234917879477         0.91247E-04
    -82.234919655695    -82.234919655695         0.18792E-03
    -82.234912544438    -82.234912544438         0.80537E-04
    -82.234902007613    -82.234902007613         0.13051E-03
    -82.234928346738    -82.234928346738         0.12278E-03
    -82.234902045123    -82.234902045123         0.11644E-03
    -82.234901814865    -82.234901814865         0.78162E-04
    -82.234901584542    -82.234901584542         0.18383E-03
    -82.234901060724    -82.234901060724         0.16193E-03
    -82.234900301247    -82.234900301247         0.16632E-03
    -82.234901616026    -82.234901616026         0.17446E-03
    -82.234916293789    -82.234916293789         0.17938E-03
    -82.234916688587    -82.234916688587         0.19603E-04
    -82.234902210170    -82.234902210170         0.21500E-04
    -82.234901894656    -82.234901894656         0.14379E-03
    -82.234901686716    -82.234901686716         0.83173E-04
    -82.234901551169    -82.234901551169         0.66747E-04
    -82.234910738747    -82.234910738747         0.12943E-03
    -82.234923466574    -82.234923466574         0.11174E-03
    -82.234904244199    -82.234904244199         0.94297E-04
    -82.234887066251    -82.234887066251         0.19600E-03
    -82.234855191026    -82.234855191026         0.12945E-03
    -82.234853521116    -82.234853521116         0.85000E-04
    -82.234867888179    -82.234867888179         0.16982E-03
    -82.234882202926    -82.234882202926         0.55725E-04
    -82.234853373080    -82.234853373080         0.11193E-03
    -82.234852985670    -82.234852985670         0.12342E-03
    -82.234851293880    -82.234851293880         0.13889E-03
    -82.234853938945    -82.234853938945         0.19328E-03
    -82.234894617290    -82.234894617290         0.12873E-03
    -82.234844062995    -82.234844062995         0.47820E-04
    -82.235407877228    -82.235407877228         0.12370E-03
    -82.234912189533    -82.234912189533         0.11571E-03
    -82.234755223621    -82.234755223621         0.10743E-03
    -82.234754923341    -82.234754923341         0.12139E-03
    -82.234751324148    -82.234751324148         0.13846E-03
    -82.234738521662    -82.234738521662         0.13729E-03
    -82.234754585918    -82.234754585918         0.10351E-03
    -82.234737942642    -82.234737942642         0.15588E-03
    -82.234737978669    -82.234737978669         0.14762E-03
    -82.234737984810    -82.234737984810         0.96427E-04
    -82.234737462999    -82.234737462999         0.13411E-03
    -82.235407534860    -82.235407534860         0.14660E-03
    -82.234737664410    -82.234737664410         0.45818E-04
    -82.234750733519    -82.234750733519         0.19282E-04
    -82.234751440004    -82.234751440004         0.11083E-03
    -82.234716128189    -82.234716128189         0.19496E-03
    -82.234794543080    -82.234794543080         0.63947E-04
    -82.234702532721    -82.234702532721         0.13945E-03
    -82.234738556648    -82.234738556648         0.73383E-04
    -82.234701423217    -82.234701423217         0.83960E-04
    -82.234701843215    -82.234701843215         0.15688E-03
    -82.234720333206    -82.234720333206         0.17971E-03
    -82.234701625501    -82.234701625501         0.12431E-03
    -82.234751792883    -82.234751792883         0.10750E-03
    -82.236248879424    -82.236248879424         0.13214E-03
    -82.234690431882    -82.234690431882         0.57106E-04
    -82.234728373062    -82.234728373062         0.99935E-04
    -82.234654215723    -82.234654215723         0.17192E-03
    -82.234654182381    -82.234654182381         0.15134E-03
    -82.234647503825    -82.234647503825         0.14676E-03
    -82.234696245532    -82.234696245532         0.16136E-03
    -82.234653841079    -82.234653841079         0.66118E-04
    -82.234642236542    -82.234642236542         0.13624E-03
    -82.234654893317    -82.234654893317         0.15057E-03
    -82.234654650178    -82.234654650178         0.17849E-03
    -82.234648680143    -82.234648680143         0.98715E-04
    -82.234648979593    -82.234648979593         0.12839E-03
    -82.234647681163    -82.234647681163         0.14058E-03
    -82.234646007055    -82.234646007055         0.12588E-03
    -82.234644958381    -82.234644958381         0.18341E-03
    -82.234647178889    -82.234647178889         0.19397E-03
    -82.234648162494    -82.234648162494         0.99579E-04
    -82.234652085604    -82.234652085604         0.18646E-03
    -82.234613222633    -82.234613222633         0.16585E-03
    -82.234613619751    -82.234613619751         0.12966E-03
    -82.234614140039    -82.234614140039         0.17465E-03
    -82.234611973107    -82.234611973107         0.16344E-03
    -82.234612585907    -82.234612585907         0.16022E-03
    -82.234625022541    -82.234625022541         0.48623E-04
    -82.234696753873    -82.234696753873         0.92486E-04
    -82.234603433956    -82.234603433956         0.11280E-03
    -82.234632364047    -82.234632364047         0.67640E-04
    -82.234628169988    -82.234628169988         0.51118E-04
    -82.234597962512    -82.234597962512         0.18318E-03
    -82.234600874351    -82.234600874351         0.15346E-03
    -82.234631955995    -82.234631955995         0.12466E-03
    -82.234603911459    -82.234603911459         0.16669E-03
    -82.234635330346    -82.234635330346         0.94955E-04
    -82.234595868708    -82.234595868708         0.17913E-03
    -82.234605480413    -82.234605480413         0.33925E-04
    -82.234603456845    -82.234603456845         0.17030E-03
    -82.234600893881    -82.234600893881         0.18031E-03
    -82.234562944685    -82.234562944685         0.97357E-04
    -82.234563316490    -82.234563316490         0.10233E-03
    -82.234563387604    -82.234563387604         0.19070E-03
    -82.234598132877    -82.234598132877         0.48059E-04
    -82.234562801188    -82.234562801188         0.12643E-03
    -82.234554612233    -82.234554612233         0.16475E-03
    -82.234563153010    -82.234563153010         0.19042E-03
    -82.234554638354    -82.234554638354         0.11471E-03
    -82.234555627992    -82.234555627992         0.10300E-03
    -82.234554881026    -82.234554881026         0.79563E-04
    -82.234588119563    -82.234588119563         0.51037E-04
    -82.234555959359    -82.234555959359         0.19464E-03
    -82.234545055696    -82.234545055696         0.15500E-03
    -82.234535224245    -82.234535224245         0.86743E-04
    -82.234631671037    -82.234631671037         0.52844E-04
    -82.234552911598    -82.234552911598         0.75244E-04
    -82.235058322309    -82.235058322309         0.11597E-03
    -82.234533050686    -82.234533050686         0.57108E-04
    -82.234524010341    -82.234524010341         0.10869E-03
    -82.234551894422    -82.234551894422         0.41926E-04
    -82.234556225677    -82.234556225677         0.14305E-03
    -82.236238569392    -82.236238569392         0.72579E-04
    -82.234498923977    -82.234498923977         0.13256E-03
    -82.234500259229    -82.234500259229         0.82098E-04
    -82.234499030595    -82.234499030595         0.85119E-04
    -82.234499059431    -82.234499059431         0.11458E-03
    -82.234542771276    -82.234542771276         0.77635E-04
    -82.234497949113    -82.234497949113         0.45335E-04
    -82.235125182461    -82.235125182461         0.53619E-04
    -82.234481999563    -82.234481999563         0.12474E-03
    -82.234463831831    -82.234463831831         0.14124E-03
    -82.234464693706    -82.234464693706         0.12582E-03
    -82.234441530098    -82.234441530098         0.16551E-03
    -82.234471314737    -82.234471314737         0.16073E-03
    -82.234463287594    -82.234463287594         0.15794E-03
    -82.234384523676    -82.234384523676         0.83261E-04
    -82.234384962267    -82.234384962267         0.14498E-03
    -82.234384998133    -82.234384998133         0.11683E-03
    -82.234381643919    -82.234381643919         0.15888E-03
    -82.234383844219    -82.234383844219         0.19360E-03
    -82.234472473399    -82.234472473399         0.16839E-03
    -82.234342301265    -82.234342301265         0.17647E-03
    -82.234342417199    -82.234342417199         0.10208E-03
    -82.234340641560    -82.234340641560         0.12883E-03
    -82.234340183517    -82.234340183517         0.17600E-03
    -82.234339287350    -82.234339287350         0.17112E-03
    -82.234353726586    -82.234353726586         0.11388E-03
    -82.234371779408    -82.234371779408         0.41000E-04
    -82.235702481159    -82.235702481159         0.19376E-03
    -82.235622888163    -82.235622888163         0.74911E-04
    -82.234308078633    -82.234308078633         0.16437E-03
    -82.234368673045    -82.234368673045         0.64450E-04
    -82.234308709157    -82.234308709157         0.14217E-03
    -82.234309396628    -82.234309396628         0.15578E-03
    -82.234307279206    -82.234307279206         0.12893E-03
    -82.234298676190    -82.234298676190         0.73493E-04
    -82.234296608414    -82.234296608414         0.18005E-03
    -82.234298334447    -82.234298334447         0.11851E-03
    -82.234296337775    -82.234296337775         0.15640E-03
    -82.234306924357    -82.234306924357         0.16722E-03
    -82.234298541605    -82.234298541605         0.79374E-04
    -82.234338177824    -82.234338177824         0.58527E-04
    -82.234285991040    -82.234285991040         0.98658E-04
    -82.234286424020    -82.234286424020         0.10856E-03
    -82.234297827414    -82.234297827414         0.15974E-03
    -82.234285471359    -82.234285471359         0.12462E-03
    -82.234285547699    -82.234285547699         0.12479E-03
    -82.234285828380    -82.234285828380         0.18844E-03
    -82.234284919650    -82.234284919650         0.16659E-03
    -82.235639352247    -82.235639352247         0.62920E-04
    -82.234254517496    -82.234254517496         0.11583E-03
    -82.234242579580    -82.234242579580         0.12758E-03
    -82.234237223455    -82.234237223455         0.18460E-03
    -82.234245819802    -82.234245819802         0.12847E-03
    -82.234228795170    -82.234228795170         0.13520E-03
    -82.234229614163    -82.234229614163         0.18097E-03
    -82.235703111306    -82.235703111306         0.17985E-03
    -82.234174659404    -82.234174659404         0.18645E-03
    -82.234231414225    -82.234231414225         0.14733E-03
    -82.234174315198    -82.234174315198         0.13359E-03
    -82.234173234376    -82.234173234376         0.18952E-03
    -82.234138527755    -82.234138527755         0.12200E-03
    -82.234175064923    -82.234175064923         0.16575E-03
    -82.234138080838    -82.234138080838         0.47680E-04
    -82.234137433264    -82.234137433264         0.98787E-04
    -82.234138523042    -82.234138523042         0.12252E-03
    -82.234226461096    -82.234226461096         0.19037E-03
    -82.234137193471    -82.234137193471         0.12550E-03
    -82.234138758130    -82.234138758130         0.19881E-03
    -82.234156165675    -82.234156165675         0.16072E-03
    -82.234153354221    -82.234153354221         0.58400E-04
    -82.234137038584    -82.234137038584         0.80963E-04
    -82.235332162538    -82.235332162538         0.10460E-03
    -82.234151917894    -82.234151917894         0.15653E-03
    -82.234220345292    -82.234220345292         0.95821E-04
    -82.234230662619    -82.234230662619         0.17739E-03
    -82.234080502663    -82.234080502663         0.15867E-03
    -82.234159157154    -82.234159157154         0.14033E-03
    -82.234340542208    -82.234340542208         0.18828E-03
    -82.234073410719    -82.234073410719         0.61624E-04
    -82.234080965928    -82.234080965928         0.15068E-03
    -82.234342244130    -82.234342244130         0.18573E-03
    -82.234049801468    -82.234049801468         0.18908E-03
    -82.234341748378    -82.234341748378         0.12566E-03
    -82.234050864039    -82.234050864039         0.14227E-03
    -82.234049637405    -82.234049637405         0.12312E-03
    -82.234069823791    -82.234069823791         0.11832E-03
    -82.234341544854    -82.234341544854         0.11686E-03
    -82.234076646391    -82.234076646391         0.10996E-03
    -82.234034705550    -82.234034705550         0.13617E-03
    -82.234341913433    -82.234341913433         0.17586E-03
    -82.234342436469    -82.234342436469         0.12464E-03
    -82.234033685562    -82.234033685562         0.16259E-03
    -82.234033205059    -82.234033205059         0.11133E-03
    -82.234033651276    -82.234033651276         0.16069E-03
    -82.234174560139    -82.234174560139         0.12874E-03
    -82.234174844460    -82.234174844460         0.14273E-03
    -82.235587171842    -82.235587171842         0.55515E-04
    -82.234047695546    -82.234047695546         0.13467E-03
    -82.234034493456    -82.234034493456         0.96553E-04
    -82.234047727901    -82.234047727901         0.17855E-03
    -82.234342223238    -82.234342223238         0.19236E-03
    -82.234005750681    -82.234005750681         0.12856E-03
    -82.234006078458    -82.234006078458         0.18478E-03
    -82.235593982198    -82.235593982198         0.14115E-03
    -82.234003542822    -82.234003542822         0.18312E-03
    -82.234030209221    -82.234030209221         0.19691E-03
    -82.234230493450    -82.234230493450         0.11581E-03
    -82.234005121234    -82.234005121234         0.15235E-03
    -82.234005410395    -82.234005410395         0.11930E-03
    -82.234003424336    -82.234003424336         0.17050E-03
    -82.234005573125    -82.234005573125         0.18365E-03
    -82.234004947905    -82.234004947905         0.11899E-03
    -82.234003865452    -82.234003865452         0.18580E-03
    -82.234004291117    -82.234004291117         0.15703E-03
    -82.233993428897    -82.233993428897         0.56699E-04
    -82.234026501701    -82.234026501701         0.61331E-04
    -82.234003957414    -82.234003957414         0.13843E-03
    -82.234342068723    -82.234342068723         0.95327E-04
    -82.233831530360    -82.233831530360         0.18850E-03
    -82.234019023501    -82.234019023501         0.61075E-04
    -82.233830711094    -82.233830711094         0.11308E-03
    -82.234382798079    -82.234382798079         0.16377E-03
    -82.233767174298    -82.233767174298         0.19387E-03
    -82.235785443042    -82.235785443042         0.10689E-03
    -82.234285935350    -82.234285935350         0.18507E-03
    -82.233763113351    -82.233763113351         0.19076E-03
    -82.233720306288    -82.233720306288         0.14109E-03
    -82.233719148386    -82.233719148386         0.13182E-03
    -82.235747926646    -82.235747926646         0.11938E-03
    -82.233720519570    -82.233720519570         0.67628E-04
    -82.233721372042    -82.233721372042         0.17570E-03
    -82.233682478473    -82.233682478473         0.12845E-03
    -82.233681998887    -82.233681998887         0.12666E-03
    -82.233677165553    -82.233677165553         0.10978E-03
    -82.233679956062    -82.233679956062         0.18358E-03
    -82.234233435458    -82.234233435458         0.16416E-03
    -82.233619965724    -82.233619965724         0.14112E-03
    -82.233617466787    -82.233617466787         0.15337E-03
    -82.233621010510    -82.233621010510         0.17214E-03
    -82.234587052967    -82.234587052967         0.17323E-03
    -82.235234586906    -82.235234586906         0.10986E-03
    -82.235233361178    -82.235233361178         0.14247E-03
    -82.233517379572    -82.233517379572         0.11553E-03
    -82.234909166535    -82.234909166535         0.64764E-04
    -82.234898068419    -82.234898068419         0.77489E-04
    -82.233515568874    -82.233515568874         0.17605E-03
    -82.233516283249    -82.233516283249         0.18548E-03
    -82.233496696358    -82.233496696358         0.14354E-03
    -82.233517208058    -82.233517208058         0.99178E-04
    -82.233499929206    -82.233499929206         0.13350E-03
    -82.233518749770    -82.233518749770         0.82383E-04
    -82.234920180151    -82.234920180151         0.14660E-03
    -82.234920372626    -82.234920372626         0.96699E-04
    -82.233503660367    -82.233503660367         0.12176E-03
    -82.233510675245    -82.233510675245         0.18232E-03
    -82.235638389953    -82.235638389953         0.93156E-04
    -82.233256976574    -82.233256976574         0.87152E-04
    -82.233256209142    -82.233256209142         0.19328E-03
    -82.233250958400    -82.233250958400         0.75624E-04
    -82.233210469741    -82.233210469741         0.17867E-03
    -82.233207675033    -82.233207675033         0.18289E-03
    -82.233207718634    -82.233207718634         0.15722E-03
    -82.233179182153    -82.233179182153         0.92313E-04
    -82.235097196171    -82.235097196171         0.77802E-04
    -82.233177318428    -82.233177318428         0.17560E-03
    -82.233173922258    -82.233173922258         0.16888E-03
    -82.233180064286    -82.233180064286         0.11815E-03
    -82.233172489188    -82.233172489188         0.19738E-03
    -82.233127950777    -82.233127950777         0.13602E-03
    -82.233125661221    -82.233125661221         0.74249E-04
    -82.235910392670    -82.235910392670         0.19009E-03
    -82.233098864825    -82.233098864825         0.15807E-03
    -82.233126572144    -82.233126572144         0.11741E-03
    -82.233126256921    -82.233126256921         0.16712E-03
    -82.235244917889    -82.235244917889         0.16419E-03
    -82.235243698284    -82.235243698284         0.13338E-03
    -82.233112391090    -82.233112391090         0.13929E-03
    -82.232938646814    -82.232938646814         0.11243E-03
    -82.232927315201    -82.232927315201         0.51644E-04
    -82.232916502250    -82.232916502250         0.19741E-03
    -82.232928356382    -82.232928356382         0.13860E-03
    -82.232909624806    -82.232909624806         0.10118E-03
    -82.234753079740    -82.234753079740         0.14606E-03
    -82.232861930275    -82.232861930275         0.12449E-03
    -82.232923393251    -82.232923393251         0.14621E-03
    -82.232911753859    -82.232911753859         0.12945E-03
    -82.232917957288    -82.232917957288         0.16794E-03
    -82.232856666503    -82.232856666503         0.10969E-03
    -82.235406480665    -82.235406480665         0.12622E-03
    -82.232902529998    -82.232902529998         0.52193E-04
    -82.234999542743    -82.234999542743         0.12145E-03
    -82.232850530075    -82.232850530075         0.11843E-03
    -82.233180535697    -82.233180535697         0.16608E-03
    -82.232842852183    -82.232842852183         0.84540E-04
    -82.232845749907    -82.232845749907         0.15187E-03
    -82.232840035099    -82.232840035099         0.15291E-03
    -82.232764821353    -82.232764821353         0.17483E-03
    -82.232768343904    -82.232768343904         0.15658E-03
    -82.232766733251    -82.232766733251         0.10670E-03
    -82.232763215765    -82.232763215765         0.98889E-04
    -82.232764216811    -82.232764216811         0.18226E-03
    -82.232759261893    -82.232759261893         0.18726E-03
    -82.232763157750    -82.232763157750         0.14608E-03
    -82.235547266415    -82.235547266415         0.10952E-03
    -82.232762306626    -82.232762306626         0.11254E-03
    -82.232763836857    -82.232763836857         0.10139E-03
    -82.232718164391    -82.232718164391         0.15426E-03
    -82.232716878643    -82.232716878643         0.19165E-03
    -82.232718999921    -82.232718999921         0.10449E-03
    -82.232714731375    -82.232714731375         0.12892E-03
    -82.232717862829    -82.232717862829         0.15805E-03
    -82.232718132683    -82.232718132683         0.12794E-03
    -82.232716163688    -82.232716163688         0.43268E-04
    -82.232713711340    -82.232713711340         0.19564E-03
    -82.232716041385    -82.232716041385         0.16255E-03
    -82.234297615992    -82.234297615992         0.18065E-03
    -82.232716097383    -82.232716097383         0.16104E-03
    -82.232713128741    -82.232713128741         0.16888E-03
    -82.232706143300    -82.232706143300         0.11310E-03
    -82.232707997575    -82.232707997575         0.99276E-04
    -82.232706786974    -82.232706786974         0.17248E-03
    -82.232707425942    -82.232707425942         0.11655E-03
    -82.232704368075    -82.232704368075         0.14669E-03
    -82.232703371943    -82.232703371943         0.15771E-03
    -82.232708702151    -82.232708702151         0.15976E-03
    -82.232709196688    -82.232709196688         0.18244E-03
    -82.232715348145    -82.232715348145         0.36469E-04
    -82.232714160233    -82.232714160233         0.27297E-04
    -82.232660029685    -82.232660029685         0.14620E-03
    -82.232660048575    -82.232660048575         0.13550E-03
    -82.234543743460    -82.234543743460         0.67660E-04
    -82.236429200152    -82.236429200152         0.15509E-03
    -82.232699182018    -82.232699182018         0.77768E-04
    -82.234701582041    -82.234701582041         0.13567E-03
    -82.232588169160    -82.232588169160         0.16726E-03
    -82.234701331821    -82.234701331821         0.12504E-03
    -82.232603940418    -82.232603940418         0.49784E-04
    -82.234133274787    -82.234133274787         0.58298E-04
    -82.236048355453    -82.236048355453         0.17357E-03
    -82.232529547736    -82.232529547736         0.97516E-04
    -82.236048653742    -82.236048653742         0.16073E-03
    -82.232513876962    -82.232513876962         0.11367E-03
    -82.232513975138    -82.232513975138         0.13345E-03
    -82.232537053249    -82.232537053249         0.19263E-03
    -82.232508291756    -82.232508291756         0.12347E-03
    -82.234002079770    -82.234002079770         0.43795E-04
    -82.232486434377    -82.232486434377         0.11879E-03
    -82.232467140117    -82.232467140117         0.98209E-04
    -82.232467776147    -82.232467776147         0.13146E-03
    -82.232467225778    -82.232467225778         0.11095E-03
    -82.232445282562    -82.232445282562         0.14604E-03
    -82.232442982191    -82.232442982191         0.18209E-03
    -82.232443970345    -82.232443970345         0.12871E-03
    -82.232444905941    -82.232444905941         0.77180E-04
    -82.232440955064    -82.232440955064         0.62744E-04
    -82.232467693221    -82.232467693221         0.15290E-03
    -82.232489570139    -82.232489570139         0.13853E-03
    -82.232426989410    -82.232426989410         0.89567E-04
    -82.232419353737    -82.232419353737         0.73145E-04
    -82.232238934196    -82.232238934196         0.79101E-04
    -82.232239173161    -82.232239173161         0.12749E-03
    -82.232152634485    -82.232152634485         0.13409E-03
    -82.232153356490    -82.232153356490         0.14286E-03
    -82.232154123758    -82.232154123758         0.10175E-03
    -82.232152477120    -82.232152477120         0.77241E-04
    -82.232110376872    -82.232110376872         0.19169E-03
    -82.232113150218    -82.232113150218         0.18321E-03
    -82.236255176423    -82.236255176423         0.18664E-03
    -82.232112570963    -82.232112570963         0.15036E-03
    -82.232112865720    -82.232112865720         0.14843E-03
    -82.232113439876    -82.232113439876         0.12857E-03
    -82.232113093175    -82.232113093175         0.53251E-04
    -82.234304876152    -82.234304876152         0.14912E-03
    -82.235214047837    -82.235214047837         0.49878E-04
    -82.234137875183    -82.234137875183         0.12693E-03
    -82.231995231628    -82.231995231628         0.19993E-03
    -82.231904036101    -82.231904036101         0.18247E-03
    -82.231902058091    -82.231902058091         0.94694E-04
    -82.231885999443    -82.231885999443         0.57459E-04
    -82.234001699556    -82.234001699556         0.18223E-03
    -82.231887316741    -82.231887316741         0.69206E-04
    -82.231850055639    -82.231850055639         0.11136E-03
    -82.231511386794    -82.231511386794         0.17659E-03
    -82.231503894324    -82.231503894324         0.10643E-03
    -82.234004690428    -82.234004690428         0.97969E-04
    -82.231186570373    -82.231186570373         0.16031E-03
    -82.231185815144    -82.231185815144         0.18545E-03
    -82.231186549708    -82.231186549708         0.10213E-03
    -82.232660376695    -82.232660376695         0.68223E-04
    -82.234009748217    -82.234009748217         0.66276E-04
    -82.230770983647    -82.230770983647         0.10663E-03
    -82.234006715480    -82.234006715480         0.97397E-04
    -82.230771181414    -82.230771181414         0.12673E-03
    -82.230765451015    -82.230765451015         0.64935E-04
    -82.230770097293    -82.230770097293         0.15423E-03
    -82.230707663924    -82.230707663924         0.11990E-03
    -82.230690351893    -82.230690351893         0.12241E-03
    -82.230679340970    -82.230679340970         0.10860E-03
    -82.231840228288    -82.231840228288         0.14664E-03
    -82.230418840923    -82.230418840923         0.62840E-04
    -82.230418230736    -82.230418230736         0.13379E-03
    -82.230418629608    -82.230418629608         0.17992E-03
    -82.230417609074    -82.230417609074         0.10580E-03
    -82.234051112806    -82.234051112806         0.10019E-03
    -82.230349429762    -82.230349429762         0.17834E-03
    -82.230418522939    -82.230418522939         0.14854E-03
    -82.230347316389    -82.230347316389         0.79094E-04
    -82.237803582934    -82.237803582934         0.16234E-03
    -82.230153205650    -82.230153205650         0.12060E-03
    -82.230255481286    -82.230255481286         0.80827E-04
    -82.230153724071    -82.230153724071         0.58882E-04
    -82.230070310969    -82.230070310969         0.19442E-03
    -82.230071814666    -82.230071814666         0.17074E-03
    -82.230153137769    -82.230153137769         0.95770E-04
