  54
 Etot=         -67.3516410965
 C         -1.8816501952       -0.7585075171       -1.4691512968
 C         -1.7743389159       -0.3623517385        0.0079730452
 C         -2.5735845425       -1.3887536921        0.8446633305
 C         -4.0547217505       -1.0216646887        1.0457833496
 C         -4.5950476471       -0.2075748938       -0.0992308158
 O         -5.5499926536       -0.5297179766       -0.7616762737
 C         -3.8377358740        1.0799430941       -0.3103852085
 C         -2.4071837067        1.0295222624        0.2368700370
 C         -1.5839725300        2.1643942358       -0.3718582524
 C         -0.1603383666        2.1452494099        0.1669002350
 C          0.5025662804        0.8027277339       -0.1458663001
 C         -0.3055730437       -0.3300943845        0.5229712358
 C          0.3700560297       -1.7116148087        0.4288985027
 C          1.8724203886       -1.7133610192        0.7352209395
 C          2.5705996542       -0.6366957911       -0.0870628872
 C          1.9787955662        0.7462683073        0.2856461651
 C          2.9415411190        1.6966087714       -0.4449218651
 C          4.3236322321        1.0375477961       -0.2725892462
 C          4.0794141647       -0.4226722153        0.1926484822
 O          4.9490783995       -1.3537866639       -0.3922505202
 C          2.1068548362        1.0637023451        1.7855763300
 C          2.4367484816       -0.9866923766       -1.5794137754
 H         -2.9245977715       -0.8790129975       -1.7493839956
 H         -1.4391243808       -0.0124299492       -2.1226211449
 H         -1.3897829600       -1.7091044606       -1.6560417861
 H         -2.5182924204       -2.3602643492        0.3531626173
 H         -2.1218081719       -1.4954694047        1.8325854668
 H         -4.1610770613       -0.4065441916        1.9425926018
 H         -4.6547665636       -1.9226489528        1.1763377053
 H         -4.3992161420        1.8695623953        0.1976219621
 H         -3.8467450176        1.3276592092       -1.3733708093
 H         -2.4359726699        1.1917769349        1.3206054616
 H         -2.0591406284        3.1180469637       -0.1293185786
 H         -1.5683242002        2.0772023799       -1.4594060830
 H          0.4169471674        2.9554625868       -0.2818438593
 H         -0.1956898004        2.3089920367        1.2443587175
 H          0.4669482493        0.6801355198       -1.2299006136
 H         -0.3742958871       -0.0766297852        1.5870105095
 H          0.2293440694       -2.1268907935       -0.5668500570
 H         -0.1210346686       -2.3912106850        1.1272478093
 H          2.2836087953       -2.6965234188        0.4961597959
 H          2.0453649864       -1.5429434404        1.7973701583
 H          2.6736105883        1.7815318588       -1.4983049376
 H          2.9264313257        2.6990319130       -0.0201034826
 H          4.9291978624        1.5747075431        0.4556424511
 H          4.8824256060        1.0316225617       -1.2100414483
 H          4.2815837570       -0.5346303555        1.2606483863
 H          4.8585825239       -1.3047336155       -1.3506371721
 H          1.8382461125        2.1034528626        1.9549486853
 H          3.1267383081        0.9363863022        2.1304395830
 H          1.4624820288        0.4454164286        2.4003182023
 H          1.4078278403       -0.9728069440       -1.9175499971
 H          2.8166253821       -1.9954911298       -1.7371232508
 H          3.0013565294       -0.3011477059       -2.2063852215
  54
 Etot=         -67.3516416240
 C         -1.8817142775       -0.7582672645       -1.4691639764
 C         -1.7742946501       -0.3623805999        0.0079118732
 C         -2.5736082917       -1.3886641199        0.8447490255
 C         -4.0547133979       -1.0218105668        1.0457109646
 C         -4.5952845639       -0.2075112951       -0.0990362529
 O         -5.5502250615       -0.5295923484       -0.7614495520
 C         -3.8376874482        1.0797547666       -0.3102380640
 C         -2.4070711335        1.0294870460        0.2367187425
 C         -1.5836195802        2.1643345668       -0.3718121906
 C         -0.1602010568        2.1451659124        0.1670021857
 C          0.5026783281        0.8027138780       -0.1460792484
 C         -0.3053694092       -0.3300937007        0.5228873756
 C          0.3699940030       -1.7116182439        0.4286668228
 C          1.8722354497       -1.7132576809        0.7352496104
 C          2.5705658132       -0.6366952819       -0.0870669728
 C          1.9788889652        0.7462226396        0.2856862147
 C          2.9415554664        1.6966206317       -0.4450579721
 C          4.3235962813        1.0373757063       -0.2726085048
 C          4.0793648892       -0.4226153837        0.1926908079
 O          4.9488377200       -1.3539352391       -0.3924087974
 C          2.1067274992        1.0640165929        1.7856296226
 C          2.4368741883       -0.9866141227       -1.5794973556
 H         -2.9248174411       -0.8787489940       -1.7495810389
 H         -1.4389955429       -0.0121242296       -2.1223114803
 H         -1.3896686246       -1.7087873667       -1.6557521045
 H         -2.5181149600       -2.3602595714        0.3532683699
 H         -2.1214496317       -1.4949293084        1.8325218505
 H         -4.1611944835       -0.4070654283        1.9427755938
 H         -4.6549073558       -1.9227632218        1.1760948904
 H         -4.3992118038        1.8696089430        0.1974475340
 H         -3.8467346713        1.3269219292       -1.3734477098
 H         -2.4358290204        1.1914460401        1.3205403123
 H         -2.0587105199        3.1180765520       -0.1291920652
 H         -1.5680073515        2.0767587349       -1.4594506038
 H          0.4169041457        2.9553270931       -0.2819581342
 H         -0.1949960150        2.3087725183        1.2446301277
 H          0.4670360511        0.6802188508       -1.2301294359
 H         -0.3743028950       -0.0770505208        1.5870624256
 H          0.2293373532       -2.1269808637       -0.5670255775
 H         -0.1212474015       -2.3911215424        1.1271765176
 H          2.2836566144       -2.6963457661        0.4962184240
 H          2.0447692302       -1.5426392192        1.7974934632
 H          2.6736630533        1.7817591835       -1.4983452912
 H          2.9264191977        2.6990503233       -0.0200580426
 H          4.9293149801        1.5746201727        0.4553304450
 H          4.8821224144        1.0310921680       -1.2102504732
 H          4.2815550303       -0.5346023594        1.2606671189
 H          4.8582992851       -1.3046189475       -1.3508245513
 H          1.8379103509        2.1037748473        1.9550100137
 H          3.1264414734        0.9364759202        2.1310206419
 H          1.4620477848        0.4456944197        2.4001204659
 H          1.4078673632       -0.9728491934       -1.9172547735
 H          2.8168294029       -1.9954645172       -1.7372060035
 H          3.0015049694       -0.3009010316       -2.2061623800
