    -67.354005275704    -67.354005275704         0.75023E-04
    -67.354005271957    -67.354005271957         0.11260E-03
    -67.354005211053    -67.354005211053         0.13589E-03
    -67.354005246311    -67.354005246311         0.43360E-04
    -67.354005302783    -67.354005302783         0.11927E-03
    -67.354005287157    -67.354005287157         0.30871E-04
    -67.354005240611    -67.354005240611         0.44036E-04
    -67.354005300546    -67.354005300546         0.70535E-04
    -67.354005249057    -67.354005249057         0.11703E-03
    -67.354005248514    -67.354005248514         0.47971E-04
    -67.354005268167    -67.354005268167         0.44783E-04
    -67.354005264210    -67.354005264210         0.12174E-03
    -67.354005158504    -67.354005158504         0.19426E-03
    -67.354005316230    -67.354005316230         0.31496E-04
    -67.354005183757    -67.354005183757         0.64795E-04
    -67.354005128630    -67.354005128630         0.18198E-03
    -67.354005138863    -67.354005138863         0.12475E-03
    -67.354005177991    -67.354005177991         0.17783E-03
    -67.354005000090    -67.354005000090         0.17883E-03
    -67.354005176354    -67.354005176354         0.11492E-03
    -67.354005174421    -67.354005174421         0.75993E-04
    -67.354005245307    -67.354005245307         0.14768E-03
    -67.354005242057    -67.354005242057         0.87343E-04
    -67.354005220711    -67.354005220711         0.10321E-03
    -67.354005163692    -67.354005163692         0.10119E-03
    -67.354005267085    -67.354005267085         0.79116E-04
    -67.352061866880    -67.352061866880         0.51598E-04
    -67.354005236120    -67.354005236120         0.75650E-04
    -67.352061802011    -67.352061802011         0.13220E-03
    -67.352061878888    -67.352061878888         0.44790E-04
    -67.352061775381    -67.352061775381         0.16256E-03
    -67.352061878433    -67.352061878433         0.62514E-04
    -67.352061845184    -67.352061845184         0.56130E-04
    -67.352061784716    -67.352061784716         0.12904E-03
    -67.352061762960    -67.352061762960         0.14171E-03
    -67.352061894160    -67.352061894160         0.45431E-04
    -67.352061884208    -67.352061884208         0.57765E-04
    -67.352061669768    -67.352061669768         0.19559E-03
    -67.352061845703    -67.352061845703         0.48181E-04
    -67.352061873396    -67.352061873396         0.67225E-04
    -67.352061681499    -67.352061681499         0.14619E-03
    -67.352061821545    -67.352061821545         0.77730E-04
    -67.352061640639    -67.352061640639         0.14063E-03
    -67.352061804642    -67.352061804642         0.10701E-03
    -67.352061683484    -67.352061683484         0.18699E-03
    -67.352061598163    -67.352061598163         0.14973E-03
    -67.352061785084    -67.352061785084         0.99648E-04
    -67.352061749858    -67.352061749858         0.16918E-03
    -67.352061745073    -67.352061745073         0.16665E-03
    -67.352061683570    -67.352061683570         0.15350E-03
    -67.352061812903    -67.352061812903         0.13183E-03
    -67.352061786479    -67.352061786479         0.14937E-03
    -67.351641859328    -67.351641859328         0.54947E-04
    -67.351641828890    -67.351641828890         0.31151E-04
    -67.351641867749    -67.351641867749         0.39060E-04
    -67.351641670096    -67.351641670096         0.14559E-03
    -67.351641791573    -67.351641791573         0.59251E-04
    -67.351641813466    -67.351641813466         0.68364E-04
    -67.351641822459    -67.351641822459         0.46171E-04
    -67.351641853353    -67.351641853353         0.72269E-04
    -67.351641798247    -67.351641798247         0.17043E-03
    -67.351641570693    -67.351641570693         0.68005E-04
    -67.351641548809    -67.351641548809         0.14183E-03
    -67.351641625592    -67.351641625592         0.17411E-03
    -67.351641420962    -67.351641420962         0.19837E-03
    -67.351641589481    -67.351641589481         0.18475E-03
    -67.351641505410    -67.351641505410         0.17063E-03
    -67.351641676572    -67.351641676572         0.12238E-03
    -67.351641438606    -67.351641438606         0.19177E-03
    -67.351641381755    -67.351641381755         0.16150E-03
    -67.351641440697    -67.351641440697         0.16672E-03
    -67.351641406017    -67.351641406017         0.11627E-03
    -67.351641439541    -67.351641439541         0.11882E-03
    -67.351641518460    -67.351641518460         0.17677E-03
    -67.351641505822    -67.351641505822         0.13748E-03
    -67.351641390864    -67.351641390864         0.17933E-03
    -67.351641515435    -67.351641515435         0.16028E-03
    -67.351641393542    -67.351641393542         0.16731E-03
    -67.351641415088    -67.351641415088         0.15763E-03
    -67.351600261866    -67.351600261866         0.85016E-04
    -67.351600163240    -67.351600163240         0.15798E-03
    -67.351600194691    -67.351600194691         0.11709E-03
    -67.351600173356    -67.351600173356         0.16877E-03
    -67.351600259120    -67.351600259120         0.39513E-04
    -67.351600201914    -67.351600201914         0.10130E-03
    -67.351600160988    -67.351600160988         0.12652E-03
    -67.351600152808    -67.351600152808         0.12798E-03
    -67.351600209171    -67.351600209171         0.53528E-04
    -67.351600129589    -67.351600129589         0.14641E-03
    -67.351600197437    -67.351600197437         0.83592E-04
    -67.351600106516    -67.351600106516         0.16880E-03
    -67.351600117891    -67.351600117891         0.12667E-03
    -67.351600068730    -67.351600068730         0.19868E-03
    -67.351599954041    -67.351599954041         0.14519E-03
    -67.351600244014    -67.351600244014         0.66061E-04
    -67.351600026153    -67.351600026153         0.12803E-03
    -67.351600093263    -67.351600093263         0.17922E-03
    -67.351599825390    -67.351599825390         0.19506E-03
    -67.351600070654    -67.351600070654         0.68471E-04
    -67.351600181304    -67.351600181304         0.19316E-03
    -67.351600002002    -67.351600002002         0.11841E-03
    -67.351600219468    -67.351600219468         0.11983E-03
    -67.351599869369    -67.351599869369         0.18924E-03
    -67.351600025057    -67.351600025057         0.11387E-03
    -67.352061768817    -67.352061768817         0.19067E-03
    -67.351641446492    -67.351641446492         0.13547E-03
    -67.351641453462    -67.351641453462         0.10721E-03
    -67.351641453824    -67.351641453824         0.11192E-03
    -67.351641357784    -67.351641357784         0.16277E-03
    -67.351641416313    -67.351641416313         0.17342E-03
    -67.351641406762    -67.351641406762         0.14617E-03
    -67.351641301140    -67.351641301140         0.15986E-03
    -67.351641336880    -67.351641336880         0.15167E-03
    -67.351641466830    -67.351641466830         0.10745E-03
    -67.349854778743    -67.349854778743         0.19523E-03
    -67.349854808177    -67.349854808177         0.19330E-03
    -67.349660000889    -67.349660000889         0.49794E-04
    -67.351641454989    -67.351641454989         0.12666E-03
    -67.349659958889    -67.349659958889         0.93662E-04
    -67.349659967718    -67.349659967718         0.84496E-04
    -67.349659951332    -67.349659951332         0.65056E-04
    -67.349659988024    -67.349659988024         0.69104E-04
    -67.349659874968    -67.349659874968         0.15621E-03
    -67.349659894235    -67.349659894235         0.71047E-04
    -67.349659849613    -67.349659849613         0.65613E-04
    -67.349659986294    -67.349659986294         0.39683E-04
    -67.349659901292    -67.349659901292         0.63442E-04
    -67.349659985723    -67.349659985723         0.32724E-04
    -67.349659974031    -67.349659974031         0.74748E-04
    -67.349659906056    -67.349659906056         0.99814E-04
    -67.349659981896    -67.349659981896         0.76109E-04
    -67.349659902115    -67.349659902115         0.78256E-04
    -67.349659786590    -67.349659786590         0.13052E-03
    -67.349659763523    -67.349659763523         0.16800E-03
    -67.349659971664    -67.349659971664         0.62206E-04
    -67.349659791682    -67.349659791682         0.53603E-04
    -67.349659715558    -67.349659715558         0.12797E-03
    -67.349659738302    -67.349659738302         0.18601E-03
    -67.349659756173    -67.349659756173         0.12968E-03
    -67.349659836105    -67.349659836105         0.10721E-03
    -67.349659136226    -67.349659136226         0.19469E-03
    -67.349659577448    -67.349659577448         0.16175E-03
    -67.349659623959    -67.349659623959         0.11872E-03
    -67.348998786322    -67.348998786322         0.12623E-03
    -67.348998795337    -67.348998795337         0.17717E-03
    -67.348998723874    -67.348998723874         0.16942E-03
    -67.348998851961    -67.348998851961         0.46598E-04
    -67.348998617144    -67.348998617144         0.16831E-03
    -67.348998628473    -67.348998628473         0.14150E-03
    -67.348998762867    -67.348998762867         0.57475E-04
    -67.348998729718    -67.348998729718         0.76981E-04
    -67.348998659595    -67.348998659595         0.18228E-03
    -67.348998789841    -67.348998789841         0.62057E-04
    -67.348998404405    -67.348998404405         0.16499E-03
    -67.348998583811    -67.348998583811         0.16317E-03
    -67.348998317620    -67.348998317620         0.15434E-03
    -67.348998614713    -67.348998614713         0.14608E-03
    -67.348998547970    -67.348998547970         0.18866E-03
    -67.348998551724    -67.348998551724         0.14938E-03
    -67.348998068422    -67.348998068422         0.18036E-03
    -67.348998631888    -67.348998631888         0.15701E-03
    -67.348998549238    -67.348998549238         0.13655E-03
    -67.348998516482    -67.348998516482         0.12640E-03
    -67.348998365326    -67.348998365326         0.13136E-03
    -67.348998478760    -67.348998478760         0.16891E-03
    -67.348998524522    -67.348998524522         0.12805E-03
    -67.348998352783    -67.348998352783         0.94953E-04
    -67.349659584315    -67.349659584315         0.11792E-03
    -67.352061769622    -67.352061769622         0.12678E-03
    -67.352061754848    -67.352061754848         0.15006E-03
    -67.349659475579    -67.349659475579         0.13126E-03
    -67.347832963295    -67.347832963295         0.15583E-03
    -67.347832954019    -67.347832954019         0.13883E-03
    -67.352061803337    -67.352061803337         0.10366E-03
    -67.347832919509    -67.347832919509         0.16053E-03
    -67.352061663259    -67.352061663259         0.13809E-03
    -67.351600206693    -67.351600206693         0.10898E-03
    -67.351600120802    -67.351600120802         0.16454E-03
    -67.351599976021    -67.351599976021         0.19430E-03
    -67.351600194843    -67.351600194843         0.92310E-04
    -67.351600143069    -67.351600143069         0.13796E-03
    -67.351600153660    -67.351600153660         0.10110E-03
    -67.351600094943    -67.351600094943         0.16076E-03
