  59
 Etot=         -83.9660107302
 C         -5.3394692998        0.5138429308        1.9392881300
 C         -3.8969726745        0.7986602513        1.5215947807
 C         -2.9555901862        0.4516104841        2.6775689194
 C         -3.7412604564        2.2760854093        1.1533914649
 C         -3.5331469144       -0.1002050557        0.3001228405
 C         -4.2683742174        0.3659673361       -0.9475064187
 O         -5.4550970019        0.2777969293       -1.1238466070
 O         -3.4343871216        0.9109170970       -1.8409241359
 C         -4.0274305875        1.3776083195       -3.0439728632
 N         -2.1157403223       -0.1693939263        0.0752250558
 C         -1.4136712579       -1.3198009618        0.2022693197
 O         -1.9086080170       -2.3773081726        0.5497150619
 C          0.0153752303       -1.1554546984       -0.1064543587
 N          0.5369575077        0.0113837799       -0.4461080542
 N          1.8383734509       -0.1642613449       -0.6673406145
 C          2.2043817393       -1.4606762510       -0.4683279776
 C          3.4285695595       -2.1186195020       -0.5810616071
 C          3.4425962511       -3.4661211142       -0.3090478767
 C          2.2816986388       -4.1600645192        0.0638192254
 C          1.0690652260       -3.5246867669        0.1725889347
 C          1.0278264103       -2.1561437052       -0.0973041251
 C          2.6698986492        0.9600558917       -0.9933682225
 C          2.9033731949        1.8593064433        0.2336921966
 C          3.7056980416        1.1424340531        1.3371352775
 C          5.1518646512        1.6348236656        1.4286560408
 C          5.7461698605        1.8179384443        0.0376339711
 C          5.0050462461        2.9219094586       -0.7306009530
 C          3.5954491799        3.1584901808       -0.1786640174
 H         -6.0172631849        0.6432367234        1.1003246429
 H         -5.6383637546        1.1915997165        2.7357805290
 H         -5.4341895458       -0.5068895412        2.3016011414
 H         -1.9351356758        0.7548882391        2.4562562766
 H         -3.2779512323        0.9617026775        3.5822812678
 H         -2.9600173019       -0.6195553640        2.8632246517
 H         -2.7466853236        2.4789136904        0.7616766711
 H         -4.4763066001        2.5660193720        0.4055280296
 H         -3.8931646676        2.8961265350        2.0342906420
 H         -3.8578716313       -1.1253702937        0.5205779437
 H         -4.7109551968        2.2031973005       -2.8343989435
 H         -3.2094654886        1.7106605244       -3.6774301655
 H         -4.5867569430        0.5745183855       -3.5274309042
 H         -1.6264695093        0.6422628167       -0.2673480025
 H          4.3300985083       -1.5986113104       -0.8692499067
 H          4.3729141964       -4.0099396060       -0.3840989626
 H          2.3540433453       -5.2183241361        0.2656072406
 H          0.1663167310       -4.0417976556        0.4542336368
 H          2.1628495599        1.5421094679       -1.7692013686
 H          3.6107494805        0.5815782114       -1.3909125237
 H          1.9086597242        2.1060201044        0.6201973188
 H          3.2198935066        1.2925279111        2.3027680223
 H          3.7057033920        0.0678988989        1.1461527877
 H          5.1948070801        2.5841015542        1.9649743327
 H          5.7420298759        0.9124136253        1.9953178431
 H          6.8057939852        2.0665882415        0.1149255815
 H          5.6788963220        0.8689040098       -0.4982679854
 H          4.9502513971        2.6604077946       -1.7886190061
 H          5.5618951686        3.8580388330       -0.6614533844
 H          2.9932119040        3.6774504395       -0.9269347552
 H          3.6504336255        3.8058249927        0.6977183980
  59
 Etot=         -83.9660107413
 C         -5.3395037279        0.5138196201        1.9392593147
 C         -3.8970489434        0.7987269716        1.5217302745
 C         -2.9556024128        0.4516148679        2.6776332315
 C         -3.7413246374        2.2761504984        1.1534294737
 C         -3.5331873012       -0.1002506533        0.3001528338
 C         -4.2682182906        0.3660430680       -0.9475949464
 O         -5.4549012010        0.2777325658       -1.1241753967
 O         -3.4341759361        0.9110377206       -1.8409409303
 C         -4.0274904866        1.3775797808       -3.0439336706
 N         -2.1157244019       -0.1693723863        0.0753561649
 C         -1.4136370535       -1.3198171811        0.2022720051
 O         -1.9085759371       -2.3773331041        0.5496792102
 C          0.0153988014       -1.1554792962       -0.1064508801
 N          0.5369337095        0.0113635659       -0.4461026599
 N          1.8383757109       -0.1642601813       -0.6673149925
 C          2.2044225883       -1.4607036735       -0.4683261447
 C          3.4285865560       -2.1186274150       -0.5810491780
 C          3.4426110377       -3.4661503672       -0.3090771131
 C          2.2817180691       -4.1600970493        0.0638300543
 C          1.0690826472       -3.5247116270        0.1726006461
 C          1.0278503650       -2.1561758733       -0.0972985819
 C          2.6698771163        0.9600323471       -0.9933838344
 C          2.9033597059        1.8593460106        0.2336757033
 C          3.7056703401        1.1424342507        1.3371093501
 C          5.1518433772        1.6347772845        1.4286489256
 C          5.7462051182        1.8179489552        0.0376746881
 C          5.0050733536        2.9219069359       -0.7306045058
 C          3.5955070567        3.1584821488       -0.1786818183
 H         -6.0174301456        0.6433355499        1.1004560539
 H         -5.6382045548        1.1915149353        2.7358843311
 H         -5.4342340784       -0.5069211827        2.3014513150
 H         -1.9351598779        0.7547093566        2.4561667640
 H         -3.2778235065        0.9618567173        3.5822838445
 H         -2.9602844255       -0.6195143387        2.8633503635
 H         -2.7467456786        2.4788826788        0.7617474321
 H         -4.4762770291        2.5660867182        0.4055009017
 H         -3.8932764191        2.8961726635        2.0342576872
 H         -3.8578156877       -1.1255005440        0.5206361940
 H         -4.7110504456        2.2031617403       -2.8344360464
 H         -3.2095269871        1.7106979546       -3.6773489247
 H         -4.5868862951        0.5745613120       -3.5272949530
 H         -1.6265234099        0.6421882123       -0.2675049811
 H          4.3300639608       -1.5985727829       -0.8692539698
 H          4.3728980240       -4.0099780219       -0.3840646974
 H          2.3540955700       -5.2183312884        0.2656155690
 H          0.1662915269       -4.0418170718        0.4542336235
 H          2.1628699106        1.5420529671       -1.7693721117
 H          3.6107623472        0.5816029628       -1.3909828066
 H          1.9086640879        2.1062084141        0.6201071114
 H          3.2198394861        1.2924656737        2.3027451427
 H          3.7055962731        0.0678983202        1.1462712828
 H          5.1948993495        2.5840319447        1.9649335310
 H          5.7420192179        0.9123919738        1.9953127174
 H          6.8057960028        2.0666541106        0.1149992474
 H          5.6790939144        0.8689650440       -0.4982270676
 H          4.9502273495        2.6604429975       -1.7886602985
 H          5.5618923926        3.8580438543       -0.6615492769
 H          2.9931995882        3.6775368624       -0.9268597628
 H          3.6504518428        3.8057512973        0.6977489972
