    -83.977353099753    -83.977353099753         0.19600E-03
    -83.977353333908    -83.977353333908         0.87825E-04
    -83.977352468113    -83.977352468113         0.18695E-03
    -83.977353102485    -83.977353102485         0.16961E-03
    -83.977353275872    -83.977353275872         0.14430E-03
    -83.977353646668    -83.977353646668         0.93227E-04
    -83.977353662865    -83.977353662865         0.99924E-04
    -83.977353011378    -83.977353011378         0.17260E-03
    -83.977353207541    -83.977353207541         0.14138E-03
    -83.977352933549    -83.977352933549         0.14564E-03
    -83.977353221250    -83.977353221250         0.10634E-03
    -83.977352930675    -83.977352930675         0.12044E-03
    -83.977353335641    -83.977353335641         0.12910E-03
    -83.977352047535    -83.977352047535         0.10109E-03
    -83.977352978860    -83.977352978860         0.12871E-03
    -83.977352503305    -83.977352503305         0.12618E-03
    -83.977352444238    -83.977352444238         0.15744E-03
    -83.977350738442    -83.977350738442         0.18120E-03
    -83.977353008551    -83.977353008551         0.12253E-03
    -83.977352708690    -83.977352708690         0.17644E-03
    -83.977351382827    -83.977351382827         0.17357E-03
    -83.977352966404    -83.977352966404         0.99055E-04
    -83.977352175910    -83.977352175910         0.89331E-04
    -83.977352529019    -83.977352529019         0.18249E-03
    -83.977351902979    -83.977351902979         0.17599E-03
    -83.977352880526    -83.977352880526         0.88299E-04
    -83.977352900665    -83.977352900665         0.94254E-04
    -83.977353215872    -83.977353215872         0.15576E-03
    -83.977352895983    -83.977352895983         0.12634E-03
    -83.977353150125    -83.977353150125         0.11197E-03
    -83.977351052995    -83.977351052995         0.10935E-03
    -83.977353705196    -83.977353705196         0.75877E-04
    -83.977353259923    -83.977353259923         0.17283E-03
    -83.977350287329    -83.977350287329         0.18547E-03
    -83.977352562883    -83.977352562883         0.15633E-03
    -83.977348195880    -83.977348195880         0.84095E-04
    -83.977350452655    -83.977350452655         0.15060E-03
    -83.977351511439    -83.977351511439         0.17179E-03
    -83.977351590891    -83.977351590891         0.12313E-03
    -83.977352828795    -83.977352828795         0.19058E-03
    -83.977353221506    -83.977353221506         0.11580E-03
    -83.977351885412    -83.977351885412         0.18458E-03
    -83.977353390839    -83.977353390839         0.10384E-03
    -83.977351074042    -83.977351074042         0.78665E-04
    -83.977351846171    -83.977351846171         0.12409E-03
    -83.977352169295    -83.977352169295         0.15162E-03
    -83.977348172362    -83.977348172362         0.66433E-04
    -83.977351891790    -83.977351891790         0.12257E-03
    -83.977349937316    -83.977349937316         0.19325E-03
    -83.977347873790    -83.977347873790         0.19517E-03
    -83.977323147474    -83.977323147474         0.93652E-04
    -83.977348320393    -83.977348320393         0.15781E-03
    -83.977322190486    -83.977322190486         0.16532E-03
    -83.977322674674    -83.977322674674         0.11948E-03
    -83.977348524677    -83.977348524677         0.18406E-03
    -83.977339995082    -83.977339995082         0.10070E-03
    -83.977322901525    -83.977322901525         0.10647E-03
    -83.977323156456    -83.977323156456         0.11538E-03
    -83.977350128158    -83.977350128158         0.15856E-03
    -83.977321991401    -83.977321991401         0.74534E-04
    -83.977322426345    -83.977322426345         0.17911E-03
    -83.977352791328    -83.977352791328         0.14323E-03
    -83.977322874561    -83.977322874561         0.11072E-03
    -83.977322998082    -83.977322998082         0.14441E-03
    -83.977323187118    -83.977323187118         0.16867E-03
    -83.977321997088    -83.977321997088         0.10026E-03
    -83.977345241537    -83.977345241537         0.17282E-03
    -83.977350930774    -83.977350930774         0.11934E-03
    -83.977321790844    -83.977321790844         0.11926E-03
    -83.977321513947    -83.977321513947         0.18157E-03
    -83.977346845377    -83.977346845377         0.19056E-03
    -83.977323168218    -83.977323168218         0.14901E-03
    -83.977322818041    -83.977322818041         0.71181E-04
    -83.977352345233    -83.977352345233         0.13745E-03
    -83.977319232086    -83.977319232086         0.14636E-03
    -83.977322549891    -83.977322549891         0.14728E-03
    -83.977351885042    -83.977351885042         0.12598E-03
    -83.977322101207    -83.977322101207         0.17213E-03
    -83.977322667606    -83.977322667606         0.16779E-03
    -83.977322391634    -83.977322391634         0.18254E-03
    -83.977322493646    -83.977322493646         0.11543E-03
    -83.977349840390    -83.977349840390         0.16105E-03
    -83.977351442190    -83.977351442190         0.19073E-03
    -83.977321169076    -83.977321169076         0.17151E-03
    -83.977321901631    -83.977321901631         0.11362E-03
    -83.977320918957    -83.977320918957         0.17510E-03
    -83.977319624299    -83.977319624299         0.19250E-03
    -83.977323201688    -83.977323201688         0.69044E-04
    -83.977319291686    -83.977319291686         0.10726E-03
    -83.977350602229    -83.977350602229         0.11408E-03
    -83.977320707591    -83.977320707591         0.97650E-04
    -83.977353077896    -83.977353077896         0.16954E-03
    -83.977339353788    -83.977339353788         0.82877E-04
    -83.977311576637    -83.977311576637         0.95169E-04
    -83.977335816392    -83.977335816392         0.53673E-04
    -83.977335974050    -83.977335974050         0.16962E-03
    -83.977318682262    -83.977318682262         0.10035E-03
    -83.977352056116    -83.977352056116         0.88376E-04
    -83.977341526555    -83.977341526555         0.37186E-04
    -83.977320591912    -83.977320591912         0.72776E-04
    -83.977349556421    -83.977349556421         0.18318E-03
    -83.977310718652    -83.977310718652         0.59794E-04
    -83.977348825031    -83.977348825031         0.11501E-03
    -83.977322983531    -83.977322983531         0.63832E-04
    -83.977353313341    -83.977353313341         0.17892E-03
    -83.977352689527    -83.977352689527         0.97191E-04
    -83.977352037172    -83.977352037172         0.15036E-03
    -83.977351881154    -83.977351881154         0.16845E-03
    -83.977353148803    -83.977353148803         0.17949E-03
    -83.977314271152    -83.977314271152         0.20671E-04
    -83.977353641302    -83.977353641302         0.10673E-03
    -83.977343547974    -83.977343547974         0.46740E-04
    -83.977304821492    -83.977304821492         0.43918E-04
    -83.977322400500    -83.977322400500         0.12096E-03
    -83.977322869625    -83.977322869625         0.18050E-03
    -83.977350046378    -83.977350046378         0.12837E-03
    -83.977270814726    -83.977270814726         0.19419E-03
    -83.977351594734    -83.977351594734         0.15627E-03
    -83.977352719919    -83.977352719919         0.19732E-03
    -83.977345619890    -83.977345619890         0.86674E-04
    -83.977352622826    -83.977352622826         0.17793E-03
    -83.977323342809    -83.977323342809         0.10457E-03
    -83.977352866154    -83.977352866154         0.19761E-03
    -83.977352415973    -83.977352415973         0.18093E-03
    -83.977353410275    -83.977353410275         0.13722E-03
    -83.977353493768    -83.977353493768         0.18971E-03
    -83.977322763746    -83.977322763746         0.11487E-03
    -83.977311613449    -83.977311613449         0.19939E-03
    -83.977323424151    -83.977323424151         0.57044E-04
    -83.977353531458    -83.977353531458         0.11667E-03
    -83.977301132930    -83.977301132930         0.56212E-04
    -83.977322376484    -83.977322376484         0.13484E-03
    -83.977227679984    -83.977227679984         0.19489E-03
    -83.977314827219    -83.977314827219         0.11368E-03
    -83.977353158615    -83.977353158615         0.17867E-03
    -83.977328697934    -83.977328697934         0.96637E-04
    -83.977322319729    -83.977322319729         0.17696E-03
    -83.977352838615    -83.977352838615         0.16431E-03
    -83.977272919593    -83.977272919593         0.19426E-03
    -83.977328674166    -83.977328674166         0.86551E-04
    -83.977318096373    -83.977318096373         0.17229E-04
    -83.977353146777    -83.977353146777         0.19295E-03
    -83.977352781194    -83.977352781194         0.88930E-04
    -83.977322714227    -83.977322714227         0.19952E-03
    -83.977322741892    -83.977322741892         0.19858E-03
    -83.977353234131    -83.977353234131         0.15851E-03
    -83.977322642159    -83.977322642159         0.19828E-03
    -83.977314966432    -83.977314966432         0.27941E-04
    -83.977132623334    -83.977132623334         0.12834E-03
    -83.977323031629    -83.977323031629         0.14064E-03
    -83.977132511767    -83.977132511767         0.19576E-03
    -83.977131704777    -83.977131704777         0.91243E-04
    -83.977132223025    -83.977132223025         0.11215E-03
    -83.977130684299    -83.977130684299         0.15765E-03
    -83.977131054544    -83.977131054544         0.19971E-03
    -83.977126143509    -83.977126143509         0.19311E-03
    -83.977124071175    -83.977124071175         0.10750E-03
    -83.977059322288    -83.977059322288         0.81143E-04
    -83.977059108971    -83.977059108971         0.19603E-03
    -83.977125505205    -83.977125505205         0.16903E-03
    -83.977058499940    -83.977058499940         0.90389E-04
    -83.977058325188    -83.977058325188         0.19841E-03
    -83.977054555272    -83.977054555272         0.83260E-04
    -83.977056206539    -83.977056206539         0.18483E-03
    -83.977053461083    -83.977053461083         0.18690E-03
    -83.977057487730    -83.977057487730         0.16275E-03
    -83.977058763805    -83.977058763805         0.14701E-03
    -83.977055120250    -83.977055120250         0.82230E-04
    -83.977055829848    -83.977055829848         0.19045E-03
    -83.977031370925    -83.977031370925         0.81305E-04
    -83.977057887262    -83.977057887262         0.14239E-03
    -83.977058800266    -83.977058800266         0.18809E-03
    -83.977051464607    -83.977051464607         0.16822E-03
    -83.977023730591    -83.977023730591         0.91338E-04
    -83.977035323881    -83.977035323881         0.49068E-04
    -83.977053145304    -83.977053145304         0.14979E-03
    -83.977056466785    -83.977056466785         0.18050E-03
    -83.977058724480    -83.977058724480         0.11057E-03
    -83.977103546099    -83.977103546099         0.13621E-03
    -83.977035890882    -83.977035890882         0.13996E-03
    -83.977020002360    -83.977020002360         0.71708E-04
    -83.977058953960    -83.977058953960         0.14857E-03
    -83.977322430071    -83.977322430071         0.19668E-03
    -83.977321765820    -83.977321765820         0.11651E-03
    -83.977323243206    -83.977323243206         0.18182E-03
    -83.977323421344    -83.977323421344         0.88392E-04
    -83.977323122362    -83.977323122362         0.14344E-03
    -83.976829441275    -83.976829441275         0.19699E-04
    -83.977323160553    -83.977323160553         0.17802E-03
    -83.976829647336    -83.976829647336         0.16621E-03
    -83.976830000660    -83.976830000660         0.13715E-03
    -83.976797164605    -83.976797164605         0.17421E-03
    -83.976796120105    -83.976796120105         0.15646E-03
    -83.976794701442    -83.976794701442         0.17997E-03
    -83.976829940784    -83.976829940784         0.15490E-03
    -83.976794510395    -83.976794510395         0.18479E-03
    -83.976793111138    -83.976793111138         0.18482E-03
    -83.976796494469    -83.976796494469         0.12338E-03
    -83.976815700275    -83.976815700275         0.79458E-04
    -83.976793721425    -83.976793721425         0.10217E-03
    -83.976792488835    -83.976792488835         0.18838E-03
    -83.977353480705    -83.977353480705         0.11365E-03
    -83.977353159824    -83.977353159824         0.10478E-03
    -83.976792098934    -83.976792098934         0.13392E-03
    -83.976794373824    -83.976794373824         0.14297E-03
    -83.976793980043    -83.976793980043         0.78153E-04
    -83.976791309697    -83.976791309697         0.19128E-03
    -83.976787661139    -83.976787661139         0.17191E-03
    -83.976793887745    -83.976793887745         0.14931E-03
    -83.976792599124    -83.976792599124         0.12736E-03
    -83.976790873825    -83.976790873825         0.76945E-04
    -83.977352243243    -83.977352243243         0.11535E-03
    -83.977352834061    -83.977352834061         0.12019E-03
    -83.976790668783    -83.976790668783         0.17901E-03
    -83.976791685554    -83.976791685554         0.18200E-03
    -83.976790446973    -83.976790446973         0.65898E-04
    -83.977353344433    -83.977353344433         0.12531E-03
    -83.976781915679    -83.976781915679         0.77944E-04
    -83.976786672558    -83.976786672558         0.13988E-03
    -83.976796073242    -83.976796073242         0.18106E-03
    -83.976791483792    -83.976791483792         0.36491E-04
    -83.976795115704    -83.976795115704         0.17332E-03
    -83.976796679842    -83.976796679842         0.11591E-03
    -83.976785212743    -83.976785212743         0.15070E-03
    -83.976797105225    -83.976797105225         0.14384E-03
    -83.976683624164    -83.976683624164         0.10756E-03
    -83.976796757157    -83.976796757157         0.11211E-03
    -83.976683133402    -83.976683133402         0.87737E-04
    -83.976684348224    -83.976684348224         0.14296E-03
    -83.976682259479    -83.976682259479         0.10677E-03
    -83.976683936213    -83.976683936213         0.16888E-03
    -83.976681692390    -83.976681692390         0.17761E-03
    -83.976681402028    -83.976681402028         0.18425E-03
    -83.976683512143    -83.976683512143         0.15998E-03
    -83.976678749335    -83.976678749335         0.18904E-03
    -83.976680798791    -83.976680798791         0.11246E-03
    -83.976680798093    -83.976680798093         0.13869E-03
    -83.976680608476    -83.976680608476         0.11299E-03
    -83.976609023996    -83.976609023996         0.18904E-03
    -83.976679035826    -83.976679035826         0.56518E-04
    -83.977057415241    -83.977057415241         0.17118E-03
    -83.976611744972    -83.976611744972         0.19827E-03
    -83.976613004883    -83.976613004883         0.10871E-03
    -83.976612044556    -83.976612044556         0.16904E-03
    -83.976684014112    -83.976684014112         0.10141E-03
    -83.976493316912    -83.976493316912         0.15018E-03
    -83.976491203596    -83.976491203596         0.19633E-03
    -83.976606171447    -83.976606171447         0.62812E-04
    -83.976491817708    -83.976491817708         0.15558E-03
    -83.976492191760    -83.976492191760         0.17592E-03
    -83.976491251641    -83.976491251641         0.87740E-04
    -83.976492567686    -83.976492567686         0.11950E-03
    -83.976490902817    -83.976490902817         0.14555E-03
    -83.976491771314    -83.976491771314         0.19268E-03
    -83.976489500292    -83.976489500292         0.17684E-03
    -83.976493229883    -83.976493229883         0.12897E-03
    -83.976490380448    -83.976490380448         0.14109E-03
    -83.976488319717    -83.976488319717         0.17952E-03
    -83.976488998485    -83.976488998485         0.13715E-03
    -83.976481158840    -83.976481158840         0.19719E-03
    -83.976491505444    -83.976491505444         0.15957E-03
    -83.976487758088    -83.976487758088         0.17581E-03
    -83.976484886542    -83.976484886542         0.10552E-03
    -83.976481629793    -83.976481629793         0.14216E-03
    -83.976471061330    -83.976471061330         0.92045E-04
    -83.976470485666    -83.976470485666         0.18075E-03
    -83.976467862498    -83.976467862498         0.17688E-03
    -83.976465597539    -83.976465597539         0.82374E-04
    -83.976467035154    -83.976467035154         0.16543E-03
    -83.976481090187    -83.976481090187         0.14149E-03
    -83.976479784567    -83.976479784567         0.91978E-04
    -83.976469500003    -83.976469500003         0.15824E-03
    -83.976477311723    -83.976477311723         0.16154E-03
    -83.976470854837    -83.976470854837         0.19703E-03
    -83.976469769266    -83.976469769266         0.13344E-03
    -83.976468401757    -83.976468401757         0.17243E-03
    -83.976467321707    -83.976467321707         0.95950E-04
    -83.976475321243    -83.976475321243         0.19585E-03
    -83.976463974466    -83.976463974466         0.18300E-03
    -83.976479517851    -83.976479517851         0.13738E-03
    -83.976467707913    -83.976467707913         0.13513E-03
    -83.976477449848    -83.976477449848         0.15393E-03
    -83.976465556696    -83.976465556696         0.16635E-03
    -83.976464749405    -83.976464749405         0.16810E-03
    -83.976470663440    -83.976470663440         0.11035E-03
    -83.976462983590    -83.976462983590         0.19784E-03
    -83.976464737924    -83.976464737924         0.18338E-03
    -83.976470668366    -83.976470668366         0.12700E-03
    -83.976466120017    -83.976466120017         0.18289E-03
    -83.976467637306    -83.976467637306         0.11055E-03
    -83.976469434424    -83.976469434424         0.12731E-03
    -83.976467967996    -83.976467967996         0.15989E-03
    -83.976468141111    -83.976468141111         0.11096E-03
    -83.976467863298    -83.976467863298         0.19984E-03
    -83.976478778679    -83.976478778679         0.18687E-03
    -83.976477234795    -83.976477234795         0.25626E-04
    -83.976470437787    -83.976470437787         0.16094E-03
    -83.976468658964    -83.976468658964         0.10402E-03
    -83.976477095512    -83.976477095512         0.19783E-03
    -83.976464645567    -83.976464645567         0.18748E-03
    -83.976469212132    -83.976469212132         0.15031E-03
    -83.976481715171    -83.976481715171         0.76837E-04
    -83.976475779031    -83.976475779031         0.16311E-03
    -83.976464531389    -83.976464531389         0.17178E-03
    -83.976470334446    -83.976470334446         0.10994E-03
    -83.976476767630    -83.976476767630         0.15527E-03
    -83.976466503696    -83.976466503696         0.19315E-03
    -83.976471531507    -83.976471531507         0.16185E-03
    -83.976470924092    -83.976470924092         0.16094E-03
    -83.976486962024    -83.976486962024         0.15836E-03
    -83.976457373741    -83.976457373741         0.18656E-03
    -83.976458363241    -83.976458363241         0.18473E-03
    -83.976464729730    -83.976464729730         0.17323E-03
    -83.976464637449    -83.976464637449         0.15472E-03
    -83.976458516363    -83.976458516363         0.87327E-04
    -83.976468278949    -83.976468278949         0.19123E-03
    -83.976464792445    -83.976464792445         0.14954E-03
    -83.976468871948    -83.976468871948         0.15418E-03
    -83.976471398198    -83.976471398198         0.19064E-03
    -83.976473304444    -83.976473304444         0.92577E-04
    -83.976465706814    -83.976465706814         0.17774E-03
    -83.976477619806    -83.976477619806         0.47892E-04
    -83.976469332564    -83.976469332564         0.78469E-04
    -83.976468353851    -83.976468353851         0.12131E-03
    -83.976466642767    -83.976466642767         0.19724E-03
    -83.976477117612    -83.976477117612         0.34424E-04
    -83.976465819548    -83.976465819548         0.18550E-03
    -83.976491953292    -83.976491953292         0.13332E-03
    -83.976460156124    -83.976460156124         0.19975E-03
    -83.976465841543    -83.976465841543         0.51809E-04
    -83.976466603909    -83.976466603909         0.28925E-04
    -83.976463235087    -83.976463235087         0.18000E-03
    -83.976462343543    -83.976462343543         0.15448E-03
    -83.976470564653    -83.976470564653         0.10692E-03
    -83.976461955388    -83.976461955388         0.13462E-03
    -83.976466214637    -83.976466214637         0.97965E-04
    -83.976465513638    -83.976465513638         0.86251E-04
    -83.976480001941    -83.976480001941         0.17129E-03
    -83.976468753709    -83.976468753709         0.11202E-03
    -83.976460926357    -83.976460926357         0.29183E-04
    -83.976470229770    -83.976470229770         0.12286E-03
    -83.976471253402    -83.976471253402         0.26822E-04
    -83.976464584884    -83.976464584884         0.71483E-04
    -83.976463763699    -83.976463763699         0.77404E-04
    -83.976464775766    -83.976464775766         0.16326E-03
    -83.976480327633    -83.976480327633         0.19332E-03
    -83.976469536789    -83.976469536789         0.15836E-03
    -83.976460792876    -83.976460792876         0.39301E-04
    -83.976470365783    -83.976470365783         0.18739E-03
    -83.976469415379    -83.976469415379         0.60428E-04
    -83.976461287772    -83.976461287772         0.16039E-03
    -83.976464972036    -83.976464972036         0.17847E-03
    -83.976458504147    -83.976458504147         0.46948E-04
    -83.976465890139    -83.976465890139         0.19495E-03
    -83.976465906412    -83.976465906412         0.18835E-03
    -83.976468223495    -83.976468223495         0.14245E-03
    -83.976463008886    -83.976463008886         0.18107E-03
    -83.976465419494    -83.976465419494         0.13878E-03
    -83.976465402684    -83.976465402684         0.10119E-03
    -83.976464883191    -83.976464883191         0.11132E-03
    -83.976459977936    -83.976459977936         0.15754E-03
    -83.976460561250    -83.976460561250         0.19357E-03
    -83.976493290584    -83.976493290584         0.14957E-03
    -83.976461302744    -83.976461302744         0.47898E-04
    -83.976457996254    -83.976457996254         0.14270E-03
    -83.976464876099    -83.976464876099         0.16155E-03
    -83.976464643711    -83.976464643711         0.19967E-03
    -83.976457975873    -83.976457975873         0.13745E-03
    -83.976467213868    -83.976467213868         0.18092E-03
    -83.976463984107    -83.976463984107         0.16671E-03
    -83.976462209619    -83.976462209619         0.73066E-04
    -83.976459743633    -83.976459743633         0.15810E-03
    -83.976464008452    -83.976464008452         0.38039E-04
    -83.976464015878    -83.976464015878         0.19750E-03
    -83.976477094563    -83.976477094563         0.18761E-03
    -83.976460866641    -83.976460866641         0.10162E-03
    -83.976464895151    -83.976464895151         0.66715E-04
    -83.976488245140    -83.976488245140         0.13888E-03
    -83.976493315563    -83.976493315563         0.11400E-03
    -83.976476538371    -83.976476538371         0.12026E-03
    -83.976455623276    -83.976455623276         0.52176E-04
    -83.976442772910    -83.976442772910         0.44900E-04
    -83.976455196543    -83.976455196543         0.97179E-04
    -83.976463495464    -83.976463495464         0.10166E-03
    -83.976465240126    -83.976465240126         0.17223E-03
    -83.976437376115    -83.976437376115         0.13567E-03
    -83.976462177946    -83.976462177946         0.90606E-04
    -83.976434815382    -83.976434815382         0.10244E-03
    -83.976450134491    -83.976450134491         0.66608E-04
    -83.976490335362    -83.976490335362         0.13749E-03
    -83.976468070621    -83.976468070621         0.17101E-03
    -83.976463844744    -83.976463844744         0.16465E-03
    -83.976469060335    -83.976469060335         0.19267E-03
    -83.976468525081    -83.976468525081         0.12262E-03
    -83.976461508470    -83.976461508470         0.93590E-04
    -83.976466561817    -83.976466561817         0.73575E-04
    -83.976464519618    -83.976464519618         0.95877E-04
    -83.976465344109    -83.976465344109         0.16373E-03
    -83.976474974817    -83.976474974817         0.18171E-03
    -83.976444933454    -83.976444933454         0.16869E-03
    -83.976454648113    -83.976454648113         0.90460E-04
    -83.976440860316    -83.976440860316         0.63215E-04
    -83.976451426344    -83.976451426344         0.12216E-03
    -83.976493455532    -83.976493455532         0.15835E-03
    -83.976472976617    -83.976472976617         0.19939E-03
    -83.976465048487    -83.976465048487         0.98510E-04
    -83.976437225830    -83.976437225830         0.84867E-04
    -83.976465787847    -83.976465787847         0.39339E-04
    -83.976472531494    -83.976472531494         0.78612E-04
    -83.976428326510    -83.976428326510         0.67480E-04
    -83.976422647243    -83.976422647243         0.59981E-04
    -83.976446946557    -83.976446946557         0.18516E-03
    -83.976324390212    -83.976324390212         0.18682E-03
    -83.976324742926    -83.976324742926         0.13989E-03
    -83.976325245391    -83.976325245391         0.14696E-03
    -83.976325027719    -83.976325027719         0.99541E-04
    -83.976326263025    -83.976326263025         0.19432E-03
    -83.976453968401    -83.976453968401         0.37764E-04
    -83.976326231863    -83.976326231863         0.19884E-03
    -83.976325611089    -83.976325611089         0.13912E-03
    -83.976326728172    -83.976326728172         0.14730E-03
    -83.976325655714    -83.976325655714         0.12680E-03
    -83.976326338733    -83.976326338733         0.12040E-03
    -83.976322795019    -83.976322795019         0.14878E-03
    -83.976323035213    -83.976323035213         0.18542E-03
    -83.976325918824    -83.976325918824         0.12439E-03
    -83.976323629528    -83.976323629528         0.17711E-03
    -83.976322329768    -83.976322329768         0.18686E-03
    -83.976323399744    -83.976323399744         0.14122E-03
    -83.976324553971    -83.976324553971         0.16220E-03
    -83.976323316722    -83.976323316722         0.16661E-03
    -83.976323755582    -83.976323755582         0.11867E-03
    -83.976322941760    -83.976322941760         0.19012E-03
    -83.976322742581    -83.976322742581         0.19605E-03
    -83.976323219991    -83.976323219991         0.98610E-04
    -83.976323607232    -83.976323607232         0.18763E-03
    -83.976323787639    -83.976323787639         0.15306E-03
    -83.976324201376    -83.976324201376         0.16634E-03
    -83.976324739855    -83.976324739855         0.16876E-03
    -83.976320044781    -83.976320044781         0.19645E-03
    -83.976324187745    -83.976324187745         0.19868E-03
    -83.976324123424    -83.976324123424         0.11599E-03
    -83.976325144076    -83.976325144076         0.18972E-03
    -83.976323678557    -83.976323678557         0.10329E-03
    -83.976323978892    -83.976323978892         0.98090E-04
    -83.976322763066    -83.976322763066         0.19216E-03
    -83.976321188801    -83.976321188801         0.11435E-03
    -83.976324970156    -83.976324970156         0.12080E-03
    -83.976324669255    -83.976324669255         0.14152E-03
    -83.976323435376    -83.976323435376         0.17555E-03
    -83.976323415171    -83.976323415171         0.19184E-03
    -83.976325107004    -83.976325107004         0.15041E-03
    -83.976321436872    -83.976321436872         0.19247E-03
    -83.976325464766    -83.976325464766         0.83365E-04
    -83.976324824692    -83.976324824692         0.15259E-03
    -83.976324854461    -83.976324854461         0.67537E-04
    -83.976324886272    -83.976324886272         0.94076E-04
    -83.976326514941    -83.976326514941         0.18191E-03
    -83.976316435417    -83.976316435417         0.65711E-04
    -83.976323747227    -83.976323747227         0.17771E-03
    -83.976323627198    -83.976323627198         0.18163E-03
    -83.976324568735    -83.976324568735         0.12234E-03
    -83.976323684351    -83.976323684351         0.16966E-03
    -83.976796583869    -83.976796583869         0.11659E-03
    -83.976322685698    -83.976322685698         0.13723E-03
    -83.976321262737    -83.976321262737         0.19719E-03
    -83.976323336102    -83.976323336102         0.74500E-04
    -83.976321106832    -83.976321106832         0.10725E-03
    -83.976323934625    -83.976323934625         0.10436E-03
    -83.976323012932    -83.976323012932         0.10810E-03
    -83.976323733029    -83.976323733029         0.77893E-04
    -83.976322945209    -83.976322945209         0.19048E-03
    -83.976320376955    -83.976320376955         0.19528E-03
    -83.976325168092    -83.976325168092         0.12263E-03
    -83.976323801169    -83.976323801169         0.14559E-03
    -83.976320339785    -83.976320339785         0.17713E-03
    -83.976325566283    -83.976325566283         0.12199E-03
    -83.976323684786    -83.976323684786         0.16321E-03
    -83.976325389902    -83.976325389902         0.12616E-03
    -83.976307589122    -83.976307589122         0.11702E-03
    -83.976322485129    -83.976322485129         0.12018E-03
    -83.976324381032    -83.976324381032         0.12589E-03
    -83.976322829460    -83.976322829460         0.18955E-03
    -83.976320231533    -83.976320231533         0.19287E-03
    -83.976324448155    -83.976324448155         0.15707E-03
    -83.976320575698    -83.976320575698         0.38693E-04
    -83.976323792631    -83.976323792631         0.13068E-03
    -83.976322878456    -83.976322878456         0.15820E-03
    -83.976323056483    -83.976323056483         0.10187E-03
    -83.976323460239    -83.976323460239         0.14670E-03
    -83.976323166402    -83.976323166402         0.15204E-03
    -83.976324330644    -83.976324330644         0.18534E-03
    -83.976324375611    -83.976324375611         0.10728E-03
    -83.976321148202    -83.976321148202         0.10256E-03
    -83.976301433768    -83.976301433768         0.98086E-04
    -83.976304270929    -83.976304270929         0.71795E-04
    -83.976324178068    -83.976324178068         0.18400E-03
    -83.976317890127    -83.976317890127         0.18977E-03
    -83.976323747605    -83.976323747605         0.15735E-03
    -83.976322592685    -83.976322592685         0.17908E-03
    -83.976324091811    -83.976324091811         0.19942E-03
    -83.976315361145    -83.976315361145         0.72059E-04
    -83.976324858087    -83.976324858087         0.14215E-03
    -83.976310798472    -83.976310798472         0.98873E-04
    -83.976318192494    -83.976318192494         0.72308E-04
    -83.976319361291    -83.976319361291         0.16965E-03
    -83.976471555302    -83.976471555302         0.13363E-03
    -83.976326273071    -83.976326273071         0.17625E-03
    -83.976119249321    -83.976119249321         0.10720E-03
    -83.976116759975    -83.976116759975         0.12600E-03
    -83.976085369361    -83.976085369361         0.13449E-03
    -83.976083184395    -83.976083184395         0.11825E-03
    -83.976083706332    -83.976083706332         0.16388E-03
    -83.976085406870    -83.976085406870         0.16608E-03
    -83.976103942756    -83.976103942756         0.17954E-03
    -83.976083696658    -83.976083696658         0.18791E-03
    -83.976082980499    -83.976082980499         0.14343E-03
    -83.976084130473    -83.976084130473         0.14910E-03
    -83.976078375471    -83.976078375471         0.19693E-03
    -83.976084425552    -83.976084425552         0.19606E-03
    -83.976084259687    -83.976084259687         0.17998E-03
    -83.976081836878    -83.976081836878         0.12083E-03
    -83.976084402534    -83.976084402534         0.12754E-03
    -83.976084053125    -83.976084053125         0.19014E-03
    -83.976082746416    -83.976082746416         0.14046E-03
    -83.976084713060    -83.976084713060         0.15134E-03
    -83.976081539464    -83.976081539464         0.19553E-03
    -83.976079671526    -83.976079671526         0.12915E-03
    -83.976081835673    -83.976081835673         0.96171E-04
    -83.976076139719    -83.976076139719         0.13714E-03
    -83.976083932509    -83.976083932509         0.14799E-03
    -83.976074670962    -83.976074670962         0.36584E-04
    -83.976077983030    -83.976077983030         0.14758E-03
    -83.976084049209    -83.976084049209         0.12493E-03
    -83.976085680712    -83.976085680712         0.13930E-03
    -83.976082259410    -83.976082259410         0.12745E-03
    -83.976082706415    -83.976082706415         0.78001E-04
    -83.976086140681    -83.976086140681         0.19924E-03
    -83.976064126350    -83.976064126350         0.12093E-03
    -83.976064074458    -83.976064074458         0.10465E-03
    -83.976079317151    -83.976079317151         0.21130E-04
    -83.976082437240    -83.976082437240         0.14158E-03
    -83.976083827597    -83.976083827597         0.16012E-03
    -83.976084382831    -83.976084382831         0.17022E-03
    -83.975728017135    -83.975728017135         0.14984E-03
    -83.976071361867    -83.976071361867         0.10268E-03
    -83.975727340393    -83.975727340393         0.13660E-03
    -83.975726123063    -83.975726123063         0.11902E-03
    -83.975727815958    -83.975727815958         0.19054E-03
    -83.975726525087    -83.975726525087         0.16518E-03
    -83.975726277681    -83.975726277681         0.11341E-03
    -83.975726306949    -83.975726306949         0.10879E-03
    -83.975725396706    -83.975725396706         0.14584E-03
    -83.975726116837    -83.975726116837         0.19679E-03
    -83.975725938650    -83.975725938650         0.19502E-03
    -83.975726035720    -83.975726035720         0.97968E-04
    -83.975725139020    -83.975725139020         0.13514E-03
    -83.975725731127    -83.975725731127         0.15764E-03
    -83.975725827920    -83.975725827920         0.14439E-03
    -83.975723420056    -83.975723420056         0.14696E-03
    -83.975719705446    -83.975719705446         0.18365E-03
    -83.975680734192    -83.975680734192         0.14776E-03
    -83.975723239579    -83.975723239579         0.17621E-03
    -83.975719286943    -83.975719286943         0.14175E-03
    -83.975726219417    -83.975726219417         0.12654E-03
    -83.975721463523    -83.975721463523         0.18087E-03
    -83.975722008573    -83.975722008573         0.17640E-03
    -83.975724300025    -83.975724300025         0.56645E-04
    -83.975720370945    -83.975720370945         0.16862E-03
    -83.975679541256    -83.975679541256         0.19349E-03
    -83.975721528158    -83.975721528158         0.15884E-03
    -83.975725063166    -83.975725063166         0.15021E-03
    -83.975718358542    -83.975718358542         0.18191E-03
    -83.975726316555    -83.975726316555         0.16312E-03
    -83.975724065155    -83.975724065155         0.69795E-04
    -83.975724183783    -83.975724183783         0.14476E-03
    -83.975723219304    -83.975723219304         0.79915E-04
    -83.975721049191    -83.975721049191         0.17685E-03
    -83.975723549149    -83.975723549149         0.15854E-03
    -83.975723500982    -83.975723500982         0.14381E-03
    -83.975722069837    -83.975722069837         0.10553E-03
    -83.975723917356    -83.975723917356         0.19602E-03
    -83.975723277299    -83.975723277299         0.16671E-03
    -83.975723895915    -83.975723895915         0.11334E-03
    -83.975723008726    -83.975723008726         0.14837E-03
    -83.975720435073    -83.975720435073         0.19175E-03
    -83.975723257606    -83.975723257606         0.17735E-03
    -83.975718251357    -83.975718251357         0.19582E-03
    -83.975722651492    -83.975722651492         0.19080E-03
    -83.975720863001    -83.975720863001         0.19196E-03
    -83.975723353563    -83.975723353563         0.19479E-03
    -83.975723170050    -83.975723170050         0.18904E-03
    -83.975718884887    -83.975718884887         0.19855E-03
    -83.975721908552    -83.975721908552         0.12227E-03
    -83.975722662009    -83.975722662009         0.13075E-03
    -83.975722315584    -83.975722315584         0.19353E-03
    -83.975721454694    -83.975721454694         0.97159E-04
    -83.975722227321    -83.975722227321         0.15411E-03
    -83.975721921580    -83.975721921580         0.15304E-03
    -83.975680648185    -83.975680648185         0.12082E-03
    -83.975720172948    -83.975720172948         0.78252E-04
    -83.975721029380    -83.975721029380         0.14000E-03
    -83.975721368775    -83.975721368775         0.19295E-03
    -83.975721275997    -83.975721275997         0.19137E-03
    -83.975723406439    -83.975723406439         0.19482E-03
    -83.975723643509    -83.975723643509         0.15325E-03
    -83.975682042156    -83.975682042156         0.18417E-03
    -83.975718757131    -83.975718757131         0.19990E-03
    -83.975721493163    -83.975721493163         0.14335E-03
    -83.975718404593    -83.975718404593         0.82875E-04
    -83.975721879945    -83.975721879945         0.11254E-03
    -83.975721992462    -83.975721992462         0.19795E-03
    -83.975722222328    -83.975722222328         0.11987E-03
    -83.975710447076    -83.975710447076         0.13800E-03
    -83.975722194033    -83.975722194033         0.18942E-04
    -83.975681737375    -83.975681737375         0.19558E-03
    -83.975719367515    -83.975719367515         0.17893E-03
    -83.975723218610    -83.975723218610         0.22319E-04
    -83.975722667192    -83.975722667192         0.38434E-04
    -83.975718775088    -83.975718775088         0.18528E-03
    -83.975722511249    -83.975722511249         0.94487E-04
    -83.975680548919    -83.975680548919         0.12575E-03
    -83.975712777042    -83.975712777042         0.66950E-04
    -83.975720095564    -83.975720095564         0.83024E-04
    -83.975707583970    -83.975707583970         0.79704E-04
    -83.975714941831    -83.975714941831         0.29757E-04
    -83.975678236817    -83.975678236817         0.19685E-03
    -83.975678208877    -83.975678208877         0.12835E-03
    -83.975682057018    -83.975682057018         0.14247E-03
    -83.975722053898    -83.975722053898         0.18820E-03
    -83.975725005266    -83.975725005266         0.19530E-03
    -83.975679233140    -83.975679233140         0.13669E-03
    -83.975682154298    -83.975682154298         0.13240E-03
    -83.975711951161    -83.975711951161         0.42341E-04
    -83.975680643028    -83.975680643028         0.76230E-04
    -83.975715202370    -83.975715202370         0.34063E-04
    -83.975679823840    -83.975679823840         0.90343E-04
    -83.975678895298    -83.975678895298         0.16703E-03
    -83.975679723464    -83.975679723464         0.12323E-03
    -83.975680600287    -83.975680600287         0.18199E-03
    -83.975679379648    -83.975679379648         0.18992E-03
    -83.975718960850    -83.975718960850         0.19102E-03
    -83.975723303433    -83.975723303433         0.79811E-04
    -83.975705406547    -83.975705406547         0.12332E-03
    -83.975709984823    -83.975709984823         0.11142E-03
    -83.975680581327    -83.975680581327         0.14543E-03
    -83.975723560525    -83.975723560525         0.27028E-04
    -83.975638863419    -83.975638863419         0.11511E-03
    -83.975680330158    -83.975680330158         0.13663E-03
    -83.975679030754    -83.975679030754         0.18963E-03
    -83.975679685251    -83.975679685251         0.19824E-03
    -83.975682164930    -83.975682164930         0.14557E-03
    -83.975681739740    -83.975681739740         0.12334E-03
    -83.975679338587    -83.975679338587         0.11456E-03
    -83.975679697628    -83.975679697628         0.11078E-03
    -83.975681516588    -83.975681516588         0.15469E-03
    -83.975679974519    -83.975679974519         0.12377E-03
    -83.975678793804    -83.975678793804         0.17814E-03
    -83.975679657331    -83.975679657331         0.17383E-03
    -83.975670072175    -83.975670072175         0.46011E-04
    -83.975679110509    -83.975679110509         0.18970E-03
    -83.975673918018    -83.975673918018         0.12770E-03
    -83.975636121279    -83.975636121279         0.17934E-03
    -83.975637282863    -83.975637282863         0.12836E-03
    -83.975675521703    -83.975675521703         0.57035E-04
    -83.975719690978    -83.975719690978         0.37458E-04
    -83.975671983242    -83.975671983242         0.13447E-03
    -83.975680991515    -83.975680991515         0.13613E-03
    -83.975675822630    -83.975675822630         0.41527E-04
    -83.975633586979    -83.975633586979         0.15248E-03
    -83.975635829650    -83.975635829650         0.10522E-03
    -83.975636215241    -83.975636215241         0.95564E-04
    -83.975664451418    -83.975664451418         0.76517E-04
    -83.975629883944    -83.975629883944         0.17890E-03
    -83.975635798015    -83.975635798015         0.17399E-03
    -83.975640563299    -83.975640563299         0.14591E-03
    -83.975682026995    -83.975682026995         0.17645E-03
    -83.975682069931    -83.975682069931         0.15673E-03
    -83.975203511385    -83.975203511385         0.73067E-04
    -83.975203745490    -83.975203745490         0.16873E-03
    -83.975203868623    -83.975203868623         0.17250E-03
    -83.975205058789    -83.975205058789         0.15593E-03
    -83.975205114804    -83.975205114804         0.14502E-03
    -83.975195729975    -83.975195729975         0.11102E-03
    -83.975197946648    -83.975197946648         0.91705E-04
    -83.977059174403    -83.977059174403         0.10163E-03
    -83.975202444226    -83.975202444226         0.16402E-03
    -83.975200900871    -83.975200900871         0.11577E-03
    -83.975199828269    -83.975199828269         0.17278E-03
    -83.975197964548    -83.975197964548         0.15769E-03
    -83.975202451084    -83.975202451084         0.11726E-03
    -83.975190494698    -83.975190494698         0.36669E-04
    -83.975202596712    -83.975202596712         0.17736E-03
    -83.975182398517    -83.975182398517         0.38522E-04
    -83.975167131436    -83.975167131436         0.48686E-04
    -83.975167260558    -83.975167260558         0.17015E-03
    -83.975168154591    -83.975168154591         0.13630E-03
    -83.975167496335    -83.975167496335         0.95970E-04
    -83.975190233392    -83.975190233392         0.94960E-04
    -83.975196009696    -83.975196009696         0.13896E-03
    -83.975133855970    -83.975133855970         0.17585E-03
    -83.975194144024    -83.975194144024         0.68957E-04
    -83.975133834052    -83.975133834052         0.15033E-03
    -83.977321058827    -83.977321058827         0.15083E-03
    -83.977322630258    -83.977322630258         0.12163E-03
    -83.975132651688    -83.975132651688         0.14419E-03
    -83.975132505338    -83.975132505338         0.13794E-03
    -83.977318958307    -83.977318958307         0.76557E-04
    -83.975134800418    -83.975134800418         0.46256E-04
    -83.975135360275    -83.975135360275         0.18901E-03
    -83.977317558093    -83.977317558093         0.17205E-03
    -83.975102960735    -83.975102960735         0.40604E-04
    -83.975079644829    -83.975079644829         0.96444E-04
    -83.975100115664    -83.975100115664         0.97385E-04
    -83.975041286920    -83.975041286920         0.13801E-03
    -83.975039273137    -83.975039273137         0.12935E-03
    -83.975038691550    -83.975038691550         0.18631E-03
    -83.975038040095    -83.975038040095         0.14566E-03
    -83.975084057885    -83.975084057885         0.69491E-04
    -83.975038525816    -83.975038525816         0.16836E-03
    -83.975035591770    -83.975035591770         0.11322E-03
    -83.975038373198    -83.975038373198         0.14246E-03
    -83.975112724755    -83.975112724755         0.12336E-03
    -83.975015185216    -83.975015185216         0.75018E-04
    -83.975038093951    -83.975038093951         0.98558E-04
    -83.975037491662    -83.975037491662         0.16525E-03
    -83.975012249437    -83.975012249437         0.18466E-03
    -83.975031374232    -83.975031374232         0.96581E-04
    -83.974990043191    -83.974990043191         0.11791E-03
    -83.975033148369    -83.975033148369         0.12290E-03
    -83.974967263362    -83.974967263362         0.18457E-03
    -83.975019299799    -83.975019299799         0.59712E-04
    -83.974966812613    -83.974966812613         0.15204E-03
    -83.974942116423    -83.974942116423         0.17157E-03
    -83.974940229955    -83.974940229955         0.19666E-03
    -83.974943554763    -83.974943554763         0.69964E-04
    -83.974836878786    -83.974836878786         0.19340E-03
    -83.974835942463    -83.974835942463         0.12781E-03
    -83.974817656685    -83.974817656685         0.19122E-03
    -83.974832734259    -83.974832734259         0.16389E-03
    -83.974831618226    -83.974831618226         0.19482E-03
    -83.974830450818    -83.974830450818         0.12887E-03
    -83.974831079422    -83.974831079422         0.17402E-03
    -83.974748051444    -83.974748051444         0.14414E-03
    -83.974748385996    -83.974748385996         0.19338E-03
    -83.974748643531    -83.974748643531         0.15438E-03
    -83.974747858615    -83.974747858615         0.16222E-03
    -83.974744316477    -83.974744316477         0.18105E-03
    -83.974743214147    -83.974743214147         0.14684E-03
    -83.974746646878    -83.974746646878         0.17391E-03
    -83.974747993967    -83.974747993967         0.51124E-04
    -83.974799244226    -83.974799244226         0.10398E-03
    -83.974746500938    -83.974746500938         0.88575E-04
    -83.974742468942    -83.974742468942         0.14441E-03
    -83.974742496892    -83.974742496892         0.12116E-03
    -83.974731041644    -83.974731041644         0.45234E-04
    -83.974742440770    -83.974742440770         0.15431E-03
    -83.974711734474    -83.974711734474         0.17241E-03
    -83.974741349155    -83.974741349155         0.24054E-04
    -83.974542294541    -83.974542294541         0.83184E-04
    -83.974742185624    -83.974742185624         0.50892E-04
    -83.974540194744    -83.974540194744         0.16960E-03
    -83.974540793249    -83.974540793249         0.17825E-03
    -83.974538805768    -83.974538805768         0.13810E-03
    -83.974531889326    -83.974531889326         0.13071E-03
    -83.974519400344    -83.974519400344         0.18165E-03
    -83.977345381342    -83.977345381342         0.73862E-04
    -83.976787126393    -83.976787126393         0.95493E-04
    -83.974488249363    -83.974488249363         0.18690E-03
    -83.974443433691    -83.974443433691         0.11515E-03
    -83.974467286317    -83.974467286317         0.19119E-03
    -83.974445817691    -83.974445817691         0.12120E-03
    -83.974444836122    -83.974444836122         0.18675E-03
    -83.974444692760    -83.974444692760         0.18232E-03
    -83.974443444519    -83.974443444519         0.18697E-03
    -83.974445091373    -83.974445091373         0.19582E-03
    -83.974444892887    -83.974444892887         0.15873E-03
    -83.974357396567    -83.974357396567         0.86956E-04
    -83.975677860257    -83.975677860257         0.15810E-03
    -83.974165574865    -83.974165574865         0.10681E-03
    -83.974158693951    -83.974158693951         0.17948E-03
    -83.974143922093    -83.974143922093         0.16575E-03
    -83.974145349642    -83.974145349642         0.17350E-03
    -83.974047380805    -83.974047380805         0.16270E-03
    -83.974029157539    -83.974029157539         0.19480E-03
    -83.974050732198    -83.974050732198         0.19315E-03
    -83.974030631382    -83.974030631382         0.10901E-03
    -83.974029480110    -83.974029480110         0.11229E-03
    -83.974028135395    -83.974028135395         0.18991E-03
    -83.974045991691    -83.974045991691         0.83303E-04
    -83.974026682294    -83.974026682294         0.10975E-03
    -83.974023350211    -83.974023350211         0.19514E-03
    -83.974027888953    -83.974027888953         0.18265E-03
    -83.974029033834    -83.974029033834         0.16408E-03
    -83.974026135774    -83.974026135774         0.15344E-03
    -83.973971554008    -83.973971554008         0.15817E-03
    -83.973967921785    -83.973967921785         0.13238E-03
    -83.973948224308    -83.973948224308         0.71914E-04
    -83.973932690870    -83.973932690870         0.11896E-03
    -83.973931678907    -83.973931678907         0.11724E-03
    -83.973950708779    -83.973950708779         0.85481E-04
    -83.973913291287    -83.973913291287         0.11648E-03
    -83.973846013031    -83.973846013031         0.12372E-03
    -83.973845154674    -83.973845154674         0.12134E-03
    -83.973845125499    -83.973845125499         0.82680E-04
    -83.973844995027    -83.973844995027         0.19986E-03
    -83.973845120961    -83.973845120961         0.14944E-03
    -83.973841036703    -83.973841036703         0.11405E-03
    -83.973842105449    -83.973842105449         0.18388E-03
    -83.973611911405    -83.973611911405         0.17613E-03
    -83.973844440786    -83.973844440786         0.11904E-03
    -83.973612056702    -83.973612056702         0.98629E-04
    -83.973611620733    -83.973611620733         0.84931E-04
    -83.973612701364    -83.973612701364         0.13095E-03
    -83.973612430488    -83.973612430488         0.11289E-03
    -83.973610285691    -83.973610285691         0.77498E-04
    -83.973610757932    -83.973610757932         0.10076E-03
    -83.973611739878    -83.973611739878         0.13170E-03
    -83.973398666846    -83.973398666846         0.69396E-04
    -83.973377729217    -83.973377729217         0.94844E-04
    -83.973397404269    -83.973397404269         0.22958E-04
    -83.973339371289    -83.973339371289         0.10543E-03
    -83.973385685019    -83.973385685019         0.32325E-04
    -83.973329762624    -83.973329762624         0.10988E-03
    -83.973219495040    -83.973219495040         0.13827E-03
    -83.973104518542    -83.973104518542         0.11532E-03
    -83.973104179779    -83.973104179779         0.16698E-03
    -83.973220901382    -83.973220901382         0.14203E-03
    -83.973096280727    -83.973096280727         0.14393E-03
    -83.973069068981    -83.973069068981         0.18409E-03
    -83.973067537436    -83.973067537436         0.16916E-03
    -83.973070055668    -83.973070055668         0.12013E-03
    -83.973062687278    -83.973062687278         0.16950E-03
    -83.973070613541    -83.973070613541         0.16247E-03
    -83.973064700847    -83.973064700847         0.18747E-03
    -83.973056730348    -83.973056730348         0.99928E-04
    -83.973033176157    -83.973033176157         0.55410E-04
    -83.972959478963    -83.972959478963         0.16645E-03
    -83.972947249024    -83.972947249024         0.14985E-03
    -83.972944063686    -83.972944063686         0.14858E-03
    -83.976678470654    -83.976678470654         0.16565E-03
    -83.972939362579    -83.972939362579         0.19832E-03
    -83.972946596904    -83.972946596904         0.18032E-03
    -83.972941728472    -83.972941728472         0.19506E-04
    -83.972933944794    -83.972933944794         0.10505E-03
    -83.972948256930    -83.972948256930         0.53959E-04
    -83.972940681601    -83.972940681601         0.54795E-04
    -83.972933818667    -83.972933818667         0.10097E-03
    -83.972820049583    -83.972820049583         0.13072E-03
    -83.972825573961    -83.972825573961         0.10872E-03
    -83.972510034309    -83.972510034309         0.14362E-03
    -83.972797792087    -83.972797792087         0.10497E-03
    -83.972513339646    -83.972513339646         0.95728E-04
    -83.972510767070    -83.972510767070         0.17017E-03
    -83.972513445718    -83.972513445718         0.11238E-03
    -83.972510834975    -83.972510834975         0.16462E-03
    -83.972501301637    -83.972501301637         0.81136E-04
    -83.972509190810    -83.972509190810         0.10557E-03
    -83.972497359150    -83.972497359150         0.16398E-03
    -83.972294587889    -83.972294587889         0.18419E-03
    -83.971839053386    -83.971839053386         0.17203E-03
    -83.972291261345    -83.972291261345         0.16262E-03
    -83.971646869591    -83.971646869591         0.26371E-04
    -83.971641410023    -83.971641410023         0.76101E-04
    -83.971642274587    -83.971642274587         0.14693E-03
    -83.971453719458    -83.971453719458         0.16484E-03
    -83.971453964645    -83.971453964645         0.15243E-03
    -83.971640079651    -83.971640079651         0.92034E-04
    -83.971454379721    -83.971454379721         0.13607E-03
    -83.971450690437    -83.971450690437         0.32204E-04
    -83.971448590382    -83.971448590382         0.60963E-04
    -83.971451955632    -83.971451955632         0.13425E-03
    -83.971416317318    -83.971416317318         0.11834E-03
    -83.971414750917    -83.971414750917         0.73797E-04
    -83.971391648733    -83.971391648733         0.54336E-04
    -83.971448463432    -83.971448463432         0.96614E-04
    -83.971410843633    -83.971410843633         0.59942E-04
    -83.971424968900    -83.971424968900         0.93016E-04
    -83.971438142873    -83.971438142873         0.15522E-03
    -83.971195865144    -83.971195865144         0.11151E-03
    -83.971192150884    -83.971192150884         0.14951E-03
    -83.971409553621    -83.971409553621         0.13579E-03
    -83.971189874983    -83.971189874983         0.19861E-03
    -83.971174305847    -83.971174305847         0.19788E-03
    -83.971160503298    -83.971160503298         0.42523E-04
    -83.971161100649    -83.971161100649         0.56431E-04
    -83.970910283612    -83.970910283612         0.16129E-03
    -83.970908698387    -83.970908698387         0.18208E-03
    -83.970896833865    -83.970896833865         0.89218E-04
    -83.970900884447    -83.970900884447         0.65241E-04
    -83.972498425805    -83.972498425805         0.34877E-04
    -83.970893529365    -83.970893529365         0.18383E-03
    -83.970896391618    -83.970896391618         0.32516E-04
    -83.970786420918    -83.970786420918         0.96600E-04
    -83.970764222662    -83.970764222662         0.99542E-04
    -83.970763809567    -83.970763809567         0.91760E-04
    -83.970762896055    -83.970762896055         0.13492E-03
    -83.970763782671    -83.970763782671         0.95185E-04
    -83.970755466030    -83.970755466030         0.19926E-03
    -83.970752716966    -83.970752716966         0.59616E-04
    -83.970755336306    -83.970755336306         0.16503E-03
    -83.970744086487    -83.970744086487         0.80800E-04
    -83.970755259862    -83.970755259862         0.58223E-04
    -83.970614127271    -83.970614127271         0.12281E-03
    -83.970614097197    -83.970614097197         0.13895E-03
    -83.970772586297    -83.970772586297         0.40179E-04
    -83.970613180451    -83.970613180451         0.14204E-03
    -83.970529595977    -83.970529595977         0.15724E-03
    -83.970613757994    -83.970613757994         0.12123E-03
    -83.970528957895    -83.970528957895         0.16939E-03
    -83.970529511830    -83.970529511830         0.17852E-03
    -83.970528075668    -83.970528075668         0.13582E-03
    -83.970477567949    -83.970477567949         0.14442E-03
    -83.970521068290    -83.970521068290         0.10606E-03
    -83.970529202222    -83.970529202222         0.16608E-03
    -83.970386621384    -83.970386621384         0.12113E-03
    -83.970386310085    -83.970386310085         0.11236E-03
    -83.970269335959    -83.970269335959         0.11796E-03
    -83.970270172941    -83.970270172941         0.18109E-03
    -83.970120653516    -83.970120653516         0.18651E-03
    -83.969993945688    -83.969993945688         0.12928E-03
    -83.969993050836    -83.969993050836         0.13416E-03
    -83.970114637777    -83.970114637777         0.12502E-03
    -83.969994085737    -83.969994085737         0.94516E-04
    -83.969992898600    -83.969992898600         0.99113E-04
    -83.969927917729    -83.969927917729         0.11639E-03
    -83.969991800052    -83.969991800052         0.13798E-03
    -83.969926646557    -83.969926646557         0.13348E-03
    -83.969922746332    -83.969922746332         0.10061E-03
    -83.969841727771    -83.969841727771         0.16054E-03
    -83.969926517719    -83.969926517719         0.15980E-03
    -83.969842525026    -83.969842525026         0.13902E-03
    -83.969841143813    -83.969841143813         0.11176E-03
    -83.969805021651    -83.969805021651         0.97336E-04
    -83.969808469644    -83.969808469644         0.15419E-03
    -83.969837977943    -83.969837977943         0.18656E-03
    -83.969805212327    -83.969805212327         0.19365E-03
    -83.969808399095    -83.969808399095         0.15459E-03
    -83.969803416293    -83.969803416293         0.73115E-04
    -83.969808705456    -83.969808705456         0.94177E-04
    -83.969809162651    -83.969809162651         0.16500E-03
    -83.969808692934    -83.969808692934         0.13018E-03
    -83.969807950315    -83.969807950315         0.15255E-03
    -83.969806943988    -83.969806943988         0.17054E-03
    -83.969809060458    -83.969809060458         0.85603E-04
    -83.969808691308    -83.969808691308         0.14194E-03
    -83.969806892302    -83.969806892302         0.18368E-03
    -83.969801948492    -83.969801948492         0.19635E-03
    -83.969802677227    -83.969802677227         0.19850E-03
    -83.969808498906    -83.969808498906         0.18666E-03
    -83.969808707069    -83.969808707069         0.81639E-04
    -83.969790309079    -83.969790309079         0.13881E-03
    -83.969790230822    -83.969790230822         0.94609E-04
    -83.969807877263    -83.969807877263         0.13732E-03
    -83.969808758134    -83.969808758134         0.10503E-03
    -83.969808913784    -83.969808913784         0.12953E-03
    -83.969791120055    -83.969791120055         0.13403E-03
    -83.969751557613    -83.969751557613         0.11880E-03
    -83.969807545050    -83.969807545050         0.15173E-03
    -83.969746386943    -83.969746386943         0.17662E-03
    -83.969746839132    -83.969746839132         0.12823E-03
    -83.969739906023    -83.969739906023         0.83680E-04
    -83.969723437514    -83.969723437514         0.12824E-03
    -83.969722986578    -83.969722986578         0.19539E-03
    -83.969723416388    -83.969723416388         0.15901E-03
    -83.969717738788    -83.969717738788         0.19319E-03
    -83.969804909224    -83.969804909224         0.22216E-04
    -83.969722898915    -83.969722898915         0.19171E-03
    -83.969722674023    -83.969722674023         0.12108E-03
    -83.969719993040    -83.969719993040         0.13059E-03
    -83.969719225943    -83.969719225943         0.15494E-03
    -83.969723312828    -83.969723312828         0.12113E-03
    -83.969686178686    -83.969686178686         0.68467E-04
    -83.969721250867    -83.969721250867         0.91846E-04
    -83.969637627658    -83.969637627658         0.14428E-03
    -83.969637428607    -83.969637428607         0.13514E-03
    -83.969633923846    -83.969633923846         0.19466E-03
    -83.969701574283    -83.969701574283         0.49700E-04
    -83.969636445733    -83.969636445733         0.18365E-03
    -83.969637215545    -83.969637215545         0.19220E-03
    -83.969636026224    -83.969636026224         0.19472E-03
    -83.969636442950    -83.969636442950         0.17838E-03
    -83.969634224053    -83.969634224053         0.16778E-03
    -83.969694341630    -83.969694341630         0.50925E-04
    -83.969687051687    -83.969687051687         0.48195E-04
    -83.969629498031    -83.969629498031         0.13245E-03
    -83.969636855230    -83.969636855230         0.15480E-03
    -83.969634178257    -83.969634178257         0.19577E-03
    -83.969630885917    -83.969630885917         0.69797E-04
    -83.969637190704    -83.969637190704         0.14420E-03
    -83.969621722808    -83.969621722808         0.14474E-03
    -83.969635757387    -83.969635757387         0.14246E-03
    -83.969633540091    -83.969633540091         0.11108E-03
    -83.969549350301    -83.969549350301         0.95111E-04
    -83.969804992491    -83.969804992491         0.17157E-03
    -83.969551824789    -83.969551824789         0.17948E-03
    -83.969532007250    -83.969532007250         0.12761E-03
    -83.969554916424    -83.969554916424         0.19163E-03
    -83.969530202384    -83.969530202384         0.10046E-03
    -83.969549725200    -83.969549725200         0.10203E-03
    -83.969517626035    -83.969517626035         0.19260E-03
    -83.969515720022    -83.969515720022         0.18243E-03
    -83.969515746813    -83.969515746813         0.13675E-03
    -83.969493114081    -83.969493114081         0.18299E-03
    -83.969488542821    -83.969488542821         0.19241E-03
    -83.969506722540    -83.969506722540         0.18267E-03
    -83.969547487788    -83.969547487788         0.95926E-04
    -83.969489435120    -83.969489435120         0.18715E-03
    -83.969515429349    -83.969515429349         0.12763E-03
    -83.969517197109    -83.969517197109         0.12720E-03
    -83.969510076322    -83.969510076322         0.63738E-04
    -83.969489021649    -83.969489021649         0.17149E-03
    -83.969520832522    -83.969520832522         0.13403E-03
    -83.970753071343    -83.970753071343         0.17581E-03
    -83.969488838809    -83.969488838809         0.16314E-03
    -83.969490884781    -83.969490884781         0.16487E-03
    -83.969520539641    -83.969520539641         0.18804E-03
    -83.969498018998    -83.969498018998         0.91939E-04
    -83.969483514597    -83.969483514597         0.95358E-04
    -83.969484574803    -83.969484574803         0.13441E-03
    -83.969490778422    -83.969490778422         0.19864E-03
    -83.970752354313    -83.970752354313         0.78059E-04
    -83.969492163131    -83.969492163131         0.12889E-03
    -83.969505561068    -83.969505561068         0.17773E-03
    -83.969472418704    -83.969472418704         0.80315E-04
    -83.969494268141    -83.969494268141         0.13481E-03
    -83.969521356597    -83.969521356597         0.13176E-03
    -83.969484976612    -83.969484976612         0.16988E-03
    -83.969490012874    -83.969490012874         0.11340E-03
    -83.969485283139    -83.969485283139         0.14749E-03
    -83.969471909824    -83.969471909824         0.61538E-04
    -83.969468337181    -83.969468337181         0.49435E-04
    -83.969479132385    -83.969479132385         0.12056E-03
    -83.969485750472    -83.969485750472         0.13119E-03
    -83.969491393381    -83.969491393381         0.19132E-03
    -83.969481874214    -83.969481874214         0.17190E-03
    -83.969522013256    -83.969522013256         0.15477E-03
    -83.969442229617    -83.969442229617         0.76264E-04
