  53
 Etot=         -68.3967980265
 C         -3.8272395423       -2.4012356700       -1.4930232108
 C         -3.7446084987       -1.3520834401       -0.3911524925
 C         -4.8117404833       -0.2728576168       -0.5596491693
 C         -4.7515776201        0.8189488148        0.5114054788
 C         -3.7478760133        1.9399561264        0.2057170099
 C         -2.3130049510        1.4981138987        0.2325928736
 C         -1.5576523889        1.4442786613       -0.9276673749
 C         -0.2285223028        1.0381094977       -0.8989272564
 O          0.4994375952        0.9802786009       -2.0509537050
 C          0.3860711500        0.6791447929        0.3017843876
 C          1.8256553633        0.2499004331        0.3655416035
 C          2.7598174124        1.2665161372       -0.2175899729
 C          4.0448492453        0.9579644283       -0.3272290169
 C          5.0931860527        1.8629142541       -0.8898190686
 C          4.4538770905       -0.4075089076        0.1421124355
 C          3.5276224241       -1.4713531204       -0.4633999887
 C          2.0306225285       -1.1132333215       -0.3519915654
 C          1.2273273408       -2.1783763399        0.3574084337
 C          0.0464028029       -2.7047509931       -0.3987271268
 C          1.5328346968       -2.6075106783        1.5713967029
 C         -0.3833766523        0.7369009312        1.4656048918
 O          0.2072783990        0.3977093646        2.6472492637
 C         -1.7102982041        1.1426204256        1.4298248140
 H         -3.0656907311       -3.1643827460       -1.3519244477
 H         -4.8027938057       -2.8834311011       -1.4913938857
 H         -3.6756144202       -1.9428523735       -2.4682003382
 H         -3.8751260358       -1.8362543179        0.5795655633
 H         -2.7558761169       -0.8933556368       -0.3992047015
 H         -4.7125434423        0.1836055046       -1.5471154685
 H         -5.7936314139       -0.7521025425       -0.5202718036
 H         -5.7389027489        1.2789582747        0.6005904816
 H         -4.5108188717        0.3651789486        1.4744041743
 H         -3.9812822445        2.3646266982       -0.7727103669
 H         -3.8834861267        2.7282116687        0.9517157236
 H         -2.0050560474        1.7193030666       -1.8746609123
 H         -0.0433109600        1.2860108538       -2.7873726393
 H          2.0771804678        0.1047809481        1.4211688978
 H          2.3611260439        2.2181572068       -0.5311874455
 H          5.8816338585        2.0322681475       -0.1560267612
 H          4.6663772608        2.8216312085       -1.1735329065
 H          5.5507468662        1.4095294889       -1.7695320595
 H          4.3758193357       -0.4493708824        1.2330471932
 H          5.4886044354       -0.6239164012       -0.1284939338
 H          3.7858773708       -1.5839924852       -1.5180902442
 H          3.7161719878       -2.4290273983        0.0245751470
 H          1.6320234726       -0.9926894218       -1.3611727465
 H          0.3751587063       -3.1838515565       -1.3211970378
 H         -0.6168168721       -1.8836365059       -0.6682672754
 H         -0.5117530491       -3.4270509070        0.1920940376
 H          0.9456102780       -3.3583463477        2.0731175955
 H          2.3775488748       -2.2265205321        2.1189927109
 H         -0.4416056228        0.4682735427        3.3571082604
 H         -2.2783445043        1.1861700140        2.3500451222
  53
 Etot=         -68.3967982008
 C         -3.8272488419       -2.4011822478       -1.4931346112
 C         -3.7443934574       -1.3521830553       -0.3910374680
 C         -4.8116182546       -0.2729883342       -0.5594606665
 C         -4.7515019107        0.8189959960        0.5113649903
 C         -3.7479513609        1.9399138145        0.2056932087
 C         -2.3129583920        1.4983331485        0.2326283311
 C         -1.5576031855        1.4445575173       -0.9276534891
 C         -0.2286016642        1.0381060821       -0.8988647707
 O          0.4993455933        0.9802475696       -2.0509664690
 C          0.3860115536        0.6791341303        0.3017784989
 C          1.8256093377        0.2500374184        0.3655201830
 C          2.7597842879        1.2665255798       -0.2174384566
 C          4.0448366710        0.9580459802       -0.3272356446
 C          5.0931967232        1.8629628107       -0.8898358453
 C          4.4538893699       -0.4075118437        0.1420623252
 C          3.5276720673       -1.4713253234       -0.4633348948
 C          2.0307413994       -1.1133464999       -0.3521172891
 C          1.2272777211       -2.1783826571        0.3573192720
 C          0.0461460443       -2.7047025744       -0.3986853309
 C          1.5327919517       -2.6075967696        1.5713114530
 C         -0.3834323300        0.7368659885        1.4656233685
 O          0.2072578940        0.3976318775        2.6472116213
 C         -1.7103070939        1.1427170868        1.4298006648
 H         -3.0659433086       -3.1645255937       -1.3519523952
 H         -4.8029762400       -2.8830490846       -1.4917139117
 H         -3.6753205424       -1.9426796686       -2.4681267459
 H         -3.8750408848       -1.8365074446        0.5795127545
 H         -2.7556169062       -0.8936473509       -0.3989867022
 H         -4.7125470072        0.1833805557       -1.5470359007
 H         -5.7935326612       -0.7521295022       -0.5199949949
 H         -5.7387912710        1.2790494267        0.6004284846
 H         -4.5108133103        0.3652414441        1.4744988227
 H         -3.9812801333        2.3644555401       -0.7728430035
 H         -3.8835756231        2.7283691077        0.9515522610
 H         -2.0051038294        1.7191759233       -1.8747580447
 H         -0.0433826573        1.2860152125       -2.7874013425
 H          2.0770962129        0.1044825080        1.4211961551
 H          2.3610765313        2.2182137477       -0.5310936630
 H          5.8815286940        2.0325212833       -0.1559942821
 H          4.6663008491        2.8215893418       -1.1737451038
 H          5.5508646399        1.4094307723       -1.7693553273
 H          4.3759623766       -0.4492723139        1.2329523299
 H          5.4886195874       -0.6239367169       -0.1285030581
 H          3.7860708190       -1.5842477504       -1.5179831254
 H          3.7161178189       -2.4288774658        0.0248026850
 H          1.6321405619       -0.9924924273       -1.3612112015
 H          0.3749557072       -3.1838176095       -1.3211869671
 H         -0.6170261019       -1.8836440870       -0.6682602621
 H         -0.5117996204       -3.4269807216        0.1922842566
 H          0.9455653225       -3.3584109744        2.0730094245
 H          2.3776713292       -2.2267233819        2.1187611878
 H         -0.4415472976        0.4683697620        3.3571390877
 H         -2.2783057888        1.1861624685        2.3500374811
