  49
 Etot=         -66.4101691576
 C          5.6868218680        0.5910236223       -2.6680701011
 C          5.5597828329       -0.2501992903       -1.4037742918
 C          4.6172897927        0.3908089541       -0.3882772250
 C          4.4891362650       -0.4460711276        0.8812441321
 C          3.5452434886        0.1937875723        1.9080992605
 C          2.1379738128        0.2673650743        1.3914736968
 C          1.3531131781       -0.8714615110        1.3330534642
 C          0.0646779068       -0.8145578299        0.8195455096
 C         -0.5052950784        0.3971830676        0.3956613589
 C          0.3142398264        1.5346052955        0.4240521889
 O         -0.1539216222        2.7283713575       -0.0431068797
 C          1.6128885487        1.4566597334        0.9092688571
 C         -1.9210413085        0.3771840334        0.0246873567
 C         -2.7147776089        1.5211134274        0.0022112212
 C         -4.0623124275        1.4634353072       -0.3137387236
 C         -4.8891955894        2.7130143783       -0.3627580520
 C         -4.6289778303        0.2297430918       -0.6038758775
 C         -3.8627451121       -0.9204617614       -0.5598956151
 C         -2.5163071973       -0.8633744082       -0.2415457839
 C         -1.6460907777       -2.0993171621       -0.2170280483
 C         -2.4030807348       -3.3719722883        0.1650961395
 C         -0.9802507270       -2.2676758750       -1.5940136620
 O         -0.6263800953       -1.9792558332        0.7821892144
 H          4.7154475490        0.7142402612       -3.1422283446
 H          6.3583777966        0.1161699371       -3.3796147357
 H          6.0796264452        1.5779061163       -2.4322113103
 H          6.5464462331       -0.3773963058       -0.9517973622
 H          5.1854777812       -1.2426491910       -1.6648543251
 H          3.6299424394        0.5118072334       -0.8394313708
 H          4.9906018526        1.3851845357       -0.1300878084
 H          5.4757602722       -0.5684824903        1.3345668885
 H          4.1142300984       -1.4380313283        0.6217566089
 H          3.9054784780        1.1954917481        2.1508846308
 H          3.5622348970       -0.4055162976        2.8209841259
 H          1.7261692267       -1.8227120219        1.6780602471
 H          0.5542084194        3.3825799188        0.0044365374
 H          2.2211952343        2.3527044791        0.9182656241
 H         -2.2732896539        2.4744755067        0.2370572900
 H         -4.9706701106        3.0650620619       -1.3916954585
 H         -5.8951469791        2.5262268651        0.0076224089
 H         -4.4341503629        3.5028288125        0.2297218865
 H         -5.6769139367        0.1658139974       -0.8603086183
 H         -4.3268315983       -1.8688849746       -0.7812924285
 H         -3.0407629965       -3.7052554172       -0.6473674661
 H         -3.0042079394       -3.1992744958        1.0539827401
 H         -1.6777615151       -4.1515442775        0.3839336478
 H         -0.3748164811       -1.3926881802       -1.8228456961
 H         -1.7406963850       -2.3765510505       -2.3625617804
 H         -0.3398808961       -3.1469955511       -1.5919544180
  49
 Etot=         -66.4101691614
 C          5.6867743747        0.5908769352       -2.6681288596
 C          5.5599279108       -0.2499217197       -1.4037887525
 C          4.6173599389        0.3908375189       -0.3882475235
 C          4.4888967355       -0.4460065958        0.8812056445
 C          3.5451907359        0.1937306464        1.9080934410
 C          2.1378971930        0.2674996052        1.3916608659
 C          1.3530513645       -0.8712925159        1.3331629293
 C          0.0647629151       -0.8145176169        0.8194223629
 C         -0.5052018960        0.3971981426        0.3956606951
 C          0.3140776999        1.5346375864        0.4241438109
 O         -0.1541650692        2.7282902279       -0.0434259106
 C          1.6127820196        1.4567536332        0.9093877758
 C         -1.9208562381        0.3771754539        0.0243655767
 C         -2.7145954216        1.5210232097        0.0022294642
 C         -4.0621652400        1.4634419415       -0.3135886453
 C         -4.8890026960        2.7129392301       -0.3626895857
 C         -4.6288729463        0.2298491193       -0.6038874001
 C         -3.8625134002       -0.9203928775       -0.5605538004
 C         -2.5160167154       -0.8633856454       -0.2420810961
 C         -1.6460623351       -2.0995427732       -0.2171290721
 C         -2.4031641283       -3.3720302149        0.1651085669
 C         -0.9804136932       -2.2676166598       -1.5939853399
 O         -0.6262769854       -1.9792773627        0.7820014508
 H          4.7152972560        0.7139572954       -3.1421394402
 H          6.3583995756        0.1159426349       -3.3795586813
 H          6.0795117160        1.5777920919       -2.4323516810
 H          6.5467598645       -0.3769064805       -0.9521077142
 H          5.1856026684       -1.2424439419       -1.6643986869
 H          3.6300197828        0.5118427983       -0.8393597490
 H          4.9906758275        1.3851296185       -0.1298083474
 H          5.4755409640       -0.5684265789        1.3344439740
 H          4.1137632364       -1.4379211611        0.6217600912
 H          3.9052647612        1.1953854197        2.1511136852
 H          3.5622022596       -0.4057897931        2.8208121037
 H          1.7260875218       -1.8225599561        1.6782481142
 H          0.5540567084        3.3826417518        0.0042928260
 H          2.2211670533        2.3528184940        0.9178943288
 H         -2.2731618275        2.4742586245        0.2376895678
 H         -4.9708050730        3.0647253690       -1.3917267212
 H         -5.8948292384        2.5262827577        0.0080627073
 H         -4.4338213965        3.5028722233        0.2295201853
 H         -5.6768622131        0.1660901789       -0.8599738063
 H         -4.3267595806       -1.8689004022       -0.7813815211
 H         -3.0410708433       -3.7054571405       -0.6471636124
 H         -3.0041275069       -3.1994355788        1.0541422068
 H         -1.6776106402       -4.1514791072        0.3838003652
 H         -0.3745892499       -1.3928871148       -1.8227900164
 H         -1.7409848664       -2.3763271107       -2.3624699216
 H         -0.3402816039       -3.1470164409       -1.5919672019
