  45
 Etot=         -61.0600743771
 C          3.1894385131        1.1307076013       -1.8857925375
 C          3.5455079409        0.3514630308       -0.6156806365
 C          3.6953099759       -1.1677147633       -0.8925054830
 C          2.4658373489       -1.8849126711       -0.3014701587
 C          1.4926598680       -0.7361281715       -0.0652778726
 C          2.4000053451        0.3982466421        0.4429294875
 C          1.5907915373        1.6478882071        0.5809466118
 C          0.2594834576        1.6174534658        0.7027041488
 C         -0.5189597372        0.3959823438        0.5815866298
 C         -1.8179327651        0.3883807151        0.1890395586
 C         -2.6463077857        1.6522768783        0.1370541528
 C         -3.9554653559        1.5052054513       -0.6319215377
 C         -4.6848461337        0.2242590472       -0.2768646588
 O         -5.8808618104        0.1773192570       -0.0790429532
 C         -3.8106998388       -0.9378880424       -0.3106350270
 C         -2.4718273336       -0.8500549192       -0.1654128982
 C         -1.5793200947       -2.0283733271       -0.4152770863
 C         -0.5504847771       -2.1484978652        0.6987573942
 C          0.2703330020       -0.8680592277        0.8454861223
 C          3.0237060593        0.1356643461        1.8268953215
 O          4.7859141115        0.8169065977       -0.1240733974
 H          3.0296994631        2.1830376923       -1.6545884646
 H          4.0129094808        1.0526606178       -2.5931321020
 H          2.2903250242        0.7444345962       -2.3553813877
 H          4.6222885601       -1.5058215158       -0.4325076199
 H          3.7729104854       -1.3424265877       -1.9644099034
 H          2.7084394166       -2.3913994950        0.6321826545
 H          2.0685628233       -2.6253355699       -0.9943504751
 H          1.1180486393       -0.4313773977       -1.0494208635
 H          2.1214924279        2.5869687808        0.6634927435
 H         -0.2760090554        2.5451346992        0.8395878440
 H         -2.8749392310        1.9414197812        1.1689310675
 H         -2.0721482378        2.4629132746       -0.3137560229
 H         -3.7504470363        1.4576028327       -1.7059436678
 H         -4.6051731308        2.3621751311       -0.4496138785
 H         -4.2826616743       -1.8927016215       -0.4937745644
 H         -1.0670676441       -1.8707889689       -1.3695648903
 H         -2.1678424130       -2.9428756332       -0.4964463955
 H         -1.0813072022       -2.3361343933        1.6353597741
 H          0.1130525985       -2.9942997683        0.5174524273
 H          0.6134685269       -0.8287305922        1.8839086298
 H          3.6700770592        0.9694720150        2.0906231584
 H          2.2622527453        0.0513277655        2.5974697485
 H          3.6306772743       -0.7629519336        1.8201417480
 H          4.7485166711        1.7767161214       -0.0495663491
