    -61.069548815403    -61.069548815403         0.67794E-04
    -61.069548925267    -61.069548925267         0.11604E-03
    -61.069548795064    -61.069548795064         0.18673E-03
    -61.069548243992    -61.069548243992         0.14870E-03
    -61.069548816568    -61.069548816568         0.13417E-03
    -61.069547967308    -61.069547967308         0.14293E-03
    -61.069547846760    -61.069547846760         0.19854E-03
    -61.069548552560    -61.069548552560         0.17549E-03
    -61.069354477076    -61.069354477076         0.43065E-04
    -61.069547301014    -61.069547301014         0.18573E-03
    -61.069354139302    -61.069354139302         0.19930E-03
    -61.069354028261    -61.069354028261         0.13756E-03
    -61.069353431699    -61.069353431699         0.19928E-03
    -61.069353843636    -61.069353843636         0.14880E-03
    -61.069352944569    -61.069352944569         0.16468E-03
    -61.069353527960    -61.069353527960         0.16006E-03
    -61.069353587762    -61.069353587762         0.19354E-03
    -61.069195317637    -61.069195317637         0.10025E-03
    -61.069195147283    -61.069195147283         0.11914E-03
    -61.069353146570    -61.069353146570         0.14099E-03
    -61.069194658707    -61.069194658707         0.87980E-04
    -61.069194367305    -61.069194367305         0.14920E-03
    -61.069194639930    -61.069194639930         0.86569E-04
    -61.069194723971    -61.069194723971         0.97696E-04
    -61.069194183807    -61.069194183807         0.19211E-03
    -61.069194256544    -61.069194256544         0.41553E-04
    -61.069096106818    -61.069096106818         0.86502E-04
    -61.069095959917    -61.069095959917         0.14719E-03
    -61.069193544330    -61.069193544330         0.15609E-03
    -61.069095823785    -61.069095823785         0.69105E-04
    -61.069095524450    -61.069095524450         0.16172E-03
    -61.069095906398    -61.069095906398         0.14587E-03
    -61.069094792075    -61.069094792075         0.16654E-03
    -61.069094428161    -61.069094428161         0.17203E-03
    -61.069095142274    -61.069095142274         0.17726E-03
    -61.069094850825    -61.069094850825         0.12658E-03
    -61.068996024692    -61.068996024692         0.11048E-03
    -61.068996397990    -61.068996397990         0.63260E-04
    -61.068995214805    -61.068995214805         0.17981E-03
    -61.068995327101    -61.068995327101         0.11334E-03
    -61.068994776529    -61.068994776529         0.18431E-03
    -61.068995105347    -61.068995105347         0.19172E-03
    -61.068995280484    -61.068995280484         0.18469E-03
    -61.068993516032    -61.068993516032         0.10327E-03
    -61.068664550121    -61.068664550121         0.94169E-04
    -61.068995226443    -61.068995226443         0.75784E-04
    -61.068664453976    -61.068664453976         0.10168E-03
    -61.068664069629    -61.068664069629         0.14982E-03
    -61.068664451091    -61.068664451091         0.81727E-04
    -61.068662803843    -61.068662803843         0.17744E-03
    -61.068664124153    -61.068664124153         0.87531E-04
    -61.068664365011    -61.068664365011         0.18914E-03
    -61.068662966544    -61.068662966544         0.13979E-03
    -61.063629163975    -61.063629163975         0.15758E-03
    -61.063629235514    -61.063629235514         0.19451E-03
    -61.063628514489    -61.063628514489         0.16650E-03
    -61.063628940952    -61.063628940952         0.14406E-03
    -61.063629181312    -61.063629181312         0.15525E-03
    -61.063628286978    -61.063628286978         0.12351E-03
    -61.063628211900    -61.063628211900         0.13848E-03
    -61.063627078062    -61.063627078062         0.19232E-03
    -61.063395943167    -61.063395943167         0.16440E-03
    -61.063628244301    -61.063628244301         0.83993E-04
    -61.063395647692    -61.063395647692         0.10327E-03
    -61.063395078328    -61.063395078328         0.17977E-03
    -61.063395231479    -61.063395231479         0.93786E-04
    -61.063394579104    -61.063394579104         0.60974E-04
    -61.063395376850    -61.063395376850         0.12103E-03
    -61.063395607542    -61.063395607542         0.14551E-03
    -61.063009715268    -61.063009715268         0.15248E-03
    -61.063009855533    -61.063009855533         0.69462E-04
    -61.063009534610    -61.063009534610         0.18691E-03
    -61.063008835905    -61.063008835905         0.16661E-03
    -61.063009362032    -61.063009362032         0.17639E-03
    -61.063009033976    -61.063009033976         0.17044E-03
