
       ╔════════════════════════════════════════════╗
       ║            ___ ___ ___ ___ _____           ║
       ║           / __| _ \ __/ __|_   _|          ║
       ║          | (__|   / _|\__ \ | |            ║
       ║           \___|_|_\___|___/ |_|            ║
       ║                                            ║
       ║  Conformer-Rotamer Ensemble Sampling Tool  ║
       ║          based on the xTB methods          ║
       ║                                            ║
       ╚════════════════════════════════════════════╝
       Version 3.0.2, Tue, 05 August 16:25:20, 08/05/2025
       commit (6914a25) compiled by 'usr@b54ea9d7c43e'

   Cite work conducted with this code as

   • P.Pracht, F.Bohle, S.Grimme, PCCP, 2020, 22, 7169-7192.
   • S.Grimme, JCTC, 2019, 15, 2847-2862.
   • P.Pracht, S.Grimme, C.Bannwarth, F.Bohle, S.Ehlert,
     G.Feldmann, J.Gorges, M.Müller, T.Neudecker, C.Plett,
     S.Spicher, P.Steinbach, P.Wesołowski, F.Zeller,
     J. Chem. Phys., 2024, 160, 114110.

   for works involving QCG cite

   • S.Spicher, C.Plett, P.Pracht, A.Hansen, S.Grimme,
     JCTC, 2022, 18 (5), 3174-3189.
   • C.Plett, S. Grimme,
     Angew. Chem. Int. Ed. 2023, 62, e202214477.

   for works involving MECP screening cite

   • P.Pracht, C.Bannwarth, JCTC, 2022, 18 (10), 6370-6385.

   Original code
     P.Pracht, S.Grimme, Universität Bonn, MCTC
   with help from (alphabetical order):
     C.Bannwarth, F.Bohle, S.Ehlert, G.Feldmann, J.Gorges,
     S.Grimme, C.Plett, P.Pracht, S.Spicher, P.Steinbach,
     P.Wesolowski, F.Zeller

   Online documentation is available at
   https://crest-lab.github.io/crest-docs/

   This program is distributed in the hope that it will be useful,
   but WITHOUT ANY WARRANTY; without even the implied warranty of
   MERCHANTABILITY or FITNESS FOR A PARTICULAR PURPOSE. See the
   GNU Lesser General Public License (LGPL) for more details.

 Command line input:
 $ crest /home/crest/shared_files/sources/ligands/cannabinoids_inib/R1881/R1881.xyz --gfn2 --ewin 5.0 -T 2

  --gfn2               : Use of GFN2-xTB requested.
  --ewin 5.0
  -T 2 (CPUs/Threads selected)

> Setting up backup calculator ... done.
 ----------------
 Calculation info
 ----------------
> User-defined calculation level:
 : xTB calculation via tblite lib
 : GFN2-xTB level
 :   Molecular charge    : 0
 :   Fermi temperature   : 300.00000
 :   Accuracy            : 1.00000
 :   max SCC cycles      : 500


 -----------------------------
 Initial Geometry Optimization
 -----------------------------
 Geometry successfully optimized.

          ┍━━━━━━━━━━━━━━━━━━━━━━━━━━━━━━━━━━━━━━━━━━━━━━━━━┑
          │              CREST iMTD-GC SAMPLING             │
          ┕━━━━━━━━━━━━━━━━━━━━━━━━━━━━━━━━━━━━━━━━━━━━━━━━━┙

 Input structure:
  45

 C          3.1893031668        1.1306570321       -1.8858579421
 C          3.5456045906        0.3514533107       -0.6158844613
 C          3.6954349292       -1.1677980201       -0.8924819409
 C          2.4658257914       -1.8849302370       -0.3014536633
 C          1.4927181796       -0.7361367756       -0.0650377836
 C          2.3999083689        0.3981076050        0.4428682864
 C          1.5908721556        1.6480448118        0.5809310269
 C          0.2595820444        1.6174903741        0.7027005905
 C         -0.5189490451        0.3959515244        0.5815652849
 C         -1.8177977582        0.3884837418        0.1890316633
 C         -2.6463046406        1.6523018811        0.1370852284
 C         -3.9555163065        1.5052587939       -0.6318921446
 C         -4.6846741951        0.2242243695       -0.2768373786
 O         -5.8806940589        0.1771068922       -0.0788591288
 C         -3.8104868805       -0.9378710784       -0.3107991966
 C         -2.4716525061       -0.8499556605       -0.1655123676
 C         -1.5793254861       -2.0283042995       -0.4152938584
 C         -0.5504425330       -2.1484488799        0.6986620738
 C          0.2701334511       -0.8679609324        0.8456881648
 C          3.0236211257        0.1357377398        1.8269015630
 O          4.7859113305        0.8169618428       -0.1242422375
 H          3.0296079611        2.1830849906       -1.6548286067
 H          4.0127449648        1.0527694367       -2.5932180851
 H          2.2901252903        0.7444301401       -2.3553656116
 H          4.6225771520       -1.5055903586       -0.4325757650
 H          3.7730151429       -1.3429437915       -1.9643476646
 H          2.7080957740       -2.3915809842        0.6321162930
 H          2.0685686319       -2.6254701457       -0.9944478012
 H          1.1178103552       -0.4315355149       -1.0492079388
 H          2.1215928215        2.5871749433        0.6635338399
 H         -0.2761478582        2.5448938701        0.8395965194
 H         -2.8748548447        1.9414315488        1.1689273778
 H         -2.0721627308        2.4627903577       -0.3137519836
 H         -3.7501552922        1.4578240034       -1.7058616736
 H         -4.6051630901        2.3623638683       -0.4497517896
 H         -4.2824505416       -1.8927553938       -0.4936992143
 H         -1.0669824328       -1.8709338136       -1.3695680636
 H         -2.1680256431       -2.9427707715       -0.4965602109
 H         -1.0811943386       -2.3361705416        1.6352946547
 H          0.1132616414       -2.9943010184        0.5173763513
 H          0.6132872000       -0.8285463973        1.8841839254
 H          3.6700163067        0.9696438987        2.0910599667
 H          2.2621574259        0.0512841725        2.5974758921
 H          3.6305166007       -0.7629567468        1.8196321601
 H          4.7480948786        1.7766346387       -0.0491559591

 ------------------------------------------------
 Generating MTD length from a flexibility measure
 ------------------------------------------------
 Calculating GFN0-xTB WBOs   ... done.
 Calculating NCI flexibility ... done.
     covalent flexibility measure :   0.075
 non-covalent flexibility measure :   0.694
 flexibility measure :   0.133
 t(MTD) / ps    :     5.0
 Σ(t(MTD)) / ps :    70.0 (14 MTDs)

 -----------------------------------
 Starting trial MTD to test settings
 -----------------------------------
 Trial MTD 1 runtime (1.0 ps) ...        0 min, 15.274 sec
 Estimated runtime for one MTD (5.0 ps) on a single thread: 1 min 16 sec
 Estimated runtime for a batch of 14 MTDs on 2 threads: 8 min 55 sec

******************************************************************************************
**                         N E W   I T E R A T I O N  C Y C L E                         **
******************************************************************************************

 ------------------------------
 Meta-Dynamics Iteration 1
 ------------------------------
 list of applied metadynamics Vbias parameters:
$metadyn    0.13500   1.300
$metadyn    0.06750   1.300
$metadyn    0.03375   1.300
$metadyn    0.13500   0.780
$metadyn    0.06750   0.780
$metadyn    0.03375   0.780
$metadyn    0.13500   0.468
$metadyn    0.06750   0.468
$metadyn    0.03375   0.468
$metadyn    0.13500   0.281
$metadyn    0.06750   0.281
$metadyn    0.03375   0.281
$metadyn    0.04500   0.100
$metadyn    0.22500   0.800

  ::::::::::::: starting MTD    1 :::::::::::::
  |   MD simulation time   :     5.0 ps       |
  |   target T             :   300.0 K        |
  |   timestep dt          :     5.0 fs       |
  |   dump interval(trj)   :   100.0 fs       |
  |   SHAKE algorithm      : true (all bonds) |
  |   dump interval(Vbias) :    1.00 ps       |
  |   Vbias prefactor (k)  :  0.1350 Eh       |
  |   Vbias exponent (α)   :  1.3000 bohr⁻²   |
  ::::::::::::: starting MTD    8 :::::::::::::
  |   MD simulation time   :     5.0 ps       |
  |   target T             :   300.0 K        |
  |   timestep dt          :     5.0 fs       |
  |   dump interval(trj)   :   100.0 fs       |
  |   SHAKE algorithm      : true (all bonds) |
  |   dump interval(Vbias) :    1.00 ps       |
  |   Vbias prefactor (k)  :  0.0675 Eh       |
  |   Vbias exponent (α)   :  0.4680 bohr⁻²   |
*MTD   1 completed successfully ...        1 min, 24.894 sec
  ::::::::::::: starting MTD    2 :::::::::::::
  |   MD simulation time   :     5.0 ps       |
  |   target T             :   300.0 K        |
  |   timestep dt          :     5.0 fs       |
  |   dump interval(trj)   :   100.0 fs       |
  |   SHAKE algorithm      : true (all bonds) |
  |   dump interval(Vbias) :    1.00 ps       |
  |   Vbias prefactor (k)  :  0.0675 Eh       |
  |   Vbias exponent (α)   :  1.3000 bohr⁻²   |
*MTD   8 completed successfully ...        1 min, 25.053 sec
  ::::::::::::: starting MTD    9 :::::::::::::
  |   MD simulation time   :     5.0 ps       |
  |   target T             :   300.0 K        |
  |   timestep dt          :     5.0 fs       |
  |   dump interval(trj)   :   100.0 fs       |
  |   SHAKE algorithm      : true (all bonds) |
  |   dump interval(Vbias) :    1.00 ps       |
  |   Vbias prefactor (k)  :  0.0338 Eh       |
  |   Vbias exponent (α)   :  0.4680 bohr⁻²   |
*MTD   2 completed successfully ...        1 min, 23.997 sec
  ::::::::::::: starting MTD    3 :::::::::::::
  |   MD simulation time   :     5.0 ps       |
  |   target T             :   300.0 K        |
  |   timestep dt          :     5.0 fs       |
  |   dump interval(trj)   :   100.0 fs       |
  |   SHAKE algorithm      : true (all bonds) |
  |   dump interval(Vbias) :    1.00 ps       |
  |   Vbias prefactor (k)  :  0.0338 Eh       |
  |   Vbias exponent (α)   :  1.3000 bohr⁻²   |
*MTD   9 completed successfully ...        1 min, 25.120 sec
  ::::::::::::: starting MTD   10 :::::::::::::
  |   MD simulation time   :     5.0 ps       |
  |   target T             :   300.0 K        |
  |   timestep dt          :     5.0 fs       |
  |   dump interval(trj)   :   100.0 fs       |
  |   SHAKE algorithm      : true (all bonds) |
  |   dump interval(Vbias) :    1.00 ps       |
  |   Vbias prefactor (k)  :  0.1350 Eh       |
  |   Vbias exponent (α)   :  0.2808 bohr⁻²   |
*MTD   3 completed successfully ...        1 min, 24.591 sec
  ::::::::::::: starting MTD    4 :::::::::::::
  |   MD simulation time   :     5.0 ps       |
  |   target T             :   300.0 K        |
  |   timestep dt          :     5.0 fs       |
  |   dump interval(trj)   :   100.0 fs       |
  |   SHAKE algorithm      : true (all bonds) |
  |   dump interval(Vbias) :    1.00 ps       |
  |   Vbias prefactor (k)  :  0.1350 Eh       |
  |   Vbias exponent (α)   :  0.7800 bohr⁻²   |
*MTD  10 completed successfully ...        1 min, 25.686 sec
  ::::::::::::: starting MTD   11 :::::::::::::
  |   MD simulation time   :     5.0 ps       |
  |   target T             :   300.0 K        |
  |   timestep dt          :     5.0 fs       |
  |   dump interval(trj)   :   100.0 fs       |
  |   SHAKE algorithm      : true (all bonds) |
  |   dump interval(Vbias) :    1.00 ps       |
  |   Vbias prefactor (k)  :  0.0675 Eh       |
  |   Vbias exponent (α)   :  0.2808 bohr⁻²   |
*MTD   4 completed successfully ...        1 min, 24.909 sec
  ::::::::::::: starting MTD    5 :::::::::::::
  |   MD simulation time   :     5.0 ps       |
  |   target T             :   300.0 K        |
  |   timestep dt          :     5.0 fs       |
  |   dump interval(trj)   :   100.0 fs       |
  |   SHAKE algorithm      : true (all bonds) |
  |   dump interval(Vbias) :    1.00 ps       |
  |   Vbias prefactor (k)  :  0.0675 Eh       |
  |   Vbias exponent (α)   :  0.7800 bohr⁻²   |
*MTD  11 completed successfully ...        1 min, 25.251 sec
  ::::::::::::: starting MTD   12 :::::::::::::
  |   MD simulation time   :     5.0 ps       |
  |   target T             :   300.0 K        |
  |   timestep dt          :     5.0 fs       |
  |   dump interval(trj)   :   100.0 fs       |
  |   SHAKE algorithm      : true (all bonds) |
  |   dump interval(Vbias) :    1.00 ps       |
  |   Vbias prefactor (k)  :  0.0338 Eh       |
  |   Vbias exponent (α)   :  0.2808 bohr⁻²   |
*MTD   5 completed successfully ...        1 min, 24.297 sec
  ::::::::::::: starting MTD    6 :::::::::::::
  |   MD simulation time   :     5.0 ps       |
  |   target T             :   300.0 K        |
  |   timestep dt          :     5.0 fs       |
  |   dump interval(trj)   :   100.0 fs       |
  |   SHAKE algorithm      : true (all bonds) |
  |   dump interval(Vbias) :    1.00 ps       |
  |   Vbias prefactor (k)  :  0.0338 Eh       |
  |   Vbias exponent (α)   :  0.7800 bohr⁻²   |
*MTD  12 completed successfully ...        1 min, 24.723 sec
  ::::::::::::: starting MTD   13 :::::::::::::
  |   MD simulation time   :     5.0 ps       |
  |   target T             :   300.0 K        |
  |   timestep dt          :     5.0 fs       |
  |   dump interval(trj)   :   100.0 fs       |
  |   SHAKE algorithm      : true (all bonds) |
  |   dump interval(Vbias) :    1.00 ps       |
  |   Vbias prefactor (k)  :  0.0450 Eh       |
  |   Vbias exponent (α)   :  0.1000 bohr⁻²   |
*MTD   6 completed successfully ...        1 min, 24.584 sec
  ::::::::::::: starting MTD    7 :::::::::::::
  |   MD simulation time   :     5.0 ps       |
  |   target T             :   300.0 K        |
  |   timestep dt          :     5.0 fs       |
  |   dump interval(trj)   :   100.0 fs       |
  |   SHAKE algorithm      : true (all bonds) |
  |   dump interval(Vbias) :    1.00 ps       |
  |   Vbias prefactor (k)  :  0.1350 Eh       |
  |   Vbias exponent (α)   :  0.4680 bohr⁻²   |
*MTD  13 completed successfully ...        1 min, 25.194 sec
  ::::::::::::: starting MTD   14 :::::::::::::
  |   MD simulation time   :     5.0 ps       |
  |   target T             :   300.0 K        |
  |   timestep dt          :     5.0 fs       |
  |   dump interval(trj)   :   100.0 fs       |
  |   SHAKE algorithm      : true (all bonds) |
  |   dump interval(Vbias) :    1.00 ps       |
  |   Vbias prefactor (k)  :  0.2250 Eh       |
  |   Vbias exponent (α)   :  0.8000 bohr⁻²   |
*MTD   7 completed successfully ...        1 min, 24.730 sec
*MTD  14 completed successfully ...        1 min, 24.739 sec

 ======================================
 |  Multilevel Ensemble Optimization  |
 ======================================
 Optimizing all 686 structures from file "crest_dynamics.trj" ...
 ----------------------
 crude pre-optimization
 ----------------------
 Optimization engine: ANCOPT
 Hessian update type: BFGS
 E/G convergence criteria:  0.500E-03 Eh, 0.100E-01 Eh/a0
 maximum optimization steps: 200
 |>0.1% |>10.1% |>20.1% |>30.0% |>40.1% |>50.0% |>60.1% |>70.1% |>80.0% |>90.1% |>100.0%
 done.
> 686 of 686 structures successfully optimized (100.0% success)
> Total runtime for 686 optimizations:
 * wall-time:     0 d,  0 h,  7 min, 44.992 sec
 *  cpu-time:     0 d,  0 h, 15 min, 28.761 sec
 * ratio c/w:     1.997 speedup
> Corresponding to approximately 0.678 sec per processed structure

CREGEN> running RMSDs ... done.
CREGEN> E lowest :   -61.06902
 464 structures remain within    10.00 kcal/mol window
 ----------------------------------
 optimization with tight thresholds
 ----------------------------------
 Optimization engine: ANCOPT
 Hessian update type: BFGS
 E/G convergence criteria:  0.100E-05 Eh, 0.800E-03 Eh/a0
 maximum optimization steps: 200
 |>0.2% |>10.1% |>20.0% |>30.2% |>40.1% |>50.0% |>60.1% |>70.0% |>80.2% |>90.1% |>100.0%
 done.
> 464 of 464 structures successfully optimized (100.0% success)
> Total runtime for 464 optimizations:
 * wall-time:     0 d,  0 h, 11 min, 17.022 sec
 *  cpu-time:     0 d,  0 h, 22 min, 31.476 sec
 * ratio c/w:     1.996 speedup
> Corresponding to approximately 1.459 sec per processed structure

CREGEN> running RMSDs ... done.
CREGEN> E lowest :   -61.06955
 65 structures remain within     5.00 kcal/mol window

 ------------------------------
 Meta-Dynamics Iteration 2
 ------------------------------
 list of applied metadynamics Vbias parameters:
$metadyn    0.13500   1.300
$metadyn    0.06750   1.300
$metadyn    0.03375   1.300
$metadyn    0.13500   0.780
$metadyn    0.06750   0.780
$metadyn    0.03375   0.780
$metadyn    0.13500   0.468
$metadyn    0.06750   0.468
$metadyn    0.03375   0.468
$metadyn    0.13500   0.281
$metadyn    0.06750   0.281
$metadyn    0.03375   0.281
$metadyn    0.04500   0.100
$metadyn    0.22500   0.800

  ::::::::::::: starting MTD    1 :::::::::::::
  |   MD simulation time   :     5.0 ps       |
  |   target T             :   300.0 K        |
  |   timestep dt          :     5.0 fs       |
  |   dump interval(trj)   :   100.0 fs       |
  |   SHAKE algorithm      : true (all bonds) |
  |   dump interval(Vbias) :    1.00 ps       |
  |   Vbias prefactor (k)  :  0.1350 Eh       |
  |   Vbias exponent (α)   :  1.3000 bohr⁻²   |
  ::::::::::::: starting MTD    8 :::::::::::::
  |   MD simulation time   :     5.0 ps       |
  |   target T             :   300.0 K        |
  |   timestep dt          :     5.0 fs       |
  |   dump interval(trj)   :   100.0 fs       |
  |   SHAKE algorithm      : true (all bonds) |
  |   dump interval(Vbias) :    1.00 ps       |
  |   Vbias prefactor (k)  :  0.0675 Eh       |
  |   Vbias exponent (α)   :  0.4680 bohr⁻²   |
*MTD   1 completed successfully ...        1 min, 24.426 sec
  ::::::::::::: starting MTD    2 :::::::::::::
  |   MD simulation time   :     5.0 ps       |
  |   target T             :   300.0 K        |
  |   timestep dt          :     5.0 fs       |
  |   dump interval(trj)   :   100.0 fs       |
  |   SHAKE algorithm      : true (all bonds) |
  |   dump interval(Vbias) :    1.00 ps       |
  |   Vbias prefactor (k)  :  0.0675 Eh       |
  |   Vbias exponent (α)   :  1.3000 bohr⁻²   |
*MTD   8 completed successfully ...        1 min, 24.861 sec
  ::::::::::::: starting MTD    9 :::::::::::::
  |   MD simulation time   :     5.0 ps       |
  |   target T             :   300.0 K        |
  |   timestep dt          :     5.0 fs       |
  |   dump interval(trj)   :   100.0 fs       |
  |   SHAKE algorithm      : true (all bonds) |
  |   dump interval(Vbias) :    1.00 ps       |
  |   Vbias prefactor (k)  :  0.0338 Eh       |
  |   Vbias exponent (α)   :  0.4680 bohr⁻²   |
*MTD   2 completed successfully ...        1 min, 24.266 sec
  ::::::::::::: starting MTD    3 :::::::::::::
  |   MD simulation time   :     5.0 ps       |
  |   target T             :   300.0 K        |
  |   timestep dt          :     5.0 fs       |
  |   dump interval(trj)   :   100.0 fs       |
  |   SHAKE algorithm      : true (all bonds) |
  |   dump interval(Vbias) :    1.00 ps       |
  |   Vbias prefactor (k)  :  0.0338 Eh       |
  |   Vbias exponent (α)   :  1.3000 bohr⁻²   |
*MTD   9 completed successfully ...        1 min, 25.302 sec
  ::::::::::::: starting MTD   10 :::::::::::::
  |   MD simulation time   :     5.0 ps       |
  |   target T             :   300.0 K        |
  |   timestep dt          :     5.0 fs       |
  |   dump interval(trj)   :   100.0 fs       |
  |   SHAKE algorithm      : true (all bonds) |
  |   dump interval(Vbias) :    1.00 ps       |
  |   Vbias prefactor (k)  :  0.1350 Eh       |
  |   Vbias exponent (α)   :  0.2808 bohr⁻²   |
*MTD   3 completed successfully ...        1 min, 24.483 sec
  ::::::::::::: starting MTD    4 :::::::::::::
  |   MD simulation time   :     5.0 ps       |
  |   target T             :   300.0 K        |
  |   timestep dt          :     5.0 fs       |
  |   dump interval(trj)   :   100.0 fs       |
  |   SHAKE algorithm      : true (all bonds) |
  |   dump interval(Vbias) :    1.00 ps       |
  |   Vbias prefactor (k)  :  0.1350 Eh       |
  |   Vbias exponent (α)   :  0.7800 bohr⁻²   |
*MTD  10 completed successfully ...        1 min, 25.345 sec
  ::::::::::::: starting MTD   11 :::::::::::::
  |   MD simulation time   :     5.0 ps       |
  |   target T             :   300.0 K        |
  |   timestep dt          :     5.0 fs       |
  |   dump interval(trj)   :   100.0 fs       |
  |   SHAKE algorithm      : true (all bonds) |
  |   dump interval(Vbias) :    1.00 ps       |
  |   Vbias prefactor (k)  :  0.0675 Eh       |
  |   Vbias exponent (α)   :  0.2808 bohr⁻²   |
*MTD   4 completed successfully ...        1 min, 25.040 sec
  ::::::::::::: starting MTD    5 :::::::::::::
  |   MD simulation time   :     5.0 ps       |
  |   target T             :   300.0 K        |
  |   timestep dt          :     5.0 fs       |
  |   dump interval(trj)   :   100.0 fs       |
  |   SHAKE algorithm      : true (all bonds) |
  |   dump interval(Vbias) :    1.00 ps       |
  |   Vbias prefactor (k)  :  0.0675 Eh       |
  |   Vbias exponent (α)   :  0.7800 bohr⁻²   |
*MTD  11 completed successfully ...        1 min, 25.014 sec
  ::::::::::::: starting MTD   12 :::::::::::::
  |   MD simulation time   :     5.0 ps       |
  |   target T             :   300.0 K        |
  |   timestep dt          :     5.0 fs       |
  |   dump interval(trj)   :   100.0 fs       |
  |   SHAKE algorithm      : true (all bonds) |
  |   dump interval(Vbias) :    1.00 ps       |
  |   Vbias prefactor (k)  :  0.0338 Eh       |
  |   Vbias exponent (α)   :  0.2808 bohr⁻²   |
*MTD   5 completed successfully ...        1 min, 25.364 sec
  ::::::::::::: starting MTD    6 :::::::::::::
  |   MD simulation time   :     5.0 ps       |
  |   target T             :   300.0 K        |
  |   timestep dt          :     5.0 fs       |
  |   dump interval(trj)   :   100.0 fs       |
  |   SHAKE algorithm      : true (all bonds) |
  |   dump interval(Vbias) :    1.00 ps       |
  |   Vbias prefactor (k)  :  0.0338 Eh       |
  |   Vbias exponent (α)   :  0.7800 bohr⁻²   |
*MTD  12 completed successfully ...        1 min, 25.217 sec
  ::::::::::::: starting MTD   13 :::::::::::::
  |   MD simulation time   :     5.0 ps       |
  |   target T             :   300.0 K        |
  |   timestep dt          :     5.0 fs       |
  |   dump interval(trj)   :   100.0 fs       |
  |   SHAKE algorithm      : true (all bonds) |
  |   dump interval(Vbias) :    1.00 ps       |
  |   Vbias prefactor (k)  :  0.0450 Eh       |
  |   Vbias exponent (α)   :  0.1000 bohr⁻²   |
*MTD   6 completed successfully ...        1 min, 25.150 sec
  ::::::::::::: starting MTD    7 :::::::::::::
  |   MD simulation time   :     5.0 ps       |
  |   target T             :   300.0 K        |
  |   timestep dt          :     5.0 fs       |
  |   dump interval(trj)   :   100.0 fs       |
  |   SHAKE algorithm      : true (all bonds) |
  |   dump interval(Vbias) :    1.00 ps       |
  |   Vbias prefactor (k)  :  0.1350 Eh       |
  |   Vbias exponent (α)   :  0.4680 bohr⁻²   |
*MTD  13 completed successfully ...        1 min, 25.560 sec
  ::::::::::::: starting MTD   14 :::::::::::::
  |   MD simulation time   :     5.0 ps       |
  |   target T             :   300.0 K        |
  |   timestep dt          :     5.0 fs       |
  |   dump interval(trj)   :   100.0 fs       |
  |   SHAKE algorithm      : true (all bonds) |
  |   dump interval(Vbias) :    1.00 ps       |
  |   Vbias prefactor (k)  :  0.2250 Eh       |
  |   Vbias exponent (α)   :  0.8000 bohr⁻²   |
*MTD   7 completed successfully ...        1 min, 24.996 sec
*MTD  14 completed successfully ...        1 min, 25.527 sec

 ======================================
 |  Multilevel Ensemble Optimization  |
 ======================================
 Optimizing all 686 structures from file "crest_dynamics.trj" ...
 ----------------------
 crude pre-optimization
 ----------------------
 Optimization engine: ANCOPT
 Hessian update type: BFGS
 E/G convergence criteria:  0.500E-03 Eh, 0.100E-01 Eh/a0
 maximum optimization steps: 200
 |>0.1% |>10.1% |>20.1% |>30.0% |>40.1% |>50.0% |>60.1% |>70.1% |>80.0% |>90.1% |>100.0%
 done.
> 686 of 686 structures successfully optimized (100.0% success)
> Total runtime for 686 optimizations:
 * wall-time:     0 d,  0 h,  7 min, 29.358 sec
 *  cpu-time:     0 d,  0 h, 14 min, 57.660 sec
 * ratio c/w:     1.998 speedup
> Corresponding to approximately 0.655 sec per processed structure

CREGEN> running RMSDs ... done.
CREGEN> E lowest :   -61.06937
 484 structures remain within    10.00 kcal/mol window
 ----------------------------------
 optimization with tight thresholds
 ----------------------------------
 Optimization engine: ANCOPT
 Hessian update type: BFGS
 E/G convergence criteria:  0.100E-05 Eh, 0.800E-03 Eh/a0
 maximum optimization steps: 200
 |>0.2% |>10.1% |>20.0% |>30.2% |>40.1% |>50.0% |>60.1% |>70.0% |>80.2% |>90.1% |>100.0%
 done.
> 484 of 484 structures successfully optimized (100.0% success)
> Total runtime for 484 optimizations:
 * wall-time:     0 d,  0 h, 11 min, 55.809 sec
 *  cpu-time:     0 d,  0 h, 23 min, 48.832 sec
 * ratio c/w:     1.996 speedup
> Corresponding to approximately 1.479 sec per processed structure

CREGEN> running RMSDs ... done.
CREGEN> E lowest :   -61.06955
 61 structures remain within     5.00 kcal/mol window

========================================
           MTD Simulations done         
========================================
 Collecting ensmbles.
CREGEN> running RMSDs ... done.
CREGEN> E lowest :   -61.06955
 75 structures remain within     5.00 kcal/mol window


 ===============================================
 Additional regular MDs on lowest 4 conformer(s)
 ===============================================
  :::::::::::::: starting MD   1 ::::::::::::::
  |   MD simulation time   :     2.5 ps       |
  |   target T             :   400.0 K        |
  |   timestep dt          :     5.0 fs       |
  |   dump interval(trj)   :   100.0 fs       |
  |   SHAKE algorithm      : true (all bonds) |
  :::::::::::::: starting MD   8 ::::::::::::::
  |   MD simulation time   :     2.5 ps       |
  |   target T             :   500.0 K        |
  |   timestep dt          :     5.0 fs       |
  |   dump interval(trj)   :   100.0 fs       |
  |   SHAKE algorithm      : true (all bonds) |
*MD   1 completed successfully ...        0 min, 43.752 sec
  :::::::::::::: starting MD   2 ::::::::::::::
  |   MD simulation time   :     2.5 ps       |
  |   target T             :   400.0 K        |
  |   timestep dt          :     5.0 fs       |
  |   dump interval(trj)   :   100.0 fs       |
  |   SHAKE algorithm      : true (all bonds) |
*MD   8 completed successfully ...        0 min, 44.031 sec
  :::::::::::::: starting MD   7 ::::::::::::::
  |   MD simulation time   :     2.5 ps       |
  |   target T             :   500.0 K        |
  |   timestep dt          :     5.0 fs       |
  |   dump interval(trj)   :   100.0 fs       |
  |   SHAKE algorithm      : true (all bonds) |
*MD   2 completed successfully ...        0 min, 43.644 sec
  :::::::::::::: starting MD   3 ::::::::::::::
  |   MD simulation time   :     2.5 ps       |
  |   target T             :   400.0 K        |
  |   timestep dt          :     5.0 fs       |
  |   dump interval(trj)   :   100.0 fs       |
  |   SHAKE algorithm      : true (all bonds) |
*MD   7 completed successfully ...        0 min, 43.921 sec
  :::::::::::::: starting MD   6 ::::::::::::::
  |   MD simulation time   :     2.5 ps       |
  |   target T             :   500.0 K        |
  |   timestep dt          :     5.0 fs       |
  |   dump interval(trj)   :   100.0 fs       |
  |   SHAKE algorithm      : true (all bonds) |
*MD   3 completed successfully ...        0 min, 43.787 sec
  :::::::::::::: starting MD   4 ::::::::::::::
  |   MD simulation time   :     2.5 ps       |
  |   target T             :   400.0 K        |
  |   timestep dt          :     5.0 fs       |
  |   dump interval(trj)   :   100.0 fs       |
  |   SHAKE algorithm      : true (all bonds) |
*MD   6 completed successfully ...        0 min, 44.102 sec
  :::::::::::::: starting MD   5 ::::::::::::::
  |   MD simulation time   :     2.5 ps       |
  |   target T             :   500.0 K        |
  |   timestep dt          :     5.0 fs       |
  |   dump interval(trj)   :   100.0 fs       |
  |   SHAKE algorithm      : true (all bonds) |
*MD   4 completed successfully ...        0 min, 43.953 sec
*MD   5 completed successfully ...        0 min, 43.651 sec
 Appending file crest_rotamers_1.xyz with new structures
 Optimizing all 267 structures from file "crest_rotamers_1.xyz" ...
 ----------------------------------
 optimization with tight thresholds
 ----------------------------------
 Optimization engine: ANCOPT
 Hessian update type: BFGS
 E/G convergence criteria:  0.100E-05 Eh, 0.800E-03 Eh/a0
 maximum optimization steps: 200
 |>0.4% |>10.1% |>20.2% |>30.3% |>40.1% |>50.2% |>60.3% |>70.0% |>80.1% |>90.3% |>100.0%
 done.
> 267 of 267 structures successfully optimized (100.0% success)
> Total runtime for 267 optimizations:
 * wall-time:     0 d,  0 h,  5 min, 11.675 sec
 *  cpu-time:     0 d,  0 h, 10 min, 21.540 sec
 * ratio c/w:     1.994 speedup
> Corresponding to approximately 1.167 sec per processed structure

CREGEN> running RMSDs ... done.
CREGEN> E lowest :   -61.06955
 75 structures remain within     5.00 kcal/mol window

     ========================================
     |        Structure Crossing (GC)       |
     ========================================

 =============================
  # threads =           2
 =============================
input  file name : crest_rotamers_2.xyz
number of atoms                :      45
number of points on xyz files  :      75
conformer energy window  /kcal :    5.00
CN per atom difference cut-off :  0.3000
RMSD threshold (Ang, Bohr)     :  0.2500  0.4724
max. # of generated structures :      250
 # in E window          75
  10.3 % done
  35.6 % done
  60.2 % done
  87.0 % done
 finished.
 average rmsd w.r.t input     :     1.15343
 number of clash discarded    :        1829
 removed identical structures :         815

 131 structures written to confcross.xyz


 ======================================
 |  Multilevel Ensemble Optimization  |
 ======================================
 Optimizing all 131 structures from file "confcross.xyz" ...
 ----------------------
 crude pre-optimization
 ----------------------
 Optimization engine: ANCOPT
 Hessian update type: BFGS
 E/G convergence criteria:  0.500E-03 Eh, 0.100E-01 Eh/a0
 maximum optimization steps: 200
 |>0.8% |>10.7% |>20.6% |>30.5% |>40.5% |>50.4% |>60.3% |>70.2% |>80.2% |>90.1% |>100.0%
 done.
> 131 of 131 structures successfully optimized (100.0% success)
> Total runtime for 131 optimizations:
 * wall-time:     0 d,  0 h,  0 min, 30.671 sec
 *  cpu-time:     0 d,  0 h,  1 min,  1.111 sec
 * ratio c/w:     1.992 speedup
> Corresponding to approximately 0.234 sec per processed structure

CREGEN> running RMSDs ... done.
CREGEN> E lowest :   -61.06954
 7 structures remain within    10.00 kcal/mol window
 ----------------------------------
 optimization with tight thresholds
 ----------------------------------
 Optimization engine: ANCOPT
 Hessian update type: BFGS
 E/G convergence criteria:  0.100E-05 Eh, 0.800E-03 Eh/a0
 maximum optimization steps: 200
 |>14.3% |>28.6% |>42.9% |>57.1% |>71.4% |>85.7% |>100.0%
 done.
> 7 of 7 structures successfully optimized (100.0% success)
> Total runtime for 7 optimizations:
 * wall-time:     0 d,  0 h,  0 min,  2.266 sec
 *  cpu-time:     0 d,  0 h,  0 min,  4.281 sec
 * ratio c/w:     1.889 speedup
> Corresponding to approximately 0.324 sec per processed structure

CREGEN> running RMSDs ... done.
CREGEN> E lowest :   -61.06955
 7 structures remain within     5.00 kcal/mol window
appending new structures to crest_rotamers_2.xyz
CREGEN> running RMSDs ... done.
CREGEN> E lowest :   -61.06955


   ================================================
   |           Final Geometry Optimization        |
   ================================================
 Optimizing all 75 structures from file "crest_rotamers_3.xyz" ...
 ---------------------------------------
 optimization with very tight thresholds
 ---------------------------------------
 Optimization engine: ANCOPT
 Hessian update type: BFGS
 E/G convergence criteria:  0.100E-06 Eh, 0.200E-03 Eh/a0
 maximum optimization steps: 200
 |>1.3% |>10.7% |>20.0% |>30.7% |>40.0% |>50.7% |>60.0% |>70.7% |>80.0% |>90.7% |>100.0%
 done.
> 75 of 75 structures successfully optimized (100.0% success)
> Total runtime for 75 optimizations:
 * wall-time:     0 d,  0 h,  0 min, 34.270 sec
 *  cpu-time:     0 d,  0 h,  1 min,  8.152 sec
 * ratio c/w:     1.989 speedup
> Corresponding to approximately 0.457 sec per processed structure

CREGEN> running RMSDs ... done.
CREGEN> E lowest :   -61.06955
 75 structures remain within     5.00 kcal/mol window


 --------------------------
 Final Ensemble Information
 --------------------------
 input  file name : crest_rotamers_3.xyz
 output file name : crest_rotamers_4.xyz
 number of atoms                :   45
 number of points on xyz files  :   75
 RMSD threshold                 :   0.1250
 Bconst threshold               :   0.0100
 population threshold           :   0.0500
 # fragment in coord            :     1
 # bonds in reference structure :    48
 number of reliable points      :    75
 sorting energy window (EWIN)   :    5.0000 / kcal*mol⁻¹
 reference state Etot           :  -61.069548930000003
 number of doubles removed by rot/RMSD         :           0
 total number unique points considered further :          75
       Erel/kcal        Etot weight/tot  conformer     set   degen     origin
       1   0.000   -61.06955    0.02759    0.24814       1       9
       2   0.000   -61.06955    0.02758
       3   0.000   -61.06955    0.02758
       4   0.000   -61.06955    0.02758
       5   0.000   -61.06955    0.02758
       6   0.000   -61.06955    0.02757
       7   0.001   -61.06955    0.02756
       8   0.001   -61.06955    0.02756
       9   0.001   -61.06955    0.02754
      10   0.122   -61.06935    0.02246    0.20194       2       9
      11   0.122   -61.06935    0.02245
      12   0.122   -61.06935    0.02245
      13   0.122   -61.06935    0.02244
      14   0.123   -61.06935    0.02244
      15   0.123   -61.06935    0.02243
      16   0.123   -61.06935    0.02243
      17   0.123   -61.06935    0.02243
      18   0.123   -61.06935    0.02242
      19   0.222   -61.06920    0.01898    0.17064       3       9
      20   0.222   -61.06920    0.01897
      21   0.222   -61.06919    0.01896
      22   0.222   -61.06919    0.01896
      23   0.222   -61.06919    0.01896
      24   0.222   -61.06919    0.01896
      25   0.223   -61.06919    0.01895
      26   0.223   -61.06919    0.01895
      27   0.223   -61.06919    0.01894
      28   0.284   -61.06910    0.01708    0.15365       4       9
      29   0.284   -61.06910    0.01708
      30   0.284   -61.06910    0.01708
      31   0.284   -61.06910    0.01708
      32   0.285   -61.06910    0.01707
      33   0.285   -61.06910    0.01707
      34   0.285   -61.06909    0.01706
      35   0.285   -61.06909    0.01706
      36   0.285   -61.06909    0.01705
      37   0.347   -61.06900    0.01537    0.13819       5       9
      38   0.347   -61.06900    0.01537
      39   0.347   -61.06900    0.01536
      40   0.347   -61.06900    0.01536
      41   0.347   -61.06900    0.01535
      42   0.347   -61.06900    0.01535
      43   0.348   -61.06900    0.01535
      44   0.348   -61.06899    0.01535
      45   0.349   -61.06899    0.01533
      46   0.555   -61.06866    0.01082    0.08652       6       8
      47   0.555   -61.06866    0.01082
      48   0.555   -61.06866    0.01082
      49   0.555   -61.06866    0.01082
      50   0.555   -61.06866    0.01082
      51   0.555   -61.06866    0.01082
      52   0.556   -61.06866    0.01080
      53   0.556   -61.06866    0.01080
      54   3.715   -61.06363    0.00005    0.00047       7       9
      55   3.715   -61.06363    0.00005
      56   3.715   -61.06363    0.00005
      57   3.715   -61.06363    0.00005
      58   3.715   -61.06363    0.00005
      59   3.715   -61.06363    0.00005
      60   3.715   -61.06363    0.00005
      61   3.715   -61.06363    0.00005
      62   3.716   -61.06363    0.00005
      63   3.861   -61.06340    0.00004    0.00029       8       7
      64   3.861   -61.06340    0.00004
      65   3.861   -61.06340    0.00004
      66   3.861   -61.06340    0.00004
      67   3.862   -61.06340    0.00004
      68   3.862   -61.06340    0.00004
      69   3.862   -61.06339    0.00004
      70   4.103   -61.06301    0.00003    0.00016       9       6
      71   4.103   -61.06301    0.00003
      72   4.104   -61.06301    0.00003
      73   4.104   -61.06301    0.00003
      74   4.104   -61.06301    0.00003
      75   4.104   -61.06301    0.00003
T /K                                  :   298.15
E lowest                              :   -61.06955
ensemble average energy (kcal)        :    0.206
ensemble entropy (J/mol K, cal/mol K) :   32.742    7.826
ensemble free energy (kcal/mol)       :   -2.333
population of lowest in %             :   24.814
 number of unique conformers for further calc            9
 list of relative energies saved as "crest.energies"

 -----------------
 Wall Time Summary
 -----------------
 CREST runtime (total)               0 d,  1 h,  7 min, 55.849 sec
 ------------------------------------------------------------------
 Trial metadynamics (MTD)   ...        0 min, 15.276 sec (  0.375%)
 Metadynamics (MTD)         ...       19 min, 53.040 sec ( 29.271%)
 Geometry optimization      ...       44 min, 18.037 sec ( 65.214%)
 Molecular dynamics (MD)    ...        2 min, 55.723 sec (  4.311%)
 Genetic crossing (GC)      ...        0 min, 33.271 sec (  0.816%)
 I/O and setup              ...        0 min,  0.501 sec (  0.012%)
 ------------------------------------------------------------------
 * wall-time:     0 d,  1 h,  7 min, 55.849 sec
 *  cpu-time:     0 d,  2 h, 15 min, 12.728 sec
 * ratio c/w:     1.990 speedup
 ------------------------------------------------------------------
 * Total number of energy+grad calls: 104692

 CREST terminated normally.
