  53
 Etot=         -68.4451345022
 C         -5.4480440259       -2.2051736847        0.6378250969
 C         -5.3650176124       -0.8472839008       -0.0482689800
 C         -4.6005048317        0.1632919896        0.8035878423
 C         -4.5070365107        1.5488616271        0.1657071988
 C         -3.5784871675        1.6008593678       -1.0564247559
 C         -2.1654900416        1.2496508683       -0.6891459545
 C         -1.3606835908        2.1821192246       -0.0468588728
 C         -0.0616350249        1.8661508137        0.3180444682
 O          0.7251166847        2.7740955593        0.9686729780
 C          0.4738945159        0.6059227842        0.0410531211
 C         -0.3597338348       -0.3457973129       -0.5438224512
 C         -1.6601600418       -0.0154510989       -0.9210141066
 O          0.0203452615       -1.6302207665       -0.7782309163
 C          1.1846993838       -2.1055287645       -0.0931221175
 C          0.8228200990       -2.3575742173        1.3742554728
 C          1.5383455561       -3.4233430875       -0.7837283788
 C          2.2995031688       -1.0634496546       -0.2783150250
 C          3.6902628535       -1.4974441808        0.1967730096
 C          4.5466446137       -0.3053221529        0.6735112050
 C          4.1884833935        0.9755829171       -0.0279202422
 C          5.3037460119        1.8368191244       -0.5273425586
 C          2.9013081307        1.2752737505       -0.1401061990
 C          1.9027403245        0.2742831750        0.3700911515
 H         -5.9971294407       -2.9144616156        0.0224572844
 H         -4.4502551806       -2.6019688293        0.8125960206
 H         -5.9543372615       -2.1195313173        1.5972054771
 H         -4.8697363009       -0.9680661677       -1.0125632152
 H         -6.3738910872       -0.4716435300       -0.2371638513
 H         -3.5922618053       -0.2113028776        0.9922801050
 H         -5.1056494714        0.2571238174        1.7685171674
 H         -4.1344789545        2.2530221741        0.9133412430
 H         -5.5052652673        1.8775410559       -0.1336651810
 H         -3.9417516852        0.9166303690       -1.8229848125
 H         -3.6068510940        2.6128723213       -1.4678204113
 H         -1.7478585401        3.1697577832        0.1699523607
 H          0.2259567732        3.5894285035        1.0961704506
 H         -2.2595283909       -0.7777509941       -1.3926822756
 H          1.6952850541       -2.6652395667        1.9429293966
 H          0.4045676455       -1.4603049331        1.8234943576
 H          0.0747235632       -3.1452449193        1.4294843872
 H          1.8367280193       -3.2375810565       -1.8121214821
 H          0.6649666441       -4.0702136691       -0.7921956660
 H          2.3473136296       -3.9239278496       -0.2612247065
 H          2.3477657133       -0.8758706360       -1.3589554095
 H          4.2031010266       -2.0010934590       -0.6236600089
 H          3.6080229511       -2.2120346710        1.0168892662
 H          4.3773312657       -0.1612847589        1.7457025188
 H          5.6040378616       -0.5366916873        0.5393754462
 H          5.8884522114        1.3016605567       -1.2759772131
 H          5.9741630188        2.1012831566        0.2904317521
 H          4.9175369678        2.7500021842       -0.9724701830
 H          2.5513718175        2.1696549786       -0.6267230200
 H          2.0154849255        0.1994418715        1.4608244307
  53
 Etot=         -68.4451345477
 C         -5.4480544808       -2.2051920263        0.6378465555
 C         -5.3648880303       -0.8473531870       -0.0482837730
 C         -4.6006258525        0.1632850795        0.8036593173
 C         -4.5069979314        1.5488809861        0.1657887862
 C         -3.5785789124        1.6008064096       -1.0563855597
 C         -2.1654880104        1.2496795407       -0.6891860154
 C         -1.3607033211        2.1821787562       -0.0468758463
 C         -0.0616708746        1.8660537590        0.3181410604
 O          0.7250444808        2.7739114568        0.9688683500
 C          0.4739662474        0.6059374502        0.0410882634
 C         -0.3596267145       -0.3457773925       -0.5439186629
 C         -1.6600756920       -0.0153687776       -0.9211328025
 O          0.0203134374       -1.6301928104       -0.7783165766
 C          1.1846211528       -2.1054101413       -0.0931701403
 C          0.8228076897       -2.3575494543        1.3742152171
 C          1.5383587020       -3.4232946249       -0.7836322495
 C          2.2995301046       -1.0634051012       -0.2783457460
 C          3.6903807493       -1.4975271921        0.1966666326
 C          4.5466241926       -0.3053912704        0.6734957929
 C          4.1885215983        0.9755167395       -0.0278803534
 C          5.3038125557        1.8366987241       -0.5273451901
 C          2.9013534365        1.2752954978       -0.1399059938
 C          1.9028405469        0.2743590625        0.3701330909
 H         -5.9970896130       -2.9143911632        0.0223094254
 H         -4.4501547858       -2.6016631699        0.8125569440
 H         -5.9544327100       -2.1193288882        1.5971887655
 H         -4.8695346877       -0.9682761924       -1.0125481829
 H         -6.3738095753       -0.4719378672       -0.2370515314
 H         -3.5924541581       -0.2113921689        0.9923457115
 H         -5.1057846201        0.2572200874        1.7686129547
 H         -4.1345114563        2.2532020174        0.9133766912
 H         -5.5052307510        1.8774055617       -0.1336667470
 H         -3.9418291071        0.9167939626       -1.8231296622
 H         -3.6068640289        2.6129155656       -1.4675060442
 H         -1.7478354022        3.1698802604        0.1699281626
 H          0.2260370428        3.5894588854        1.0956198366
 H         -2.2594104310       -0.7777697719       -1.3926394827
 H          1.6954883532       -2.6646789298        1.9428452142
 H          0.4039529439       -1.4605043479        1.8233409594
 H          0.0752147048       -3.1456914776        1.4292403358
 H          1.8366985469       -3.2377356483       -1.8120632319
 H          0.6650058261       -4.0701967523       -0.7918693489
 H          2.3472872172       -3.9236932385       -0.2609231004
 H          2.3473688433       -0.8758270861       -1.3589010245
 H          4.2031226898       -2.0007875877       -0.6240969316
 H          3.6079188255       -2.2123106378        1.0166172773
 H          4.3771300181       -0.1613542379        1.7456070849
 H          5.6040507003       -0.5365792238        0.5394208255
 H          5.8888680634        1.3012998286       -1.2755877454
 H          5.9738413734        2.1017362684        0.2906364460
 H          4.9173606231        2.7496353352       -0.9727936866
 H          2.5513659036        2.1696720744       -0.6265266506
 H          2.0156965018        0.1992856728        1.4607977926
