  43
 Etot=         -89.9437119964
 C          3.8751749315       -2.2338487066        1.1263542688
 C          3.3706380746       -1.7001536099       -0.2156019020
 C          3.9705255235       -0.3085285639       -0.5128821642
 S          3.2411434333        1.1004409190        0.3835344325
 O          2.9993396498        0.6981080946        1.7564073307
 O          4.1011996948        2.2281014526        0.1829426944
 C          1.6255526114        1.4841816053       -0.3303373264
 C          0.7359462135        2.1297095900        0.5119495395
 C         -0.5240829656        2.4728806535        0.0572095244
 C         -0.8652179198        2.1462367392       -1.2455377829
 C          0.0204378361        1.5116780168       -2.1014847366
 C          1.2846657403        1.1890769267       -1.6373059432
 F         -2.0883699949        2.4562936793       -1.6916344967
 C          1.8302595494       -1.6065998990       -0.2834176822
 O          1.2678964070       -1.9490684750       -1.3048172767
 N          1.2282731635       -1.1502328835        0.8375690510
 C         -0.1165163810       -0.8482353005        1.0203342396
 C         -1.0868889236       -1.0777314838        0.0459851214
 C         -2.3994903455       -0.7177145875        0.2898894974
 C         -2.7724792523       -0.1445418291        1.5107772068
 C         -1.7946683886        0.0704177914        2.4844635478
 C         -0.4843015075       -0.2730313821        2.2390477934
 C         -4.1138979778        0.2141296601        1.7865010569
 N         -5.1874122634        0.5123565924        2.0501009028
 C         -3.4542722941       -0.9522188204       -0.7605944320
 F         -4.1662277476        0.1512403959       -1.0250581654
 F         -4.3325243411       -1.8977897844       -0.3851954766
 F         -2.9360405139       -1.3572613849       -1.9273174082
 O          3.7778863540       -2.5727634576       -1.2382219694
 H          3.8442975278       -1.4666048992        1.8936493383
 H          4.9047182047       -2.5563986691        0.9912229062
 H          3.2879743610       -3.0953947866        1.4348353665
 H          5.0240146727       -0.2928435008       -0.2368117210
 H          3.8948390171       -0.0775329887       -1.5726979721
 H          1.0471490096        2.3556619209        1.5193139010
 H         -1.2357002494        2.9803155204        0.6884662786
 H         -0.2829604759        1.2787559366       -3.1093486141
 H          1.9823642030        0.7065993951       -2.3016593542
 H          1.8436666765       -0.7848934176        1.5652354627
 H         -0.8132172105       -1.5268442389       -0.8946562714
 H         -2.0801190890        0.5095944231        3.4279614999
 H          0.2729589322       -0.0950973239        2.9875780429
 H          3.0193177253       -2.7005747666       -1.8354077097
  43
 Etot=         -89.9437121278
 C          3.8748665978       -2.2339554868        1.1265075982
 C          3.3704978408       -1.7000625267       -0.2155181153
 C          3.9704410554       -0.3087056716       -0.5131651703
 S          3.2410890093        1.1005114776        0.3835493181
 O          2.9991392023        0.6983593472        1.7563799840
 O          4.1009618054        2.2282958762        0.1828993855
 C          1.6256249446        1.4842651408       -0.3304062477
 C          0.7361749840        2.1301589268        0.5118778017
 C         -0.5239598008        2.4731273167        0.0572531451
 C         -0.8648807848        2.1469107104       -1.2456661034
 C          0.0205513832        1.5119174220       -2.1014936866
 C          1.2846518288        1.1890077554       -1.6372854170
 F         -2.0883660441        2.4561393713       -1.6914852457
 C          1.8303531867       -1.6071900200       -0.2831606020
 O          1.2680533195       -1.9497622819       -1.3046039078
 N          1.2282563358       -1.1506567317        0.8375962403
 C         -0.1164868747       -0.8486095976        1.0203559898
 C         -1.0869710342       -1.0781237996        0.0460373005
 C         -2.3995041067       -0.7178168393        0.2898814355
 C         -2.7724180536       -0.1444704016        1.5106711826
 C         -1.7945848846        0.0703139291        2.4844057736
 C         -0.4842355596       -0.2731596720        2.2389886181
 C         -4.1135977940        0.2151897673        1.7862919229
 N         -5.1875407625        0.5114111639        2.0505830632
 C         -3.4542433043       -0.9521920197       -0.7606550549
 F         -4.1663600120        0.1511481297       -1.0248473949
 F         -4.3323486617       -1.8980230032       -0.3855277325
 F         -2.9359831426       -1.3568887887       -1.9274895698
 O          3.7779680510       -2.5724007021       -1.2382543749
 H          3.8446064572       -1.4662247407        1.8935282065
 H          4.9043880038       -2.5565756720        0.9915075782
 H          3.2877183360       -3.0952455564        1.4352725158
 H          5.0238979610       -0.2935319023       -0.2370842017
 H          3.8946503233       -0.0765883417       -1.5726267074
 H          1.0472147883        2.3556924595        1.5193379488
 H         -1.2357036507        2.9801410586        0.6886524895
 H         -0.2829885161        1.2786623150       -3.1092167120
 H          1.9824882989        0.7068170581       -2.3017280704
 H          1.8434424181       -0.7849479868        1.5648861378
 H         -0.8133513593       -1.5272540430       -0.8945806670
 H         -2.0800098048        0.5097994866        3.4277851442
 H          0.2732020091       -0.0950533600        2.9872727433
 H          3.0191476820       -2.7005550137       -1.8353859437
