    -89.951770996469    -89.951770996469         0.14515E-03
    -89.951770900615    -89.951770900615         0.15576E-03
    -89.951770881070    -89.951770881070         0.41377E-04
    -89.951770948407    -89.951770948407         0.14364E-03
    -89.951770608969    -89.951770608969         0.17453E-03
    -89.951770807263    -89.951770807263         0.77866E-04
    -89.951770945830    -89.951770945830         0.63685E-04
    -89.951771158822    -89.951771158822         0.17765E-03
    -89.951771016881    -89.951771016881         0.71097E-04
    -89.951771007255    -89.951771007255         0.15273E-03
    -89.951769337026    -89.951769337026         0.15091E-03
    -89.951770563264    -89.951770563264         0.66776E-04
    -89.951769780008    -89.951769780008         0.19147E-03
    -89.951765671559    -89.951765671559         0.10563E-03
    -89.951764627931    -89.951764627931         0.11678E-03
    -89.951763701526    -89.951763701526         0.99057E-04
    -89.951763089537    -89.951763089537         0.78337E-04
    -89.951764422143    -89.951764422143         0.18522E-03
    -89.951763840665    -89.951763840665         0.65144E-04
    -89.951764995322    -89.951764995322         0.13905E-03
    -89.951762903139    -89.951762903139         0.15609E-03
    -89.951763243154    -89.951763243154         0.95173E-04
    -89.951758533515    -89.951758533515         0.16149E-03
    -89.951770807231    -89.951770807231         0.64265E-04
    -89.951762946059    -89.951762946059         0.14029E-03
    -89.951765147631    -89.951765147631         0.85254E-04
    -89.951758861183    -89.951758861183         0.12830E-03
    -89.951761848706    -89.951761848706         0.19889E-03
    -89.951764136300    -89.951764136300         0.17887E-03
    -89.951767982069    -89.951767982069         0.54791E-04
    -89.951766152179    -89.951766152179         0.52944E-04
    -89.951762745374    -89.951762745374         0.96555E-04
    -89.951768502391    -89.951768502391         0.19217E-03
    -89.951766199429    -89.951766199429         0.12736E-03
    -89.951307597740    -89.951307597740         0.47805E-04
    -89.951307326021    -89.951307326021         0.17112E-03
    -89.951307382725    -89.951307382725         0.15975E-03
    -89.951306605810    -89.951306605810         0.14423E-03
    -89.951765356990    -89.951765356990         0.12723E-03
    -89.951307296246    -89.951307296246         0.15397E-03
    -89.951307048554    -89.951307048554         0.12168E-03
    -89.951301772052    -89.951301772052         0.14796E-03
    -89.951307375709    -89.951307375709         0.18567E-03
    -89.951304294871    -89.951304294871         0.17108E-03
    -89.951307024533    -89.951307024533         0.16524E-03
    -89.951302806825    -89.951302806825         0.17473E-03
    -89.951307358073    -89.951307358073         0.68955E-04
    -89.951307508490    -89.951307508490         0.14108E-03
    -89.951246327793    -89.951246327793         0.15944E-03
    -89.951143395979    -89.951143395979         0.14948E-03
    -89.951242895074    -89.951242895074         0.33487E-04
    -89.951143108544    -89.951143108544         0.17757E-03
    -89.951142842496    -89.951142842496         0.13680E-03
    -89.951141669298    -89.951141669298         0.80355E-04
    -89.951142156384    -89.951142156384         0.15481E-03
    -89.951141385507    -89.951141385507         0.76508E-04
    -89.951141718841    -89.951141718841         0.82878E-04
    -89.951140549703    -89.951140549703         0.18298E-03
    -89.951142868281    -89.951142868281         0.14905E-03
    -89.951142705878    -89.951142705878         0.15133E-03
    -89.951141640933    -89.951141640933         0.18873E-03
    -89.951768874405    -89.951768874405         0.14185E-03
    -89.951131847877    -89.951131847877         0.14184E-03
    -89.951140032734    -89.951140032734         0.12740E-03
    -89.951767602769    -89.951767602769         0.13561E-03
    -89.951137268942    -89.951137268942         0.99418E-04
    -89.951136401230    -89.951136401230         0.19678E-03
    -89.951126567826    -89.951126567826         0.61080E-04
    -89.951115660470    -89.951115660470         0.15018E-03
    -89.951118156925    -89.951118156925         0.32062E-04
    -89.951099658852    -89.951099658852         0.14002E-03
    -89.951092616043    -89.951092616043         0.91062E-04
    -89.951139584595    -89.951139584595         0.19148E-04
    -89.949080073636    -89.949080073636         0.70181E-04
    -89.949080134528    -89.949080134528         0.11209E-03
    -89.951765320474    -89.951765320474         0.32166E-04
    -89.949080193400    -89.949080193400         0.16744E-03
    -89.949079653227    -89.949079653227         0.12639E-03
    -89.949080194387    -89.949080194387         0.15749E-03
    -89.949080192194    -89.949080192194         0.94855E-04
    -89.949079711064    -89.949079711064         0.10563E-03
    -89.949080037132    -89.949080037132         0.14139E-03
    -89.949080360414    -89.949080360414         0.37969E-04
    -89.949080235217    -89.949080235217         0.11328E-03
    -89.949080034955    -89.949080034955         0.10094E-03
    -89.949072059576    -89.949072059576         0.63588E-04
    -89.949080069143    -89.949080069143         0.17369E-03
    -89.949071879071    -89.949071879071         0.16224E-03
    -89.949072025539    -89.949072025539         0.11921E-03
    -89.949071812657    -89.949071812657         0.10530E-03
    -89.949071603580    -89.949071603580         0.19869E-03
    -89.949071376041    -89.949071376041         0.12212E-03
    -89.949071668887    -89.949071668887         0.14519E-03
    -89.949071893239    -89.949071893239         0.15587E-03
    -89.949071446520    -89.949071446520         0.13834E-03
    -89.949072044610    -89.949072044610         0.18597E-03
    -89.949071886478    -89.949071886478         0.13388E-03
    -89.949072021201    -89.949072021201         0.75472E-04
    -89.949078915508    -89.949078915508         0.19192E-03
    -89.949080181920    -89.949080181920         0.18439E-03
    -89.949080274974    -89.949080274974         0.43765E-04
    -89.949080292012    -89.949080292012         0.73990E-04
    -89.949079817700    -89.949079817700         0.82414E-04
    -89.949080363785    -89.949080363785         0.62388E-04
    -89.947807019647    -89.947807019647         0.10259E-03
    -89.949079975092    -89.949079975092         0.84142E-04
    -89.949080217136    -89.949080217136         0.92646E-04
    -89.949080271285    -89.949080271285         0.15639E-03
    -89.949080193347    -89.949080193347         0.18261E-03
    -89.949080256912    -89.949080256912         0.13113E-03
    -89.949080258558    -89.949080258558         0.10393E-03
    -89.949080024413    -89.949080024413         0.17895E-03
    -89.949079730259    -89.949079730259         0.10982E-03
    -89.949080019196    -89.949080019196         0.16261E-03
    -89.946273108473    -89.946273108473         0.17434E-03
    -89.946272793746    -89.946272793746         0.84105E-04
    -89.946272654400    -89.946272654400         0.58717E-04
    -89.946272836416    -89.946272836416         0.91311E-04
    -89.946272644025    -89.946272644025         0.68551E-04
    -89.946272786934    -89.946272786934         0.18284E-03
    -89.949080278760    -89.949080278760         0.14175E-03
    -89.946272648182    -89.946272648182         0.86108E-04
    -89.946272581010    -89.946272581010         0.19172E-03
    -89.946271988190    -89.946271988190         0.85540E-04
    -89.946271780242    -89.946271780242         0.16015E-03
    -89.946272799327    -89.946272799327         0.10065E-03
    -89.946272386266    -89.946272386266         0.17558E-03
    -89.946272402407    -89.946272402407         0.19090E-03
    -89.946272417075    -89.946272417075         0.10451E-03
    -89.946272965135    -89.946272965135         0.52926E-04
    -89.946272085049    -89.946272085049         0.15654E-03
    -89.946273190910    -89.946273190910         0.34016E-04
    -89.945426640288    -89.945426640288         0.17117E-03
    -89.946271654218    -89.946271654218         0.18515E-03
    -89.945426281623    -89.945426281623         0.18978E-03
    -89.945426228238    -89.945426228238         0.10130E-03
    -89.945426263328    -89.945426263328         0.10873E-03
    -89.945426549788    -89.945426549788         0.16509E-03
    -89.945426509968    -89.945426509968         0.83014E-04
    -89.945425188242    -89.945425188242         0.15377E-03
    -89.945426526008    -89.945426526008         0.63288E-04
    -89.945426416575    -89.945426416575         0.14212E-03
    -89.945285559766    -89.945285559766         0.10402E-03
    -89.945285905750    -89.945285905750         0.92019E-04
    -89.945284933518    -89.945284933518         0.99189E-04
    -89.945285856177    -89.945285856177         0.10711E-03
    -89.945285551853    -89.945285551853         0.93885E-04
    -89.945285202830    -89.945285202830         0.19177E-03
    -89.945285761073    -89.945285761073         0.10043E-03
    -89.945285694229    -89.945285694229         0.11755E-03
    -89.945284822330    -89.945284822330         0.15141E-03
    -89.945053033256    -89.945053033256         0.10230E-03
    -89.945052930118    -89.945052930118         0.10108E-03
    -89.945052929970    -89.945052929970         0.88381E-04
    -89.945052659597    -89.945052659597         0.59584E-04
    -89.945052753907    -89.945052753907         0.18069E-03
    -89.945052977656    -89.945052977656         0.10984E-03
    -89.945052641836    -89.945052641836         0.69778E-04
    -89.945052745346    -89.945052745346         0.14769E-03
    -89.945052420815    -89.945052420815         0.16247E-03
    -89.945052877421    -89.945052877421         0.16641E-03
    -89.945052746656    -89.945052746656         0.11069E-03
    -89.945053000624    -89.945053000624         0.14778E-03
    -89.945052904923    -89.945052904923         0.12282E-03
    -89.944959858710    -89.944959858710         0.50151E-04
    -89.944959882335    -89.944959882335         0.38446E-04
    -89.944959598692    -89.944959598692         0.89272E-04
    -89.944959441986    -89.944959441986         0.65782E-04
    -89.944959381260    -89.944959381260         0.10060E-03
    -89.944959341946    -89.944959341946         0.11972E-03
    -89.944959698443    -89.944959698443         0.15042E-03
    -89.944959504168    -89.944959504168         0.13040E-03
    -89.944693785825    -89.944693785825         0.15071E-03
    -89.944631707733    -89.944631707733         0.91798E-04
    -89.944631841260    -89.944631841260         0.13565E-03
    -89.944631713190    -89.944631713190         0.11826E-03
    -89.944631620221    -89.944631620221         0.78604E-04
    -89.944631671232    -89.944631671232         0.17840E-03
    -89.944631877083    -89.944631877083         0.16043E-03
    -89.944514442506    -89.944514442506         0.66696E-04
    -89.944506764635    -89.944506764635         0.11776E-03
    -89.944512242902    -89.944512242902         0.18237E-03
    -89.944512632635    -89.944512632635         0.84163E-04
    -89.944367131473    -89.944367131473         0.20788E-04
    -89.944507108846    -89.944507108846         0.38120E-04
    -89.944366949789    -89.944366949789         0.19521E-03
    -89.944367166801    -89.944367166801         0.18981E-04
    -89.944366685312    -89.944366685312         0.14705E-03
    -89.944366800189    -89.944366800189         0.12694E-03
    -89.944366782408    -89.944366782408         0.10850E-03
    -89.944366998793    -89.944366998793         0.72346E-04
    -89.944366344777    -89.944366344777         0.10139E-03
    -89.944367065761    -89.944367065761         0.34300E-04
    -89.944366526347    -89.944366526347         0.11122E-03
    -89.944367087659    -89.944367087659         0.82226E-04
    -89.944366564986    -89.944366564986         0.13714E-03
    -89.944365988769    -89.944365988769         0.15541E-03
    -89.944366885381    -89.944366885381         0.18502E-03
    -89.944366992528    -89.944366992528         0.87290E-04
    -89.944126706477    -89.944126706477         0.55479E-04
    -89.944126713694    -89.944126713694         0.34486E-04
    -89.944126730623    -89.944126730623         0.17437E-03
    -89.944126442305    -89.944126442305         0.18177E-03
    -89.944126604743    -89.944126604743         0.18852E-03
    -89.944126399246    -89.944126399246         0.13213E-03
    -89.944126679765    -89.944126679765         0.11094E-03
    -89.944126659447    -89.944126659447         0.12931E-03
    -89.944126539291    -89.944126539291         0.11693E-03
    -89.944125722603    -89.944125722603         0.75637E-04
    -89.944126082502    -89.944126082502         0.15132E-03
    -89.944126139824    -89.944126139824         0.16688E-03
    -89.944126547829    -89.944126547829         0.14122E-03
    -89.944126745912    -89.944126745912         0.50110E-04
    -89.943996230169    -89.943996230169         0.78861E-04
    -89.943995496465    -89.943995496465         0.12768E-03
    -89.943996136229    -89.943996136229         0.74069E-04
    -89.943842718844    -89.943842718844         0.15481E-03
    -89.943840445169    -89.943840445169         0.16101E-03
